Archive member included to satisfy reference by file (symbol)

.\CortexM3\ARM_GCC_541\Debug\AHU_2.a(CyLib.o)
                              .\CortexM3\ARM_GCC_541\Debug\Cm3Start.o (CyHalt)
.\CortexM3\ARM_GCC_541\Debug\AHU_2.a(cyPm.o)
                              .\CortexM3\ARM_GCC_541\Debug\AHU_2.a(CyLib.o) (CyPmReadStatus)
.\CortexM3\ARM_GCC_541\Debug\AHU_2.a(RS485.o)
                              .\CortexM3\ARM_GCC_541\Debug\main.o (RS485_Start)
.\CortexM3\ARM_GCC_541\Debug\AHU_2.a(Temp_CLK.o)
                              .\CortexM3\ARM_GCC_541\Debug\main.o (Temp_CLK_Write)
.\CortexM3\ARM_GCC_541\Debug\AHU_2.a(Temp_CS.o)
                              .\CortexM3\ARM_GCC_541\Debug\main.o (Temp_CS_Write)
.\CortexM3\ARM_GCC_541\Debug\AHU_2.a(RS485_IntClock.o)
                              .\CortexM3\ARM_GCC_541\Debug\AHU_2.a(RS485.o) (RS485_IntClock_Start)
.\CortexM3\ARM_GCC_541\Debug\AHU_2.a(MAX31855_MISO.o)
                              .\CortexM3\ARM_GCC_541\Debug\max31855.o (MAX31855_MISO_Read)
.\CortexM3\ARM_GCC_541\Debug\AHU_2.a(Timer.o)
                              .\CortexM3\ARM_GCC_541\Debug\main.o (Timer_Start)
.\CortexM3\ARM_GCC_541\Debug\AHU_2.a(Timer_Int.o)
                              .\CortexM3\ARM_GCC_541\Debug\main.o (Timer_Int_SetVector)
.\CortexM3\ARM_GCC_541\Debug\AHU_2.a(ADC.o)
                              .\CortexM3\ARM_GCC_541\Debug\main.o (ADC_Start)
.\CortexM3\ARM_GCC_541\Debug\AHU_2.a(ADC_INT.o)
                              .\CortexM3\ARM_GCC_541\Debug\AHU_2.a(ADC.o) (ADC_ISR1)
.\CortexM3\ARM_GCC_541\Debug\AHU_2.a(ADC_AMux.o)
                              .\CortexM3\ARM_GCC_541\Debug\AHU_2.a(ADC.o) (ADC_AMux_Select)
.\CortexM3\ARM_GCC_541\Debug\AHU_2.a(ADC_Ext_CP_Clk.o)
                              .\CortexM3\ARM_GCC_541\Debug\AHU_2.a(ADC.o) (ADC_Ext_CP_Clk_SetModeRegister)
.\CortexM3\ARM_GCC_541\Debug\AHU_2.a(ADC_theACLK.o)
                              .\CortexM3\ARM_GCC_541\Debug\AHU_2.a(ADC.o) (ADC_theACLK_SetModeRegister)
.\CortexM3\ARM_GCC_541\Debug\AHU_2.a(AMux.o)
                              .\CortexM3\ARM_GCC_541\Debug\main.o (AMux_Start)
.\CortexM3\ARM_GCC_541\Debug\AHU_2.a(Wire1.o)
                              .\CortexM3\ARM_GCC_541\Debug\one_wire.o (Wire1_Write)
.\CortexM3\ARM_GCC_541\Debug\AHU_2.a(LED.o)
                              .\CortexM3\ARM_GCC_541\Debug\main.o (LED_Write)
.\CortexM3\ARM_GCC_541\Debug\AHU_2.a(Wemos.o)
                              .\CortexM3\ARM_GCC_541\Debug\main.o (Wemos_Start)
.\CortexM3\ARM_GCC_541\Debug\AHU_2.a(Wemos_IntClock.o)
                              .\CortexM3\ARM_GCC_541\Debug\AHU_2.a(Wemos.o) (Wemos_IntClock_Start)
.\CortexM3\ARM_GCC_541\Debug\AHU_2.a(Wemos_Rx_Int.o)
                              .\CortexM3\ARM_GCC_541\Debug\main.o (Wemos_Rx_Int_SetVector)
.\CortexM3\ARM_GCC_541\Debug\AHU_2.a(RS485_En.o)
                              .\CortexM3\ARM_GCC_541\Debug\ModbusRtu.o (RS485_En_Write)
.\CortexM3\ARM_GCC_541\Debug\AHU_2.a(Rx_Timer.o)
                              .\CortexM3\ARM_GCC_541\Debug\main.o (Rx_Timer_Stop)
.\CortexM3\ARM_GCC_541\Debug\AHU_2.a(Rx_Timer_Int.o)
                              .\CortexM3\ARM_GCC_541\Debug\main.o (Rx_Timer_Int_ClearPending)
.\CortexM3\ARM_GCC_541\Debug\AHU_2.a(DIP.o)
                              .\CortexM3\ARM_GCC_541\Debug\main.o (DIP_Read)
.\CortexM3\ARM_GCC_541\Debug\AHU_2.a(DINP.o)
                              .\CortexM3\ARM_GCC_541\Debug\main.o (DINP_Read)
.\CortexM3\ARM_GCC_541\Debug\AHU_2.a(CyBootAsmGnu.o)
                              .\CortexM3\ARM_GCC_541\Debug\cyfitter_cfg.o (CyDelayCycles)
.\CortexM3\ARM_GCC_541\Debug\AHU_2.a(CyFlash.o)
                              .\CortexM3\ARM_GCC_541\Debug\AHU_2.a(cyPm.o) (CyFlash_SetWaitCycles)
.\CortexM3\ARM_GCC_541\Debug\AHU_2.a(CySpc.o)
                              .\CortexM3\ARM_GCC_541\Debug\AHU_2.a(CyFlash.o) (CySpcStart)
c:/program files (x86)/cypress/psoc creator/4.2/psoc creator/import/gnu/arm/5.4.1/bin/../lib/gcc/arm-none-eabi/5.4.1/../../../../arm-none-eabi/lib/armv7-m\libm.a(lib_a-s_round.o)
                              .\CortexM3\ARM_GCC_541\Debug\main.o (round)
c:/program files (x86)/cypress/psoc creator/4.2/psoc creator/import/gnu/arm/5.4.1/bin/../lib/gcc/arm-none-eabi/5.4.1/armv7-m\libgcc.a(_arm_addsubdf3.o)
                              c:/program files (x86)/cypress/psoc creator/4.2/psoc creator/import/gnu/arm/5.4.1/bin/../lib/gcc/arm-none-eabi/5.4.1/../../../../arm-none-eabi/lib/armv7-m\libm.a(lib_a-s_round.o) (__aeabi_dadd)
c:/program files (x86)/cypress/psoc creator/4.2/psoc creator/import/gnu/arm/5.4.1/bin/../lib/gcc/arm-none-eabi/5.4.1/armv7-m\libgcc.a(_arm_muldivdf3.o)
                              .\CortexM3\ARM_GCC_541\Debug\main.o (__aeabi_dmul)
c:/program files (x86)/cypress/psoc creator/4.2/psoc creator/import/gnu/arm/5.4.1/bin/../lib/gcc/arm-none-eabi/5.4.1/armv7-m\libgcc.a(_arm_cmpdf2.o)
[...]
Memory Configuration

Name             Origin             Length             Attributes
rom              0x00000000         0x00040000         xr
ram              0x1fff8000         0x00010000         xrw
*default*        0x00000000         0xffffffff

Linker script and memory map

LOAD c:/program files (x86)/cypress/psoc creator/4.2/psoc creator/import/gnu/arm/5.4.1/bin/../lib/gcc/arm-none-eabi/5.4.1/armv7-m/crti.o
LOAD c:/program files (x86)/cypress/psoc creator/4.2/psoc creator/import/gnu/arm/5.4.1/bin/../lib/gcc/arm-none-eabi/5.4.1/armv7-m/crtbegin.o
LOAD c:/program files (x86)/cypress/psoc creator/4.2/psoc creator/import/gnu/arm/5.4.1/bin/../lib/gcc/arm-none-eabi/5.4.1/../../../../arm-none-eabi/lib/armv7-m/crt0.o
START GROUP
LOAD .\CortexM3\ARM_GCC_541\Debug\main.o
LOAD .\CortexM3\ARM_GCC_541\Debug\ds18b20.o
LOAD .\CortexM3\ARM_GCC_541\Debug\one_wire.o
LOAD .\CortexM3\ARM_GCC_541\Debug\max31855.o
LOAD .\CortexM3\ARM_GCC_541\Debug\ModbusRtu.o
LOAD .\CortexM3\ARM_GCC_541\Debug\cyfitter_cfg.o
LOAD .\CortexM3\ARM_GCC_541\Debug\cymetadata.o
LOAD .\CortexM3\ARM_GCC_541\Debug\Cm3Start.o
LOAD .\CortexM3\ARM_GCC_541\Debug\AHU_2.a
LOAD C:\Program Files (x86)\Cypress\PSoC Creator\4.2\PSoC Creator\psoc\content\cycomponentlibrary\CyComponentLibrary.cylib\CortexM3\ARM_GCC_541\Debug\CyComponentLibrary.a
LOAD c:/program files (x86)/cypress/psoc creator/4.2/psoc creator/import/gnu/arm/5.4.1/bin/../lib/gcc/arm-none-eabi/5.4.1/../../../../arm-none-eabi/lib/armv7-m\libm.a
END GROUP
START GROUP
LOAD c:/program files (x86)/cypress/psoc creator/4.2/psoc creator/import/gnu/arm/5.4.1/bin/../lib/gcc/arm-none-eabi/5.4.1/armv7-m\libgcc.a
LOAD c:/program files (x86)/cypress/psoc creator/4.2/psoc creator/import/gnu/arm/5.4.1/bin/../lib/gcc/arm-none-eabi/5.4.1/../../../../arm-none-eabi/lib/armv7-m\libg_nano.a
LOAD c:/program files (x86)/cypress/psoc creator/4.2/psoc creator/import/gnu/arm/5.4.1/bin/../lib/gcc/arm-none-eabi/5.4.1/../../../../arm-none-eabi/lib/armv7-m\libc_nano.a
END GROUP
START GROUP
LOAD c:/program files (x86)/cypress/psoc creator/4.2/psoc creator/import/gnu/arm/5.4.1/bin/../lib/gcc/arm-none-eabi/5.4.1/armv7-m\libgcc.a
LOAD c:/program files (x86)/cypress/psoc creator/4.2/psoc creator/import/gnu/arm/5.4.1/bin/../lib/gcc/arm-none-eabi/5.4.1/../../../../arm-none-eabi/lib/armv7-m\libc_nano.a
END GROUP
LOAD c:/program files (x86)/cypress/psoc creator/4.2/psoc creator/import/gnu/arm/5.4.1/bin/../lib/gcc/arm-none-eabi/5.4.1/armv7-m/crtend.o
LOAD c:/program files (x86)/cypress/psoc creator/4.2/psoc creator/import/gnu/arm/5.4.1/bin/../lib/gcc/arm-none-eabi/5.4.1/armv7-m/crtn.o
START GROUP
LOAD c:/program files (x86)/cypress/psoc creator/4.2/psoc creator/import/gnu/arm/5.4.1/bin/../lib/gcc/arm-none-eabi/5.4.1/armv7-m\libgcc.a
LOAD c:/program files (x86)/cypress/psoc creator/4.2/psoc creator/import/gnu/arm/5.4.1/bin/../lib/gcc/arm-none-eabi/5.4.1/../../../../arm-none-eabi/lib/armv7-m\libc.a
LOAD c:/program files (x86)/cypress/psoc creator/4.2/psoc creator/import/gnu/arm/5.4.1/bin/../lib/gcc/arm-none-eabi/5.4.1/../../../../arm-none-eabi/lib/armv7-m\libnosys.a
END GROUP
                0x00000000                CY_APPL_ORIGIN = 0x0
                0x00000100                CY_FLASH_ROW_SIZE = 0x100
                0x00000020                CY_ECC_ROW_SIZE = 0x20
                0x00000000                CY_EE_IN_BTLDR = 0x0
                0x00000000                CY_APPL_LOADABLE = 0x0
                0x00000800                CY_EE_SIZE = 0x800
                0x00000001                CY_APPL_NUM = 0x1
                0x00000001                CY_APPL_MAX = 0x1
                0x00000040                CY_METADATA_SIZE = 0x40
                0x00000000                CY_APPL_LOADABLE = 0x0
                0x00000000                CY_CHECKSUM_EXCLUDE_SIZE = ALIGN (0x0, CY_FLASH_ROW_SIZE)
                [!provide]                PROVIDE (__cy_heap_start, _end)
                0x00000001                PROVIDE (__cy_region_num, ((__cy_regions_end - __cy_regions) / 0x10))
                0x20008000                PROVIDE (__cy_stack, (ORIGIN (ram) + LENGTH (ram)))
                [!provide]                PROVIDE (__cy_heap_end, (__cy_stack - 0x4000))

.cybootloader   0x00000000        0x0
 *(.cybootloader)
                0x00000000                appl1_start = CY_APPL_ORIGIN?CY_APPL_ORIGIN:ALIGN (CY_FLASH_ROW_SIZE)
                0x0001ff00                appl2_start = (appl1_start + ALIGN ((((LENGTH (rom) - appl1_start) - (0x2 * CY_FLASH_ROW_SIZE)) / 0x2), CY_FLASH_ROW_SIZE))
                0x00000000                appl_start = (CY_APPL_NUM == 0x1)?appl1_start:appl2_start
                0x00000000                ecc_offset = ((appl_start / CY_FLASH_ROW_SIZE) * CY_ECC_ROW_SIZE)
                0x00000000                ee_offset = (CY_APPL_LOADABLE && ! (CY_EE_IN_BTLDR))?((CY_EE_SIZE / CY_APPL_MAX) * (CY_APPL_NUM - 0x1)):0x0
                0x00000800                ee_size = (CY_APPL_LOADABLE && ! (CY_EE_IN_BTLDR))?(CY_EE_SIZE / CY_APPL_MAX):CY_EE_SIZE
                [!provide]                PROVIDE (CY_ECC_OFFSET, ecc_offset)

.text           0x00000000     0x5680
 CREATE_OBJECT_SYMBOLS
                0x00000000                PROVIDE (__cy_interrupt_vector, RomVectors)
 *(.romvectors)
 .romvectors    0x00000000       0x10 .\CortexM3\ARM_GCC_541\Debug\Cm3Start.o
                0x00000000                RomVectors
                0x00000001                ASSERT ((. != __cy_interrupt_vector), No interrupt vector)
                0x00000001                ASSERT (CY_APPL_ORIGIN?(SIZEOF (.cybootloader) <= CY_APPL_ORIGIN):0x1, Wrong image location)
                0x00000010                PROVIDE (__cy_reset, Reset)
 *(.text.Reset)
 .text.Reset    0x00000010       0x18 .\CortexM3\ARM_GCC_541\Debug\Cm3Start.o
                0x00000010                Reset
                0x00000001                ASSERT ((. != __cy_reset), No reset code)
 *(.dma_init)
                0x00000001                ASSERT ((((appl_start + .) <= 0x10000) || 0x1), DMA Init must be within the first 64k of flash)
 *(.text .text.* .gnu.linkonce.t.*)
 .text          0x00000028       0x5c c:/program files (x86)/cypress/psoc creator/4.2/psoc creator/import/gnu/arm/5.4.1/bin/../lib/gcc/arm-none-eabi/5.4.1/armv7-m/crtbegin.o
 .text.Timer_ISR
                0x00000084       0x14 .\CortexM3\ARM_GCC_541\Debug\main.o
                0x00000084                Timer_ISR
 .text.Wemos_Rx_ISR
                0x00000098       0x60 .\CortexM3\ARM_GCC_541\Debug\main.o
                0x00000098                Wemos_Rx_ISR
 .text.checkDiff
                0x000000f8       0x38 .\CortexM3\ARM_GCC_541\Debug\main.o
                0x000000f8                checkDiff
 .text.printBinary
                0x00000130       0x28 .\CortexM3\ARM_GCC_541\Debug\main.o
                0x00000130                printBinary
 .text.process_holding_registers
                0x00000158      0x340 .\CortexM3\ARM_GCC_541\Debug\main.o
                0x00000158                process_holding_registers
 .text.main     0x00000498      0x5b4 .\CortexM3\ARM_GCC_541\Debug\main.o
                0x00000498                main
 .text.ds18b20_get_devices
                0x00000a4c       0x30 .\CortexM3\ARM_GCC_541\Debug\ds18b20.o
                0x00000a4c                ds18b20_get_devices
 .text.ds18b20_convert_temperature
                0x00000a7c       0x20 .\CortexM3\ARM_GCC_541\Debug\ds18b20.o
                0x00000a7c                ds18b20_convert_temperature
 .text.ds18b20_convert_temperature_all
                0x00000a9c       0x2c .\CortexM3\ARM_GCC_541\Debug\ds18b20.o
                0x00000a9c                ds18b20_convert_temperature_all
 .text.ds18b20_decode_temperature
                0x00000ac8       0x74 .\CortexM3\ARM_GCC_541\Debug\ds18b20.o
                0x00000ac8                ds18b20_decode_temperature
 .text.ds18b20_wait_for_conversion
                0x00000b3c       0x3c .\CortexM3\ARM_GCC_541\Debug\ds18b20.o
                0x00000b3c                ds18b20_wait_for_conversion
 .text.ds18b20_read_temperature
                0x00000b78       0x28 .\CortexM3\ARM_GCC_541\Debug\ds18b20.o
                0x00000b78                ds18b20_read_temperature
 .text.one_wire_reset_pulse
                0x00000ba0       0x44 .\CortexM3\ARM_GCC_541\Debug\one_wire.o
                0x00000ba0                one_wire_reset_pulse
 .text.one_wire_write_1
                0x00000be4       0x1c .\CortexM3\ARM_GCC_541\Debug\one_wire.o
                0x00000be4                one_wire_write_1
 .text.one_wire_write_0
                0x00000c00       0x1c .\CortexM3\ARM_GCC_541\Debug\one_wire.o
                0x00000c00                one_wire_write_0
 .text.one_wire_write_bit
                0x00000c1c       0x10 .\CortexM3\ARM_GCC_541\Debug\one_wire.o
                0x00000c1c                one_wire_write_bit
 .text.one_wire_read_bit
                0x00000c2c       0x2c .\CortexM3\ARM_GCC_541\Debug\one_wire.o
                0x00000c2c                one_wire_read_bit
 .text.one_wire_write_byte
                0x00000c58       0x28 .\CortexM3\ARM_GCC_541\Debug\one_wire.o
                0x00000c58                one_wire_write_byte
 .text.one_wire_read_byte
                0x00000c80       0x20 .\CortexM3\ARM_GCC_541\Debug\one_wire.o
                0x00000c80                one_wire_read_byte
 .text.one_wire_reset_crc
                0x00000ca0        0xc .\CortexM3\ARM_GCC_541\Debug\one_wire.o
                0x00000ca0                one_wire_reset_crc
 .text.one_wire_crc
                0x00000cac       0x18 .\CortexM3\ARM_GCC_541\Debug\one_wire.o
                0x00000cac                one_wire_crc
 .text.one_wire_search
                0x00000cc4       0xf4 .\CortexM3\ARM_GCC_541\Debug\one_wire.o
                0x00000cc4                one_wire_search
 .text.one_wire_match_rom
                0x00000db8       0x30 .\CortexM3\ARM_GCC_541\Debug\one_wire.o
                0x00000db8                one_wire_match_rom
 .text.one_wire_first
                0x00000de8       0x1c .\CortexM3\ARM_GCC_541\Debug\one_wire.o
                0x00000de8                one_wire_first
 .text.one_wire_next
                0x00000e04        0x8 .\CortexM3\ARM_GCC_541\Debug\one_wire.o
                0x00000e04                one_wire_next
 .text.one_wire_search_rom
                0x00000e0c       0x6c .\CortexM3\ARM_GCC_541\Debug\one_wire.o
                0x00000e0c                one_wire_search_rom
 .text.read_max31855
                0x00000e78       0x5c .\CortexM3\ARM_GCC_541\Debug\max31855.o
                0x00000e78                read_max31855
 .text.max31855_Celsius
                0x00000ed4       0x3c .\CortexM3\ARM_GCC_541\Debug\max31855.o
                0x00000ed4                max31855_Celsius
 .text.makeWord
                0x00000f10        0x8 .\CortexM3\ARM_GCC_541\Debug\ModbusRtu.o
                0x00000f10                makeWord
 .text.Modbus_begin
                0x00000f18       0x2c .\CortexM3\ARM_GCC_541\Debug\ModbusRtu.o
                0x00000f18                Modbus_begin
 .text.Modbus_getRxBuffer
                0x00000f44       0x64 .\CortexM3\ARM_GCC_541\Debug\ModbusRtu.o
                0x00000f44                Modbus_getRxBuffer
 .text.Modbus_calcCRC
                0x00000fa8       0x44 .\CortexM3\ARM_GCC_541\Debug\ModbusRtu.o
                0x00000fa8                Modbus_calcCRC
 .text.Modbus_sendTxBuffer
                0x00000fec       0x68 .\CortexM3\ARM_GCC_541\Debug\ModbusRtu.o
                0x00000fec                Modbus_sendTxBuffer
 .text.Modbus_query
                0x00001054      0x188 .\CortexM3\ARM_GCC_541\Debug\ModbusRtu.o
                0x00001054                Modbus_query
 .text.Modbus_validateAnswer
                0x000011dc       0x7c .\CortexM3\ARM_GCC_541\Debug\ModbusRtu.o
                0x000011dc                Modbus_validateAnswer
 .text.Modbus_get_FC1
                0x00001258       0x58 .\CortexM3\ARM_GCC_541\Debug\ModbusRtu.o
                0x00001258                Modbus_get_FC1
 .text.Modbus_get_FC3
                0x000012b0       0x38 .\CortexM3\ARM_GCC_541\Debug\ModbusRtu.o
                0x000012b0                Modbus_get_FC3
 .text.Modbus_poll
                0x000012e8       0xd8 .\CortexM3\ARM_GCC_541\Debug\ModbusRtu.o
                0x000012e8                Modbus_poll
 .text.Modbus_setTimeOut
                0x000013c0        0xc .\CortexM3\ARM_GCC_541\Debug\ModbusRtu.o
                0x000013c0                Modbus_setTimeOut
 .text.Modbus_getState
                0x000013cc        0xc .\CortexM3\ARM_GCC_541\Debug\ModbusRtu.o
                0x000013cc                Modbus_getState
 .text.CyClockStartupError
                0x000013d8        0x4 .\CortexM3\ARM_GCC_541\Debug\cyfitter_cfg.o
 .text.cfg_write_bytes32
                0x000013dc       0x34 .\CortexM3\ARM_GCC_541\Debug\cyfitter_cfg.o
 .text.AnalogSetDefault
                0x00001410       0x28 .\CortexM3\ARM_GCC_541\Debug\cyfitter_cfg.o
 .text.CYMEMZERO
                0x00001438        0xc .\CortexM3\ARM_GCC_541\Debug\cyfitter_cfg.o
 .text.CYCONFIGCPY
                0x00001444        0x8 .\CortexM3\ARM_GCC_541\Debug\cyfitter_cfg.o
 .text.ClockSetup
                0x0000144c      0x100 .\CortexM3\ARM_GCC_541\Debug\cyfitter_cfg.o
 .text.AMux_Set
                0x0000154c       0x38 .\CortexM3\ARM_GCC_541\Debug\cyfitter_cfg.o
                0x0000154c                AMux_Set
 .text.AMux_Unset
                0x00001584       0x3c .\CortexM3\ARM_GCC_541\Debug\cyfitter_cfg.o
                0x00001584                AMux_Unset
 .text.ADC_AMux_Set
                0x000015c0       0x20 .\CortexM3\ARM_GCC_541\Debug\cyfitter_cfg.o
                0x000015c0                ADC_AMux_Set
 .text.ADC_AMux_Unset
                0x000015e0       0x20 .\CortexM3\ARM_GCC_541\Debug\cyfitter_cfg.o
                0x000015e0                ADC_AMux_Unset
 .text.cyfitter_cfg
                0x00001600      0x130 .\CortexM3\ARM_GCC_541\Debug\cyfitter_cfg.o
                0x00001600                cyfitter_cfg
 .text.IntDefaultHandler
                0x00001730       0x10 .\CortexM3\ARM_GCC_541\Debug\Cm3Start.o
                0x00001730                IntDefaultHandler
 .text._sbrk    0x00001740       0x30 .\CortexM3\ARM_GCC_541\Debug\Cm3Start.o
                0x00001740                _sbrk
 .text.Start_c  0x00001770       0x4c .\CortexM3\ARM_GCC_541\Debug\Cm3Start.o
                0x00001770                Start_c
 .text.initialize_psoc
                0x000017bc       0x68 .\CortexM3\ARM_GCC_541\Debug\Cm3Start.o
                0x000017bc                initialize_psoc
 .text.CyHalt   0x00001824        0x4 .\CortexM3\ARM_GCC_541\Debug\AHU_2.a(CyLib.o)
                0x00001824                CyHalt
 .text.CyDelay  0x00001828       0x2c .\CortexM3\ARM_GCC_541\Debug\AHU_2.a(CyLib.o)
                0x00001828                CyDelay
 .text.CyDelayUs
                0x00001854       0x14 .\CortexM3\ARM_GCC_541\Debug\AHU_2.a(CyLib.o)
                0x00001854                CyDelayUs
 .text.CyIntSetVector
                0x00001868       0x28 .\CortexM3\ARM_GCC_541\Debug\AHU_2.a(CyLib.o)
                0x00001868                CyIntSetVector
 .text.CyIntSetPriority
                0x00001890       0x30 .\CortexM3\ARM_GCC_541\Debug\AHU_2.a(CyLib.o)
                0x00001890                CyIntSetPriority
 .text.RS485_Init
                0x000018c0       0x28 .\CortexM3\ARM_GCC_541\Debug\AHU_2.a(RS485.o)
                0x000018c0                RS485_Init
 .text.RS485_Enable
                0x000018e8       0x38 .\CortexM3\ARM_GCC_541\Debug\AHU_2.a(RS485.o)
                0x000018e8                RS485_Enable
 .text.RS485_Start
                0x00001920       0x1c .\CortexM3\ARM_GCC_541\Debug\AHU_2.a(RS485.o)
                0x00001920                RS485_Start
 .text.RS485_ReadRxData
                0x0000193c        0xc .\CortexM3\ARM_GCC_541\Debug\AHU_2.a(RS485.o)
                0x0000193c                RS485_ReadRxData
 .text.RS485_ReadRxStatus
                0x00001948       0x10 .\CortexM3\ARM_GCC_541\Debug\AHU_2.a(RS485.o)
                0x00001948                RS485_ReadRxStatus
 .text.RS485_GetByte
                0x00001958       0x14 .\CortexM3\ARM_GCC_541\Debug\AHU_2.a(RS485.o)
                0x00001958                RS485_GetByte
 .text.RS485_GetRxBufferSize
                0x0000196c       0x18 .\CortexM3\ARM_GCC_541\Debug\AHU_2.a(RS485.o)
                0x0000196c                RS485_GetRxBufferSize
 .text.RS485_PutChar
                0x00001984       0x18 .\CortexM3\ARM_GCC_541\Debug\AHU_2.a(RS485.o)
                0x00001984                RS485_PutChar
 .text.RS485_PutArray
                0x0000199c       0x28 .\CortexM3\ARM_GCC_541\Debug\AHU_2.a(RS485.o)
                0x0000199c                RS485_PutArray
 .text.RS485_ClearTxBuffer
                0x000019c4       0x24 .\CortexM3\ARM_GCC_541\Debug\AHU_2.a(RS485.o)
                0x000019c4                RS485_ClearTxBuffer
 .text.Temp_CLK_Write
                0x000019e8        0xc .\CortexM3\ARM_GCC_541\Debug\AHU_2.a(Temp_CLK.o)
                0x000019e8                Temp_CLK_Write
 .text.Temp_CS_Write
                0x000019f4        0xc .\CortexM3\ARM_GCC_541\Debug\AHU_2.a(Temp_CS.o)
                0x000019f4                Temp_CS_Write
 .text.RS485_IntClock_Start
                0x00001a00       0x1c .\CortexM3\ARM_GCC_541\Debug\AHU_2.a(RS485_IntClock.o)
                0x00001a00                RS485_IntClock_Start
 .text.MAX31855_MISO_Read
                0x00001a1c        0xc .\CortexM3\ARM_GCC_541\Debug\AHU_2.a(MAX31855_MISO.o)
                0x00001a1c                MAX31855_MISO_Read
 .text.Timer_Enable
                0x00001a28       0x28 .\CortexM3\ARM_GCC_541\Debug\AHU_2.a(Timer.o)
                0x00001a28                Timer_Enable
 .text.Timer_SetInterruptMode
                0x00001a50        0xc .\CortexM3\ARM_GCC_541\Debug\AHU_2.a(Timer.o)
                0x00001a50                Timer_SetInterruptMode
 .text.Timer_WritePeriod
                0x00001a5c        0xc .\CortexM3\ARM_GCC_541\Debug\AHU_2.a(Timer.o)
                0x00001a5c                Timer_WritePeriod
 .text.Timer_WriteCounter
                0x00001a68        0xc .\CortexM3\ARM_GCC_541\Debug\AHU_2.a(Timer.o)
                0x00001a68                Timer_WriteCounter
 .text.Timer_Init
                0x00001a74       0x68 .\CortexM3\ARM_GCC_541\Debug\AHU_2.a(Timer.o)
                0x00001a74                Timer_Init
 .text.Timer_Start
                0x00001adc       0x1c .\CortexM3\ARM_GCC_541\Debug\AHU_2.a(Timer.o)
                0x00001adc                Timer_Start
 .text.Timer_Int_Interrupt
                0x00001af8        0x4 .\CortexM3\ARM_GCC_541\Debug\AHU_2.a(Timer_Int.o)
                0x00001af8                Timer_Int_Interrupt
 .text.Timer_Int_SetVector
                0x00001afc        0xc .\CortexM3\ARM_GCC_541\Debug\AHU_2.a(Timer_Int.o)
                0x00001afc                Timer_Int_SetVector
 .text.Timer_Int_SetPriority
                0x00001b08       0x10 .\CortexM3\ARM_GCC_541\Debug\AHU_2.a(Timer_Int.o)
                0x00001b08                Timer_Int_SetPriority
 .text.Timer_Int_Enable
                0x00001b18        0xc .\CortexM3\ARM_GCC_541\Debug\AHU_2.a(Timer_Int.o)
                0x00001b18                Timer_Int_Enable
 .text.Timer_Int_Disable
                0x00001b24        0xc .\CortexM3\ARM_GCC_541\Debug\AHU_2.a(Timer_Int.o)
                0x00001b24                Timer_Int_Disable
 .text.Timer_Int_Start
                0x00001b30       0x1c .\CortexM3\ARM_GCC_541\Debug\AHU_2.a(Timer_Int.o)
                0x00001b30                Timer_Int_Start
 .text.Timer_Int_ClearPending
                0x00001b4c        0xc .\CortexM3\ARM_GCC_541\Debug\AHU_2.a(Timer_Int.o)
                0x00001b4c                Timer_Int_ClearPending
 .text.ADC_GainCompensation
                0x00001b58       0xe0 .\CortexM3\ARM_GCC_541\Debug\AHU_2.a(ADC.o)
 .text.ADC_SetDSMRef0Reg
                0x00001c38       0x4c .\CortexM3\ARM_GCC_541\Debug\AHU_2.a(ADC.o)
 .text.ADC_InitConfig
                0x00001c84      0x1ac .\CortexM3\ARM_GCC_541\Debug\AHU_2.a(ADC.o)
 .text.ADC_Init
                0x00001e30       0xd8 .\CortexM3\ARM_GCC_541\Debug\AHU_2.a(ADC.o)
                0x00001e30                ADC_Init
 .text.ADC_Enable
                0x00001f08       0xd8 .\CortexM3\ARM_GCC_541\Debug\AHU_2.a(ADC.o)
                0x00001f08                ADC_Enable
 .text.ADC_Start
                0x00001fe0       0x28 .\CortexM3\ARM_GCC_541\Debug\AHU_2.a(ADC.o)
                0x00001fe0                ADC_Start
 .text.ADC_StartConvert
                0x00002008       0x10 .\CortexM3\ARM_GCC_541\Debug\AHU_2.a(ADC.o)
                0x00002008                ADC_StartConvert
 .text.ADC_StopConvert
                0x00002018       0x10 .\CortexM3\ARM_GCC_541\Debug\AHU_2.a(ADC.o)
                0x00002018                ADC_StopConvert
 .text.ADC_IsEndConversion
                0x00002028       0x30 .\CortexM3\ARM_GCC_541\Debug\AHU_2.a(ADC.o)
                0x00002028                ADC_IsEndConversion
 .text.ADC_GetResult32
                0x00002058       0x6c .\CortexM3\ARM_GCC_541\Debug\AHU_2.a(ADC.o)
                0x00002058                ADC_GetResult32
 .text.ADC_CountsTo_Volts
                0x000020c4       0x28 .\CortexM3\ARM_GCC_541\Debug\AHU_2.a(ADC.o)
                0x000020c4                ADC_CountsTo_Volts
 .text.ADC_Read32
                0x000020ec       0x28 .\CortexM3\ARM_GCC_541\Debug\AHU_2.a(ADC.o)
                0x000020ec                ADC_Read32
 .text.ADC_ISR1
                0x00002114        0x4 .\CortexM3\ARM_GCC_541\Debug\AHU_2.a(ADC_INT.o)
                0x00002114                ADC_ISR1
 .text.ADC_ISR2
                0x00002118        0x4 .\CortexM3\ARM_GCC_541\Debug\AHU_2.a(ADC_INT.o)
                0x00002118                ADC_ISR2
 .text.ADC_AMux_Start
                0x0000211c       0x20 .\CortexM3\ARM_GCC_541\Debug\AHU_2.a(ADC_AMux.o)
                0x0000211c                ADC_AMux_Start
 .text.ADC_AMux_Select
                0x0000213c       0x18 .\CortexM3\ARM_GCC_541\Debug\AHU_2.a(ADC_AMux.o)
                0x0000213c                ADC_AMux_Select
 .text.ADC_Ext_CP_Clk_GetDividerRegister
                0x00002154        0xc .\CortexM3\ARM_GCC_541\Debug\AHU_2.a(ADC_Ext_CP_Clk.o)
                0x00002154                ADC_Ext_CP_Clk_GetDividerRegister
 .text.ADC_Ext_CP_Clk_SetModeRegister
                0x00002160       0x14 .\CortexM3\ARM_GCC_541\Debug\AHU_2.a(ADC_Ext_CP_Clk.o)
                0x00002160                ADC_Ext_CP_Clk_SetModeRegister
 .text.ADC_Ext_CP_Clk_GetSourceRegister
                0x00002174       0x10 .\CortexM3\ARM_GCC_541\Debug\AHU_2.a(ADC_Ext_CP_Clk.o)
                0x00002174                ADC_Ext_CP_Clk_GetSourceRegister
 .text.ADC_Ext_CP_Clk_SetDividerRegister
                0x00002184       0xd8 .\CortexM3\ARM_GCC_541\Debug\AHU_2.a(ADC_Ext_CP_Clk.o)
                0x00002184                ADC_Ext_CP_Clk_SetDividerRegister
 .text.ADC_theACLK_GetDividerRegister
                0x0000225c        0xc .\CortexM3\ARM_GCC_541\Debug\AHU_2.a(ADC_theACLK.o)
                0x0000225c                ADC_theACLK_GetDividerRegister
 .text.ADC_theACLK_SetModeRegister
                0x00002268       0x14 .\CortexM3\ARM_GCC_541\Debug\AHU_2.a(ADC_theACLK.o)
                0x00002268                ADC_theACLK_SetModeRegister
 .text.ADC_theACLK_GetSourceRegister
                0x0000227c       0x10 .\CortexM3\ARM_GCC_541\Debug\AHU_2.a(ADC_theACLK.o)
                0x0000227c                ADC_theACLK_GetSourceRegister
 .text.ADC_theACLK_SetDividerRegister
                0x0000228c       0xd8 .\CortexM3\ARM_GCC_541\Debug\AHU_2.a(ADC_theACLK.o)
                0x0000228c                ADC_theACLK_SetDividerRegister
 .text.AMux_Start
                0x00002364       0x20 .\CortexM3\ARM_GCC_541\Debug\AHU_2.a(AMux.o)
                0x00002364                AMux_Start
 .text.AMux_Select
                0x00002384       0x18 .\CortexM3\ARM_GCC_541\Debug\AHU_2.a(AMux.o)
                0x00002384                AMux_Select
 .text.Wire1_Write
                0x0000239c       0x18 .\CortexM3\ARM_GCC_541\Debug\AHU_2.a(Wire1.o)
                0x0000239c                Wire1_Write
 .text.Wire1_Read
                0x000023b4       0x10 .\CortexM3\ARM_GCC_541\Debug\AHU_2.a(Wire1.o)
                0x000023b4                Wire1_Read
 .text.LED_Write
                0x000023c4       0x18 .\CortexM3\ARM_GCC_541\Debug\AHU_2.a(LED.o)
                0x000023c4                LED_Write
 .text.Wemos_Init
                0x000023dc       0x24 .\CortexM3\ARM_GCC_541\Debug\AHU_2.a(Wemos.o)
                0x000023dc                Wemos_Init
 .text.Wemos_Enable
                0x00002400       0x38 .\CortexM3\ARM_GCC_541\Debug\AHU_2.a(Wemos.o)
                0x00002400                Wemos_Enable
 .text.Wemos_Start
                0x00002438       0x1c .\CortexM3\ARM_GCC_541\Debug\AHU_2.a(Wemos.o)
                0x00002438                Wemos_Start
 .text.Wemos_ReadRxData
                0x00002454        0xc .\CortexM3\ARM_GCC_541\Debug\AHU_2.a(Wemos.o)
                0x00002454                Wemos_ReadRxData
 .text.Wemos_ReadRxStatus
                0x00002460       0x10 .\CortexM3\ARM_GCC_541\Debug\AHU_2.a(Wemos.o)
                0x00002460                Wemos_ReadRxStatus
 .text.Wemos_GetByte
                0x00002470       0x14 .\CortexM3\ARM_GCC_541\Debug\AHU_2.a(Wemos.o)
                0x00002470                Wemos_GetByte
 .text.Wemos_ClearRxBuffer
                0x00002484       0x24 .\CortexM3\ARM_GCC_541\Debug\AHU_2.a(Wemos.o)
                0x00002484                Wemos_ClearRxBuffer
 .text.Wemos_PutChar
                0x000024a8       0x18 .\CortexM3\ARM_GCC_541\Debug\AHU_2.a(Wemos.o)
                0x000024a8                Wemos_PutChar
 .text.Wemos_PutString
                0x000024c0       0x24 .\CortexM3\ARM_GCC_541\Debug\AHU_2.a(Wemos.o)
                0x000024c0                Wemos_PutString
 .text.Wemos_ClearTxBuffer
                0x000024e4       0x24 .\CortexM3\ARM_GCC_541\Debug\AHU_2.a(Wemos.o)
                0x000024e4                Wemos_ClearTxBuffer
 .text.Wemos_IntClock_Start
                0x00002508       0x1c .\CortexM3\ARM_GCC_541\Debug\AHU_2.a(Wemos_IntClock.o)
                0x00002508                Wemos_IntClock_Start
 .text.Wemos_Rx_Int_Interrupt
                0x00002524        0x4 .\CortexM3\ARM_GCC_541\Debug\AHU_2.a(Wemos_Rx_Int.o)
                0x00002524                Wemos_Rx_Int_Interrupt
 .text.Wemos_Rx_Int_SetVector
                0x00002528        0xc .\CortexM3\ARM_GCC_541\Debug\AHU_2.a(Wemos_Rx_Int.o)
                0x00002528                Wemos_Rx_Int_SetVector
 .text.Wemos_Rx_Int_SetPriority
                0x00002534       0x10 .\CortexM3\ARM_GCC_541\Debug\AHU_2.a(Wemos_Rx_Int.o)
                0x00002534                Wemos_Rx_Int_SetPriority
 .text.Wemos_Rx_Int_Enable
                0x00002544        0xc .\CortexM3\ARM_GCC_541\Debug\AHU_2.a(Wemos_Rx_Int.o)
                0x00002544                Wemos_Rx_Int_Enable
 .text.Wemos_Rx_Int_Disable
                0x00002550        0xc .\CortexM3\ARM_GCC_541\Debug\AHU_2.a(Wemos_Rx_Int.o)
                0x00002550                Wemos_Rx_Int_Disable
 .text.Wemos_Rx_Int_Start
                0x0000255c       0x1c .\CortexM3\ARM_GCC_541\Debug\AHU_2.a(Wemos_Rx_Int.o)
                0x0000255c                Wemos_Rx_Int_Start
 .text.RS485_En_Write
                0x00002578       0x18 .\CortexM3\ARM_GCC_541\Debug\AHU_2.a(RS485_En.o)
                0x00002578                RS485_En_Write
 .text.DIP_Read
                0x00002590        0xc .\CortexM3\ARM_GCC_541\Debug\AHU_2.a(DIP.o)
                0x00002590                DIP_Read
 .text.DINP_Read
                0x0000259c        0xc .\CortexM3\ARM_GCC_541\Debug\AHU_2.a(DINP.o)
                0x0000259c                DINP_Read
 .text          0x000025a8       0x20 .\CortexM3\ARM_GCC_541\Debug\AHU_2.a(CyBootAsmGnu.o)
                0x000025a8                CyDelayCycles
                0x000025b8                CyEnterCriticalSection
                0x000025c0                CyExitCriticalSection
 .text.round    0x000025c8       0xa0 c:/program files (x86)/cypress/psoc creator/4.2/psoc creator/import/gnu/arm/5.4.1/bin/../lib/gcc/arm-none-eabi/5.4.1/../../../../arm-none-eabi/lib/armv7-m\libm.a(lib_a-s_round.o)
                0x000025c8                round
 .text          0x00002668      0x370 c:/program files (x86)/cypress/psoc creator/4.2/psoc creator/import/gnu/arm/5.4.1/bin/../lib/gcc/arm-none-eabi/5.4.1/armv7-m\libgcc.a(_arm_addsubdf3.o)
                0x00002668                __aeabi_drsub
                0x00002670                __aeabi_dsub
                0x00002670                __subdf3
                0x00002674                __aeabi_dadd
                0x00002674                __adddf3
                0x000028ec                __floatunsidf
                0x000028ec                __aeabi_ui2d
                0x0000290c                __floatsidf
                0x0000290c                __aeabi_i2d
                0x00002930                __aeabi_f2d
                0x00002930                __extendsfdf2
                0x0000296c                __floatundidf
                0x0000296c                __aeabi_ul2d
                0x0000297c                __floatdidf
                0x0000297c                __aeabi_l2d
 .text          0x000029d8      0x424 c:/program files (x86)/cypress/psoc creator/4.2/psoc creator/import/gnu/arm/5.4.1/bin/../lib/gcc/arm-none-eabi/5.4.1/armv7-m\libgcc.a(_arm_muldivdf3.o)
                0x000029d8                __aeabi_dmul
                0x000029d8                __muldf3
                0x00002c2c                __divdf3
                0x00002c2c                __aeabi_ddiv
 .text          0x00002dfc      0x110 c:/program files (x86)/cypress/psoc creator/4.2/psoc creator/import/gnu/arm/5.4.1/bin/../lib/gcc/arm-none-eabi/5.4.1/armv7-m\libgcc.a(_arm_cmpdf2.o)
                0x00002dfc                __gtdf2
                0x00002dfc                __gedf2
                0x00002e04                __ltdf2
                0x00002e04                __ledf2
                0x00002e0c                __nedf2
                0x00002e0c                __eqdf2
                0x00002e0c                __cmpdf2
                0x00002e88                __aeabi_cdrcmple
                0x00002e98                __aeabi_cdcmpeq
                0x00002e98                __aeabi_cdcmple
                0x00002ea8                __aeabi_dcmpeq
                0x00002ebc                __aeabi_dcmplt
                0x00002ed0                __aeabi_dcmple
                0x00002ee4                __aeabi_dcmpge
                0x00002ef8                __aeabi_dcmpgt
 .text          0x00002f0c       0xa0 c:/program files (x86)/cypress/psoc creator/4.2/psoc creator/import/gnu/arm/5.4.1/bin/../lib/gcc/arm-none-eabi/5.4.1/armv7-m\libgcc.a(_arm_truncdfsf2.o)
                0x00002f0c                __truncdfsf2
                0x00002f0c                __aeabi_d2f
 .text          0x00002fac      0x21c c:/program files (x86)/cypress/psoc creator/4.2/psoc creator/import/gnu/arm/5.4.1/bin/../lib/gcc/arm-none-eabi/5.4.1/armv7-m\libgcc.a(_arm_addsubsf3.o)
                0x00002fac                __aeabi_frsub
                0x00002fb4                __subsf3
                0x00002fb4                __aeabi_fsub
                0x00002fb8                __aeabi_fadd
                0x00002fb8                __addsf3
                0x00003118                __aeabi_ui2f
                0x00003118                __floatunsisf
                0x00003120                __aeabi_i2f
                0x00003120                __floatsisf
                0x0000313c                __aeabi_ul2f
                0x0000313c                __floatundisf
                0x0000314c                __aeabi_l2f
                0x0000314c                __floatdisf
 .text          0x000031c8      0x2a0 c:/program files (x86)/cypress/psoc creator/4.2/psoc creator/import/gnu/arm/5.4.1/bin/../lib/gcc/arm-none-eabi/5.4.1/armv7-m\libgcc.a(_arm_muldivsf3.o)
                0x000031c8                __mulsf3
                0x000031c8                __aeabi_fmul
                0x00003330                __aeabi_fdiv
                0x00003330                __divsf3
 .text          0x00003468       0xec c:/program files (x86)/cypress/psoc creator/4.2/psoc creator/import/gnu/arm/5.4.1/bin/../lib/gcc/arm-none-eabi/5.4.1/armv7-m\libgcc.a(_arm_cmpsf2.o)
                0x00003468                __gesf2
                0x00003468                __gtsf2
                0x00003470                __lesf2
                0x00003470                __ltsf2
                0x00003478                __nesf2
                0x00003478                __eqsf2
                0x00003478                __cmpsf2
                0x000034d8                __aeabi_cfrcmple
                0x000034e0                __aeabi_cfcmpeq
                0x000034e0                __aeabi_cfcmple
                0x000034f0                __aeabi_fcmpeq
                0x00003504                __aeabi_fcmplt
                0x00003518                __aeabi_fcmple
                0x0000352c                __aeabi_fcmpge
                0x00003540                __aeabi_fcmpgt
 .text.__errno  0x00003554        0xc c:/program files (x86)/cypress/psoc creator/4.2/psoc creator/import/gnu/arm/5.4.1/bin/../lib/gcc/arm-none-eabi/5.4.1/../../../../arm-none-eabi/lib/armv7-m\libg_nano.a(lib_a-errno.o)
                0x00003554                __errno
 .text.__libc_init_array
                0x00003560       0x4c c:/program files (x86)/cypress/psoc creator/4.2/psoc creator/import/gnu/arm/5.4.1/bin/../lib/gcc/arm-none-eabi/5.4.1/../../../../arm-none-eabi/lib/armv7-m\libg_nano.a(lib_a-init.o)
                0x00003560                __libc_init_array
 .text.malloc   0x000035ac       0x10 c:/program files (x86)/cypress/psoc creator/4.2/psoc creator/import/gnu/arm/5.4.1/bin/../lib/gcc/arm-none-eabi/5.4.1/../../../../arm-none-eabi/lib/armv7-m\libg_nano.a(lib_a-malloc.o)
                0x000035ac                malloc
 .text.memcpy   0x000035bc       0x16 c:/program files (x86)/cypress/psoc creator/4.2/psoc creator/import/gnu/arm/5.4.1/bin/../lib/gcc/arm-none-eabi/5.4.1/../../../../arm-none-eabi/lib/armv7-m\libg_nano.a(lib_a-memcpy-stub.o)
                0x000035bc                memcpy
 .text.memset   0x000035d2       0x10 c:/program files (x86)/cypress/psoc creator/4.2/psoc creator/import/gnu/arm/5.4.1/bin/../lib/gcc/arm-none-eabi/5.4.1/../../../../arm-none-eabi/lib/armv7-m\libg_nano.a(lib_a-memset.o)
                0x000035d2                memset
 *fill*         0x000035e2        0x2 
 .text._free_r  0x000035e4       0x98 c:/program files (x86)/cypress/psoc creator/4.2/psoc creator/import/gnu/arm/5.4.1/bin/../lib/gcc/arm-none-eabi/5.4.1/../../../../arm-none-eabi/lib/armv7-m\libg_nano.a(lib_a-nano-freer.o)
                0x000035e4                _free_r
 .text._malloc_r
                0x0000367c       0xbc c:/program files (x86)/cypress/psoc creator/4.2/psoc creator/import/gnu/arm/5.4.1/bin/../lib/gcc/arm-none-eabi/5.4.1/../../../../arm-none-eabi/lib/armv7-m\libg_nano.a(lib_a-nano-mallocr.o)
                0x0000367c                _malloc_r
 .text.__cvt    0x00003738       0xc0 c:/program files (x86)/cypress/psoc creator/4.2/psoc creator/import/gnu/arm/5.4.1/bin/../lib/gcc/arm-none-eabi/5.4.1/../../../../arm-none-eabi/lib/armv7-m\libg_nano.a(lib_a-nano-vfprintf_float.o)
                0x00003738                __cvt
 .text.__exponent
                0x000037f8       0x62 c:/program files (x86)/cypress/psoc creator/4.2/psoc creator/import/gnu/arm/5.4.1/bin/../lib/gcc/arm-none-eabi/5.4.1/../../../../arm-none-eabi/lib/armv7-m\libg_nano.a(lib_a-nano-vfprintf_float.o)
                0x000037f8                __exponent
 *fill*         0x0000385a        0x2 
 .text._printf_float
                0x0000385c      0x488 c:/program files (x86)/cypress/psoc creator/4.2/psoc creator/import/gnu/arm/5.4.1/bin/../lib/gcc/arm-none-eabi/5.4.1/../../../../arm-none-eabi/lib/armv7-m\libg_nano.a(lib_a-nano-vfprintf_float.o)
                0x0000385c                _printf_float
 .text._printf_common
                0x00003ce4       0xec c:/program files (x86)/cypress/psoc creator/4.2/psoc creator/import/gnu/arm/5.4.1/bin/../lib/gcc/arm-none-eabi/5.4.1/../../../../arm-none-eabi/lib/armv7-m\libg_nano.a(lib_a-nano-vfprintf_i.o)
                0x00003ce4                _printf_common
 .text._printf_i
                0x00003dd0      0x24c c:/program files (x86)/cypress/psoc creator/4.2/psoc creator/import/gnu/arm/5.4.1/bin/../lib/gcc/arm-none-eabi/5.4.1/../../../../arm-none-eabi/lib/armv7-m\libg_nano.a(lib_a-nano-vfprintf_i.o)
                0x00003dd0                _printf_i
 .text._sbrk_r  0x0000401c       0x20 c:/program files (x86)/cypress/psoc creator/4.2/psoc creator/import/gnu/arm/5.4.1/bin/../lib/gcc/arm-none-eabi/5.4.1/../../../../arm-none-eabi/lib/armv7-m\libg_nano.a(lib_a-sbrkr.o)
                0x0000401c                _sbrk_r
 .text.sprintf  0x0000403c       0x48 c:/program files (x86)/cypress/psoc creator/4.2/psoc creator/import/gnu/arm/5.4.1/bin/../lib/gcc/arm-none-eabi/5.4.1/../../../../arm-none-eabi/lib/armv7-m\libg_nano.a(lib_a-sprintf.o)
                0x0000403c                siprintf
                0x0000403c                sprintf
 .text          0x00004084       0x10 c:/program files (x86)/cypress/psoc creator/4.2/psoc creator/import/gnu/arm/5.4.1/bin/../lib/gcc/arm-none-eabi/5.4.1/../../../../arm-none-eabi/lib/armv7-m\libg_nano.a(lib_a-strlen.o)
                0x00004084                strlen
 .text.quorem   0x00004094      0x116 c:/program files (x86)/cypress/psoc creator/4.2/psoc creator/import/gnu/arm/5.4.1/bin/../lib/gcc/arm-none-eabi/5.4.1/../../../../arm-none-eabi/lib/armv7-m\libg_nano.a(lib_a-dtoa.o)
 *fill*         0x000041aa        0x6 
 .text._dtoa_r  0x000041b0      0xb30 c:/program files (x86)/cypress/psoc creator/4.2/psoc creator/import/gnu/arm/5.4.1/bin/../lib/gcc/arm-none-eabi/5.4.1/../../../../arm-none-eabi/lib/armv7-m\libg_nano.a(lib_a-dtoa.o)
                0x000041b0                _dtoa_r
 .text._localeconv_r
                0x00004ce0        0x8 c:/program files (x86)/cypress/psoc creator/4.2/psoc creator/import/gnu/arm/5.4.1/bin/../lib/gcc/arm-none-eabi/5.4.1/../../../../arm-none-eabi/lib/armv7-m\libg_nano.a(lib_a-locale.o)
                0x00004ce0                _localeconv_r
 .text.memchr   0x00004ce8       0x1c c:/program files (x86)/cypress/psoc creator/4.2/psoc creator/import/gnu/arm/5.4.1/bin/../lib/gcc/arm-none-eabi/5.4.1/../../../../arm-none-eabi/lib/armv7-m\libg_nano.a(lib_a-memchr-stub.o)
                0x00004ce8                memchr
 .text.__malloc_lock
                0x00004d04        0x2 c:/program files (x86)/cypress/psoc creator/4.2/psoc creator/import/gnu/arm/5.4.1/bin/../lib/gcc/arm-none-eabi/5.4.1/../../../../arm-none-eabi/lib/armv7-m\libg_nano.a(lib_a-mlock.o)
                0x00004d04                __malloc_lock
 .text.__malloc_unlock
                0x00004d06        0x2 c:/program files (x86)/cypress/psoc creator/4.2/psoc creator/import/gnu/arm/5.4.1/bin/../lib/gcc/arm-none-eabi/5.4.1/../../../../arm-none-eabi/lib/armv7-m\libg_nano.a(lib_a-mlock.o)
                0x00004d06                __malloc_unlock
 .text._Balloc  0x00004d08       0x6a c:/program files (x86)/cypress/psoc creator/4.2/psoc creator/import/gnu/arm/5.4.1/bin/../lib/gcc/arm-none-eabi/5.4.1/../../../../arm-none-eabi/lib/armv7-m\libg_nano.a(lib_a-mprec.o)
                0x00004d08                _Balloc
 .text._Bfree   0x00004d72       0x2e c:/program files (x86)/cypress/psoc creator/4.2/psoc creator/import/gnu/arm/5.4.1/bin/../lib/gcc/arm-none-eabi/5.4.1/../../../../arm-none-eabi/lib/armv7-m\libg_nano.a(lib_a-mprec.o)
                0x00004d72                _Bfree
 .text.__multadd
                0x00004da0       0x76 c:/program files (x86)/cypress/psoc creator/4.2/psoc creator/import/gnu/arm/5.4.1/bin/../lib/gcc/arm-none-eabi/5.4.1/../../../../arm-none-eabi/lib/armv7-m\libg_nano.a(lib_a-mprec.o)
                0x00004da0                __multadd
 .text.__hi0bits
                0x00004e16       0x40 c:/program files (x86)/cypress/psoc creator/4.2/psoc creator/import/gnu/arm/5.4.1/bin/../lib/gcc/arm-none-eabi/5.4.1/../../../../arm-none-eabi/lib/armv7-m\libg_nano.a(lib_a-mprec.o)
                0x00004e16                __hi0bits
 .text.__lo0bits
                0x00004e56       0x5a c:/program files (x86)/cypress/psoc creator/4.2/psoc creator/import/gnu/arm/5.4.1/bin/../lib/gcc/arm-none-eabi/5.4.1/../../../../arm-none-eabi/lib/armv7-m\libg_nano.a(lib_a-mprec.o)
                0x00004e56                __lo0bits
 .text.__i2b    0x00004eb0       0x12 c:/program files (x86)/cypress/psoc creator/4.2/psoc creator/import/gnu/arm/5.4.1/bin/../lib/gcc/arm-none-eabi/5.4.1/../../../../arm-none-eabi/lib/armv7-m\libg_nano.a(lib_a-mprec.o)
                0x00004eb0                __i2b
 .text.__multiply
                0x00004ec2      0x120 c:/program files (x86)/cypress/psoc creator/4.2/psoc creator/import/gnu/arm/5.4.1/bin/../lib/gcc/arm-none-eabi/5.4.1/../../../../arm-none-eabi/lib/armv7-m\libg_nano.a(lib_a-mprec.o)
                0x00004ec2                __multiply
 *fill*         0x00004fe2        0x2 
 .text.__pow5mult
                0x00004fe4       0x9c c:/program files (x86)/cypress/psoc creator/4.2/psoc creator/import/gnu/arm/5.4.1/bin/../lib/gcc/arm-none-eabi/5.4.1/../../../../arm-none-eabi/lib/armv7-m\libg_nano.a(lib_a-mprec.o)
                0x00004fe4                __pow5mult
 .text.__lshift
                0x00005080       0xa2 c:/program files (x86)/cypress/psoc creator/4.2/psoc creator/import/gnu/arm/5.4.1/bin/../lib/gcc/arm-none-eabi/5.4.1/../../../../arm-none-eabi/lib/armv7-m\libg_nano.a(lib_a-mprec.o)
                0x00005080                __lshift
 .text.__mcmp   0x00005122       0x38 c:/program files (x86)/cypress/psoc creator/4.2/psoc creator/import/gnu/arm/5.4.1/bin/../lib/gcc/arm-none-eabi/5.4.1/../../../../arm-none-eabi/lib/armv7-m\libg_nano.a(lib_a-mprec.o)
                0x00005122                __mcmp
 .text.__mdiff  0x0000515a       0xbe c:/program files (x86)/cypress/psoc creator/4.2/psoc creator/import/gnu/arm/5.4.1/bin/../lib/gcc/arm-none-eabi/5.4.1/../../../../arm-none-eabi/lib/armv7-m\libg_nano.a(lib_a-mprec.o)
                0x0000515a                __mdiff
 .text.__d2b    0x00005218       0x9c c:/program files (x86)/cypress/psoc creator/4.2/psoc creator/import/gnu/arm/5.4.1/bin/../lib/gcc/arm-none-eabi/5.4.1/../../../../arm-none-eabi/lib/armv7-m\libg_nano.a(lib_a-mprec.o)
                0x00005218                __d2b
 .text._calloc_r
                0x000052b4       0x1c c:/program files (x86)/cypress/psoc creator/4.2/psoc creator/import/gnu/arm/5.4.1/bin/../lib/gcc/arm-none-eabi/5.4.1/../../../../arm-none-eabi/lib/armv7-m\libg_nano.a(lib_a-nano-callocr.o)
                0x000052b4                _calloc_r
 .text.__ssputs_r
                0x000052d0       0xb2 c:/program files (x86)/cypress/psoc creator/4.2/psoc creator/import/gnu/arm/5.4.1/bin/../lib/gcc/arm-none-eabi/5.4.1/../../../../arm-none-eabi/lib/armv7-m\libg_nano.a(lib_a-nano-svfprintf.o)
                0x000052d0                __ssputs_r
 *fill*         0x00005382        0x2 
 .text._svfprintf_r
                0x00005384      0x1e8 c:/program files (x86)/cypress/psoc creator/4.2/psoc creator/import/gnu/arm/5.4.1/bin/../lib/gcc/arm-none-eabi/5.4.1/../../../../arm-none-eabi/lib/armv7-m\libg_nano.a(lib_a-nano-svfprintf.o)
                0x00005384                _svfiprintf_r
                0x00005384                _svfprintf_r
 .text.memmove  0x0000556c       0x36 c:/program files (x86)/cypress/psoc creator/4.2/psoc creator/import/gnu/arm/5.4.1/bin/../lib/gcc/arm-none-eabi/5.4.1/../../../../arm-none-eabi/lib/armv7-m\libg_nano.a(lib_a-memmove.o)
                0x0000556c                memmove
 .text._realloc_r
                0x000055a2       0x4c c:/program files (x86)/cypress/psoc creator/4.2/psoc creator/import/gnu/arm/5.4.1/bin/../lib/gcc/arm-none-eabi/5.4.1/../../../../arm-none-eabi/lib/armv7-m\libg_nano.a(lib_a-nano-reallocr.o)
                0x000055a2                _realloc_r
 .text._malloc_usable_size_r
                0x000055ee       0x14 c:/program files (x86)/cypress/psoc creator/4.2/psoc creator/import/gnu/arm/5.4.1/bin/../lib/gcc/arm-none-eabi/5.4.1/../../../../arm-none-eabi/lib/armv7-m\libg_nano.a(lib_a-nano-msizer.o)
                0x000055ee                _malloc_usable_size_r
 *fill*         0x00005602        0x2 
 .text          0x00005604       0x2c c:/program files (x86)/cypress/psoc creator/4.2/psoc creator/import/gnu/arm/5.4.1/bin/../lib/gcc/arm-none-eabi/5.4.1/armv7-m\libgcc.a(_arm_unorddf2.o)
                0x00005604                __unorddf2
                0x00005604                __aeabi_dcmpun
 .text          0x00005630       0x50 c:/program files (x86)/cypress/psoc creator/4.2/psoc creator/import/gnu/arm/5.4.1/bin/../lib/gcc/arm-none-eabi/5.4.1/armv7-m\libgcc.a(_arm_fixdfsi.o)
                0x00005630                __aeabi_d2iz
                0x00005630                __fixdfsi
 *(.plt)
 *(.gnu.warning)
 *(.glue_7t)
 .glue_7t       0x00005680        0x0 linker stubs
 *(.glue_7)
 .glue_7        0x00005680        0x0 linker stubs
 *(.vfp11_veneer)
 .vfp11_veneer  0x00005680        0x0 linker stubs
 *(.bootloader)
 *(.ARM.extab* .gnu.linkonce.armextab.*)
 *(.gcc_except_table)

.v4_bx          0x00005680        0x0
 .v4_bx         0x00005680        0x0 linker stubs

.iplt           0x00005680        0x0
 .iplt          0x00005680        0x0 c:/program files (x86)/cypress/psoc creator/4.2/psoc creator/import/gnu/arm/5.4.1/bin/../lib/gcc/arm-none-eabi/5.4.1/armv7-m/crtbegin.o

.eh_frame_hdr
 *(.eh_frame_hdr)

.eh_frame       0x00005680        0x4
 *(.eh_frame)
 .eh_frame      0x00005680        0x0 c:/program files (x86)/cypress/psoc creator/4.2/psoc creator/import/gnu/arm/5.4.1/bin/../lib/gcc/arm-none-eabi/5.4.1/armv7-m/crtbegin.o
 .eh_frame      0x00005680        0x4 c:/program files (x86)/cypress/psoc creator/4.2/psoc creator/import/gnu/arm/5.4.1/bin/../lib/gcc/arm-none-eabi/5.4.1/armv7-m/crtend.o
                [!provide]                PROVIDE (__exidx_start, .)

.ARM.exidx
 *(.ARM.exidx* .gnu.linkonce.armexidx.*)
                0x00005684                __exidx_end = .

.rodata         0x00005688      0x4d8
 *(.rodata .rodata.* .gnu.linkonce.r.*)
 .rodata.str1.4
                0x00005688      0x1b8 .\CortexM3\ARM_GCC_541\Debug\main.o
                                0x1b6 (size before relaxing)
 .rodata        0x00005840      0x100 .\CortexM3\ARM_GCC_541\Debug\one_wire.o
                0x00005840                crc_table
 .rodata        0x00005940        0x8 .\CortexM3\ARM_GCC_541\Debug\ModbusRtu.o
                0x00005940                fctsupported
 .rodata        0x00005948       0x84 .\CortexM3\ARM_GCC_541\Debug\cyfitter_cfg.o
                0x00005948                AMux__addrTable
                0x00005968                AMux__maskTable
                0x00005970                ADC_AMux__addrTable
                0x00005978                ADC_AMux__maskTable
 .rodata.str1.1
                0x000059cc        0x2 c:/program files (x86)/cypress/psoc creator/4.2/psoc creator/import/gnu/arm/5.4.1/bin/../lib/gcc/arm-none-eabi/5.4.1/../../../../arm-none-eabi/lib/armv7-m\libg_nano.a(lib_a-impure.o)
 .rodata.str1.1
                0x000059ce       0x12 c:/program files (x86)/cypress/psoc creator/4.2/psoc creator/import/gnu/arm/5.4.1/bin/../lib/gcc/arm-none-eabi/5.4.1/../../../../arm-none-eabi/lib/armv7-m\libg_nano.a(lib_a-nano-vfprintf_float.o)
 .rodata.str1.1
                0x000059e0       0x22 c:/program files (x86)/cypress/psoc creator/4.2/psoc creator/import/gnu/arm/5.4.1/bin/../lib/gcc/arm-none-eabi/5.4.1/../../../../arm-none-eabi/lib/armv7-m\libg_nano.a(lib_a-nano-vfprintf_i.o)
 .rodata.str1.1
                0x00005a02        0xd c:/program files (x86)/cypress/psoc creator/4.2/psoc creator/import/gnu/arm/5.4.1/bin/../lib/gcc/arm-none-eabi/5.4.1/../../../../arm-none-eabi/lib/armv7-m\libg_nano.a(lib_a-dtoa.o)
                                  0xf (size before relaxing)
 .rodata.str1.1
                0x00005a0f        0x8 c:/program files (x86)/cypress/psoc creator/4.2/psoc creator/import/gnu/arm/5.4.1/bin/../lib/gcc/arm-none-eabi/5.4.1/../../../../arm-none-eabi/lib/armv7-m\libg_nano.a(lib_a-locale.o)
                                  0xb (size before relaxing)
 *fill*         0x00005a17        0x1 
 .rodata.__mprec_tens
                0x00005a18       0xc8 c:/program files (x86)/cypress/psoc creator/4.2/psoc creator/import/gnu/arm/5.4.1/bin/../lib/gcc/arm-none-eabi/5.4.1/../../../../arm-none-eabi/lib/armv7-m\libg_nano.a(lib_a-mprec.o)
                0x00005a18                __mprec_tens
 .rodata.p05.5408
                0x00005ae0        0xc c:/program files (x86)/cypress/psoc creator/4.2/psoc creator/import/gnu/arm/5.4.1/bin/../lib/gcc/arm-none-eabi/5.4.1/../../../../arm-none-eabi/lib/armv7-m\libg_nano.a(lib_a-mprec.o)
 *fill*         0x00005aec        0x4 
 .rodata.__mprec_bigtens
                0x00005af0       0x28 c:/program files (x86)/cypress/psoc creator/4.2/psoc creator/import/gnu/arm/5.4.1/bin/../lib/gcc/arm-none-eabi/5.4.1/../../../../arm-none-eabi/lib/armv7-m\libg_nano.a(lib_a-mprec.o)
                0x00005af0                __mprec_bigtens
 .rodata.str1.1
                0x00005b18       0x11 c:/program files (x86)/cypress/psoc creator/4.2/psoc creator/import/gnu/arm/5.4.1/bin/../lib/gcc/arm-none-eabi/5.4.1/../../../../arm-none-eabi/lib/armv7-m\libg_nano.a(lib_a-nano-svfprintf.o)
                0x00005b2c                . = ALIGN (0x4)
 *fill*         0x00005b29        0x3 
 *(.init)
 .init          0x00005b2c        0x4 c:/program files (x86)/cypress/psoc creator/4.2/psoc creator/import/gnu/arm/5.4.1/bin/../lib/gcc/arm-none-eabi/5.4.1/armv7-m/crti.o
                0x00005b2c                _init
 .init          0x00005b30        0x8 c:/program files (x86)/cypress/psoc creator/4.2/psoc creator/import/gnu/arm/5.4.1/bin/../lib/gcc/arm-none-eabi/5.4.1/armv7-m/crtn.o
                0x00005b38                . = ALIGN (0x4)
                0x00005b38                __preinit_array_start = .
 *(.preinit_array)
                0x00005b38                __preinit_array_end = .
                0x00005b38                . = ALIGN (0x4)
                0x00005b38                __init_array_start = .
 *(SORT(.init_array.*))
 *(.init_array)
 .init_array    0x00005b38        0x4 c:/program files (x86)/cypress/psoc creator/4.2/psoc creator/import/gnu/arm/5.4.1/bin/../lib/gcc/arm-none-eabi/5.4.1/armv7-m/crtbegin.o
 .init_array    0x00005b3c        0x4 .\CortexM3\ARM_GCC_541\Debug\Cm3Start.o
                0x00005b40                __init_array_end = .
                0x00005b40                . = ALIGN (0x4)
 *(.fini)
 .fini          0x00005b40        0x4 c:/program files (x86)/cypress/psoc creator/4.2/psoc creator/import/gnu/arm/5.4.1/bin/../lib/gcc/arm-none-eabi/5.4.1/armv7-m/crti.o
                0x00005b40                _fini
 .fini          0x00005b44        0x8 c:/program files (x86)/cypress/psoc creator/4.2/psoc creator/import/gnu/arm/5.4.1/bin/../lib/gcc/arm-none-eabi/5.4.1/armv7-m/crtn.o
                0x00005b4c                . = ALIGN (0x4)
                0x00005b4c                __fini_array_start = .
 *(.fini_array)
 .fini_array    0x00005b4c        0x4 c:/program files (x86)/cypress/psoc creator/4.2/psoc creator/import/gnu/arm/5.4.1/bin/../lib/gcc/arm-none-eabi/5.4.1/armv7-m/crtbegin.o
 *(SORT(.fini_array.*))
                0x00005b50                __fini_array_end = .
                0x00005b50                . = ALIGN (0x4)
 *crtbegin.o(.ctors)
 *(EXCLUDE_FILE(*crtend.o) .ctors)
 *(SORT(.ctors.*))
 *crtend.o(.ctors)
                0x00005b50                . = ALIGN (0x4)
 *crtbegin.o(.dtors)
 *(EXCLUDE_FILE(*crtend.o) .dtors)
 *(SORT(.dtors.*))
 *crtend.o(.dtors)
                0x00005b50                . = ALIGN (0x4)
                0x00005b50                __cy_regions = .
                0x00005b50        0x4 LONG 0x5b60 __cy_region_init_ram
                0x00005b54        0x4 LONG 0x1fff80c8 __cy_region_start_data
                0x00005b58        0x4 LONG 0xc0 __cy_region_init_size_ram
                0x00005b5c        0x4 LONG 0x890 __cy_region_zero_size_ram
                0x00005b60                __cy_regions_end = .
                0x00005b60                . = ALIGN (0x8)
                0x00005b60                _etext = .

.cy_checksum_exclude
                0x00005b60        0x0
 *(.cy_checksum_exclude)

.ramvectors     0x1fff8000       0xc0
                0x1fff8000                __cy_region_start_ram = .
 *(.ramvectors)
 .ramvectors    0x1fff8000       0xc0 .\CortexM3\ARM_GCC_541\Debug\Cm3Start.o
                0x1fff8000                CyRamVectors

.noinit         0x1fff80c0        0x1
 *(.noinit)
 .noinit        0x1fff80c0        0x1 .\CortexM3\ARM_GCC_541\Debug\AHU_2.a(CyLib.o)
                0x1fff80c0                CyResetStatus

.data           0x1fff80c8       0xc0 load address 0x00005b60
                0x1fff80c8                __cy_region_start_data = .
 *(.jcr)
 .jcr           0x1fff80c8        0x0 c:/program files (x86)/cypress/psoc creator/4.2/psoc creator/import/gnu/arm/5.4.1/bin/../lib/gcc/arm-none-eabi/5.4.1/armv7-m/crtbegin.o
 .jcr           0x1fff80c8        0x4 c:/program files (x86)/cypress/psoc creator/4.2/psoc creator/import/gnu/arm/5.4.1/bin/../lib/gcc/arm-none-eabi/5.4.1/armv7-m/crtend.o
 *(.got.plt)
 *(.got)
 *(.shdata)
 *(.data .data.* .gnu.linkonce.d.*)
 .data          0x1fff80cc        0x2 .\CortexM3\ARM_GCC_541\Debug\ds18b20.o
 *fill*         0x1fff80ce        0x2 
 .data          0x1fff80d0        0x4 .\CortexM3\ARM_GCC_541\Debug\Cm3Start.o
 .data          0x1fff80d4       0x10 .\CortexM3\ARM_GCC_541\Debug\AHU_2.a(CyLib.o)
                0x1fff80d4                cydelay_32k_ms
                0x1fff80d8                cydelay_freq_khz
                0x1fff80dc                cydelay_freq_mhz
                0x1fff80e0                cydelay_freq_hz
 .data          0x1fff80e4        0x1 .\CortexM3\ARM_GCC_541\Debug\AHU_2.a(ADC.o)
                0x1fff80e4                ADC_Config
 .data          0x1fff80e5        0x1 .\CortexM3\ARM_GCC_541\Debug\AHU_2.a(ADC_AMux.o)
 .data          0x1fff80e6        0x1 .\CortexM3\ARM_GCC_541\Debug\AHU_2.a(AMux.o)
 *fill*         0x1fff80e7        0x1 
 .data.impure_data
                0x1fff80e8       0x60 c:/program files (x86)/cypress/psoc creator/4.2/psoc creator/import/gnu/arm/5.4.1/bin/../lib/gcc/arm-none-eabi/5.4.1/../../../../arm-none-eabi/lib/armv7-m\libg_nano.a(lib_a-impure.o)
 .data._impure_ptr
                0x1fff8148        0x4 c:/program files (x86)/cypress/psoc creator/4.2/psoc creator/import/gnu/arm/5.4.1/bin/../lib/gcc/arm-none-eabi/5.4.1/../../../../arm-none-eabi/lib/armv7-m\libg_nano.a(lib_a-impure.o)
                0x1fff8148                _impure_ptr
 .data.lconv    0x1fff814c       0x38 c:/program files (x86)/cypress/psoc creator/4.2/psoc creator/import/gnu/arm/5.4.1/bin/../lib/gcc/arm-none-eabi/5.4.1/../../../../arm-none-eabi/lib/armv7-m\libg_nano.a(lib_a-locale.o)
                0x1fff8188                . = ALIGN (0x8)
 *fill*         0x1fff8184        0x4 
 *(.ram)
                0x1fff8188                _edata = .

.igot.plt       0x1fff8188        0x0 load address 0x00005c20
 .igot.plt      0x1fff8188        0x0 c:/program files (x86)/cypress/psoc creator/4.2/psoc creator/import/gnu/arm/5.4.1/bin/../lib/gcc/arm-none-eabi/5.4.1/armv7-m/crtbegin.o

.bss            0x1fff8188      0x890 load address 0x00005c20
                0x1fff8188                PROVIDE (__bss_start__, .)
 *(.shbss)
 *(.bss .bss.* .gnu.linkonce.b.*)
 .bss           0x1fff8188       0x1c c:/program files (x86)/cypress/psoc creator/4.2/psoc creator/import/gnu/arm/5.4.1/bin/../lib/gcc/arm-none-eabi/5.4.1/armv7-m/crtbegin.o
 .bss           0x1fff81a4       0x5d .\CortexM3\ARM_GCC_541\Debug\main.o
                0x1fff81a4                wemos_pos
                0x1fff81a8                last31855
                0x1fff81c8                lastDS18B20
                0x1fff81f0                last_Adc_result
                0x1fff8200                lastPins
 *fill*         0x1fff8201        0x3 
 .bss           0x1fff8204        0x4 .\CortexM3\ARM_GCC_541\Debug\ds18b20.o
 .bss           0x1fff8208        0x1 .\CortexM3\ARM_GCC_541\Debug\one_wire.o
                0x1fff8208                one_wire_device_count
 .bss           0x1fff8209        0x2 .\CortexM3\ARM_GCC_541\Debug\AHU_2.a(RS485.o)
                0x1fff8209                RS485_initVar
 .bss           0x1fff820b        0x1 .\CortexM3\ARM_GCC_541\Debug\AHU_2.a(Timer.o)
                0x1fff820b                Timer_initVar
 .bss           0x1fff820c       0x10 .\CortexM3\ARM_GCC_541\Debug\AHU_2.a(ADC.o)
                0x1fff8214                ADC_stopConversion
                0x1fff8215                ADC_convDone
                0x1fff8216                ADC_initVar
                0x1fff8217                ADC_started
                0x1fff8218                ADC_Offset
 .bss           0x1fff821c        0x2 .\CortexM3\ARM_GCC_541\Debug\AHU_2.a(Wemos.o)
                0x1fff821c                Wemos_initVar
 *fill*         0x1fff821e        0x2 
 .bss.__malloc_sbrk_start
                0x1fff8220        0x4 c:/program files (x86)/cypress/psoc creator/4.2/psoc creator/import/gnu/arm/5.4.1/bin/../lib/gcc/arm-none-eabi/5.4.1/../../../../arm-none-eabi/lib/armv7-m\libg_nano.a(lib_a-nano-mallocr.o)
                0x1fff8220                __malloc_sbrk_start
 .bss.__malloc_free_list
                0x1fff8224        0x4 c:/program files (x86)/cypress/psoc creator/4.2/psoc creator/import/gnu/arm/5.4.1/bin/../lib/gcc/arm-none-eabi/5.4.1/../../../../arm-none-eabi/lib/armv7-m\libg_nano.a(lib_a-nano-mallocr.o)
                0x1fff8224                __malloc_free_list
 *(COMMON)
 COMMON         0x1fff8228      0x660 .\CortexM3\ARM_GCC_541\Debug\main.o
                0x1fff8228                version
                0x1fff8234                registers
                0x1fff848c                esc_time
                0x1fff8490                modbus_slave
                0x1fff8491                esc
                0x1fff8492                myId
                0x1fff8493                rx_timed_out
                0x1fff8494                rs485_buffer
                0x1fff8594                modbus_wait
                0x1fff8598                Global_time
                0x1fff859c                telegram
                0x1fff85a8                rs485_pos
                0x1fff85a9                modbus_state
                0x1fff85ac                wemos_buffer
                0x1fff862c                slave_id
                0x1fff862e                last_modbus_time
                0x1fff8630                last_registers
 COMMON         0x1fff8888       0x60 .\CortexM3\ARM_GCC_541\Debug\one_wire.o
                0x1fff8888                last_device_flag
                0x1fff888c                ROM_NO
                0x1fff8894                crc8
                0x1fff8895                state
                0x1fff8896                last_mismatch
                0x1fff8898                one_wire_devices
 COMMON         0x1fff88e8      0x124 .\CortexM3\ARM_GCC_541\Debug\ModbusRtu.o
                0x1fff88e8                au16regs
                0x1fff88ec                u8lastRec
                0x1fff88ee                u16errCnt
                0x1fff88f0                u16InCnt
                0x1fff88f2                u8state
                0x1fff88f3                u8serno
                0x1fff88f4                u32timeOut
                0x1fff88f8                u16OutCnt
                0x1fff88fa                u8txenpin
                0x1fff88fc                au8Buffer
                0x1fff89fa                u16timeOut
                0x1fff89fc                u8id
                0x1fff8a00                u32time
                0x1fff8a04                u8BufferSize
                0x1fff8a05                u8regsize
                0x1fff8a06                u8lastError
                0x1fff8a08                u32overTime
 COMMON         0x1fff8a0c        0x4 .\CortexM3\ARM_GCC_541\Debug\AHU_2.a(ADC.o)
                0x1fff8a0c                ADC_CountsPerVolt
 COMMON         0x1fff8a10        0x4 c:/program files (x86)/cypress/psoc creator/4.2/psoc creator/import/gnu/arm/5.4.1/bin/../lib/gcc/arm-none-eabi/5.4.1/../../../../arm-none-eabi/lib/armv7-m\libg_nano.a(lib_a-reent.o)
                0x1fff8a10                errno
                0x1fff8a18                . = ALIGN (0x8)
 *fill*         0x1fff8a14        0x4 
 *(.ram.b)
                0x1fff8a18                _end = .
                0x1fff8a18                __end = .
                0x1fff8a18                PROVIDE (end, .)
                0x1fff8a18                PROVIDE (__bss_end__, .)
                0x00005b60                __cy_region_init_ram = LOADADDR (.data)
                0x000000c0                __cy_region_init_size_ram = (_edata - ADDR (.data))
                0x00000890                __cy_region_zero_size_ram = (_end - _edata)

.heap           0x1fff8a18     0x8000 load address 0x00005c20
                0x1fff8a18                . = _end
                0x20000a18                . = (. + 0x8000)
 *fill*         0x1fff8a18     0x8000 
                0x20000a18                __cy_heap_limit = .

.stack          0x20004000     0x4000
                0x20004000                __cy_stack_limit = .
                0x20008000                . = (. + 0x4000)
 *fill*         0x20004000     0x4000 
                0x00000001                ASSERT ((__cy_stack_limit >= __cy_heap_limit), region RAM overflowed with stack)
                0x00000000                cy_checksum_exclude_size = (CY_APPL_LOADABLE == 0x1)?SIZEOF (.cy_checksum_exclude):0x0
                0x00000001                ASSERT ((cy_checksum_exclude_size <= CY_CHECKSUM_EXCLUDE_SIZE), CY_BOOT: Section .cy_checksum_exclude size exceedes specified limit.)

.cyloadermeta
 *(.cyloadermeta)

.cyloadablemeta
 *(.cyloadablemeta)

.cyconfigecc    0x80000000      0xafc
 *(.cyconfigecc)
 .cyconfigecc   0x80000000      0xafc .\CortexM3\ARM_GCC_541\Debug\cymetadata.o
                0x80000000                cy_meta_configecc

.cycustnvl      0x90000000        0x4
 *(.cycustnvl)
 .cycustnvl     0x90000000        0x4 .\CortexM3\ARM_GCC_541\Debug\cymetadata.o
                0x90000000                cy_meta_custnvl

.cywolatch      0x90100000        0x4
 *(.cywolatch)
 .cywolatch     0x90100000        0x4 .\CortexM3\ARM_GCC_541\Debug\cymetadata.o
                0x90100000                cy_meta_wonvl

.cyeeprom       0x90200000        0x0
 *(.cyeeprom)
                0x00000001                ASSERT ((. <= ((0x90200000 + ee_offset) + ee_size)), .cyeeprom data will not fit in EEPROM)

.cyflashprotect
                0x90400000      0x100
 *(.cyflashprotect)
 .cyflashprotect
                0x90400000      0x100 .\CortexM3\ARM_GCC_541\Debug\cymetadata.o
                0x90400000                cy_meta_flashprotect

.cymeta         0x90500000        0xc
 *(.cymeta)
 .cymeta        0x90500000        0xc .\CortexM3\ARM_GCC_541\Debug\cymetadata.o
                0x90500000                cy_metadata

.rel.dyn        0x00005c20        0x0 load address 0x9050000c
 .rel.iplt      0x00005c20        0x0 c:/program files (x86)/cypress/psoc creator/4.2/psoc creator/import/gnu/arm/5.4.1/bin/../lib/gcc/arm-none-eabi/5.4.1/armv7-m/crtbegin.o

.stab
 *(.stab)

.stabstr
 *(.stabstr)

.debug
 *(.debug)

.line
 *(.line)

.debug_srcinfo
 *(.debug_srcinfo)

.debug_sfnames
 *(.debug_sfnames)

.debug_aranges  0x00000000     0x1108
 *(.debug_aranges)
 .debug_aranges
                0x00000000       0x58 .\CortexM3\ARM_GCC_541\Debug\main.o
 .debug_aranges
                0x00000058       0x78 .\CortexM3\ARM_GCC_541\Debug\ds18b20.o
 .debug_aranges
                0x000000d0       0x98 .\CortexM3\ARM_GCC_541\Debug\one_wire.o
 .debug_aranges
                0x00000168       0x38 .\CortexM3\ARM_GCC_541\Debug\max31855.o
 .debug_aranges
                0x000001a0       0xc0 .\CortexM3\ARM_GCC_541\Debug\ModbusRtu.o
 .debug_aranges
                0x00000260       0x78 .\CortexM3\ARM_GCC_541\Debug\cyfitter_cfg.o
 .debug_aranges
                0x000002d8       0x18 .\CortexM3\ARM_GCC_541\Debug\cymetadata.o
 .debug_aranges
                0x000002f0       0x48 .\CortexM3\ARM_GCC_541\Debug\Cm3Start.o
 .debug_aranges
                0x00000338      0x2a0 .\CortexM3\ARM_GCC_541\Debug\AHU_2.a(CyLib.o)
 .debug_aranges
                0x000005d8       0x98 .\CortexM3\ARM_GCC_541\Debug\AHU_2.a(cyPm.o)
 .debug_aranges
                0x00000670       0xf0 .\CortexM3\ARM_GCC_541\Debug\AHU_2.a(RS485.o)
 .debug_aranges
                0x00000760       0x28 .\CortexM3\ARM_GCC_541\Debug\AHU_2.a(Temp_CLK.o)
 .debug_aranges
                0x00000788       0x28 .\CortexM3\ARM_GCC_541\Debug\AHU_2.a(Temp_CS.o)
 .debug_aranges
                0x000007b0       0x70 .\CortexM3\ARM_GCC_541\Debug\AHU_2.a(RS485_IntClock.o)
 .debug_aranges
                0x00000820       0x38 .\CortexM3\ARM_GCC_541\Debug\AHU_2.a(MAX31855_MISO.o)
 .debug_aranges
                0x00000858       0x88 .\CortexM3\ARM_GCC_541\Debug\AHU_2.a(Timer.o)
 .debug_aranges
                0x000008e0       0x80 .\CortexM3\ARM_GCC_541\Debug\AHU_2.a(Timer_Int.o)
 .debug_aranges
                0x00000960       0xe8 .\CortexM3\ARM_GCC_541\Debug\AHU_2.a(ADC.o)
 .debug_aranges
                0x00000a48       0x38 .\CortexM3\ARM_GCC_541\Debug\AHU_2.a(ADC_INT.o)
 .debug_aranges
                0x00000a80       0x30 .\CortexM3\ARM_GCC_541\Debug\AHU_2.a(ADC_AMux.o)
 .debug_aranges
                0x00000ab0       0x70 .\CortexM3\ARM_GCC_541\Debug\AHU_2.a(ADC_Ext_CP_Clk.o)
 .debug_aranges
                0x00000b20       0x80 .\CortexM3\ARM_GCC_541\Debug\AHU_2.a(ADC_theACLK.o)
 .debug_aranges
                0x00000ba0       0x30 .\CortexM3\ARM_GCC_541\Debug\AHU_2.a(AMux.o)
 .debug_aranges
                0x00000bd0       0x38 .\CortexM3\ARM_GCC_541\Debug\AHU_2.a(Wire1.o)
 .debug_aranges
                0x00000c08       0x38 .\CortexM3\ARM_GCC_541\Debug\AHU_2.a(LED.o)
 .debug_aranges
                0x00000c40       0xf0 .\CortexM3\ARM_GCC_541\Debug\AHU_2.a(Wemos.o)
 .debug_aranges
                0x00000d30       0x70 .\CortexM3\ARM_GCC_541\Debug\AHU_2.a(Wemos_IntClock.o)
 .debug_aranges
                0x00000da0       0x80 .\CortexM3\ARM_GCC_541\Debug\AHU_2.a(Wemos_Rx_Int.o)
 .debug_aranges
                0x00000e20       0x38 .\CortexM3\ARM_GCC_541\Debug\AHU_2.a(RS485_En.o)
 .debug_aranges
                0x00000e58       0x98 .\CortexM3\ARM_GCC_541\Debug\AHU_2.a(Rx_Timer.o)
 .debug_aranges
                0x00000ef0       0x80 .\CortexM3\ARM_GCC_541\Debug\AHU_2.a(Rx_Timer_Int.o)
 .debug_aranges
                0x00000f70       0x38 .\CortexM3\ARM_GCC_541\Debug\AHU_2.a(DIP.o)
 .debug_aranges
                0x00000fa8       0x38 .\CortexM3\ARM_GCC_541\Debug\AHU_2.a(DINP.o)
 .debug_aranges
                0x00000fe0       0x20 .\CortexM3\ARM_GCC_541\Debug\AHU_2.a(CyBootAsmGnu.o)
 .debug_aranges
                0x00001000       0x88 .\CortexM3\ARM_GCC_541\Debug\AHU_2.a(CyFlash.o)
 .debug_aranges
                0x00001088       0x80 .\CortexM3\ARM_GCC_541\Debug\AHU_2.a(CySpc.o)

.debug_pubnames
 *(.debug_pubnames)

.debug_info     0x00000000     0x9ce2
 *(.debug_info .gnu.linkonce.wi.*)
 .debug_info    0x00000000      0xfb3 .\CortexM3\ARM_GCC_541\Debug\main.o
 .debug_info    0x00000fb3      0x5c1 .\CortexM3\ARM_GCC_541\Debug\ds18b20.o
 .debug_info    0x00001574      0x771 .\CortexM3\ARM_GCC_541\Debug\one_wire.o
 .debug_info    0x00001ce5      0x316 .\CortexM3\ARM_GCC_541\Debug\max31855.o
 .debug_info    0x00001ffb      0xb8f .\CortexM3\ARM_GCC_541\Debug\ModbusRtu.o
 .debug_info    0x00002b8a      0x765 .\CortexM3\ARM_GCC_541\Debug\cyfitter_cfg.o
 .debug_info    0x000032ef      0x139 .\CortexM3\ARM_GCC_541\Debug\cymetadata.o
 .debug_info    0x00003428      0x3bb .\CortexM3\ARM_GCC_541\Debug\Cm3Start.o
 .debug_info    0x000037e3     0x1374 .\CortexM3\ARM_GCC_541\Debug\AHU_2.a(CyLib.o)
 .debug_info    0x00004b57      0xa2a .\CortexM3\ARM_GCC_541\Debug\AHU_2.a(cyPm.o)
 .debug_info    0x00005581      0x60c .\CortexM3\ARM_GCC_541\Debug\AHU_2.a(RS485.o)
 .debug_info    0x00005b8d       0xd6 .\CortexM3\ARM_GCC_541\Debug\AHU_2.a(Temp_CLK.o)
 .debug_info    0x00005c63       0xd6 .\CortexM3\ARM_GCC_541\Debug\AHU_2.a(Temp_CS.o)
 .debug_info    0x00005d39      0x283 .\CortexM3\ARM_GCC_541\Debug\AHU_2.a(RS485_IntClock.o)
 .debug_info    0x00005fbc      0x11f .\CortexM3\ARM_GCC_541\Debug\AHU_2.a(MAX31855_MISO.o)
 .debug_info    0x000060db      0x295 .\CortexM3\ARM_GCC_541\Debug\AHU_2.a(Timer.o)
 .debug_info    0x00006370      0x2d2 .\CortexM3\ARM_GCC_541\Debug\AHU_2.a(Timer_Int.o)
 .debug_info    0x00006642      0xab8 .\CortexM3\ARM_GCC_541\Debug\AHU_2.a(ADC.o)
 .debug_info    0x000070fa       0xd3 .\CortexM3\ARM_GCC_541\Debug\AHU_2.a(ADC_INT.o)
 .debug_info    0x000071cd      0x165 .\CortexM3\ARM_GCC_541\Debug\AHU_2.a(ADC_AMux.o)
 .debug_info    0x00007332      0x283 .\CortexM3\ARM_GCC_541\Debug\AHU_2.a(ADC_Ext_CP_Clk.o)
 .debug_info    0x000075b5      0x2c4 .\CortexM3\ARM_GCC_541\Debug\AHU_2.a(ADC_theACLK.o)
 .debug_info    0x00007879      0x165 .\CortexM3\ARM_GCC_541\Debug\AHU_2.a(AMux.o)
 .debug_info    0x000079de      0x11f .\CortexM3\ARM_GCC_541\Debug\AHU_2.a(Wire1.o)
 .debug_info    0x00007afd      0x11f .\CortexM3\ARM_GCC_541\Debug\AHU_2.a(LED.o)
 .debug_info    0x00007c1c      0x60c .\CortexM3\ARM_GCC_541\Debug\AHU_2.a(Wemos.o)
 .debug_info    0x00008228      0x283 .\CortexM3\ARM_GCC_541\Debug\AHU_2.a(Wemos_IntClock.o)
 .debug_info    0x000084ab      0x2d2 .\CortexM3\ARM_GCC_541\Debug\AHU_2.a(Wemos_Rx_Int.o)
 .debug_info    0x0000877d      0x11f .\CortexM3\ARM_GCC_541\Debug\AHU_2.a(RS485_En.o)
 .debug_info    0x0000889c      0x329 .\CortexM3\ARM_GCC_541\Debug\AHU_2.a(Rx_Timer.o)
 .debug_info    0x00008bc5      0x2d2 .\CortexM3\ARM_GCC_541\Debug\AHU_2.a(Rx_Timer_Int.o)
 .debug_info    0x00008e97      0x11f .\CortexM3\ARM_GCC_541\Debug\AHU_2.a(DIP.o)
 .debug_info    0x00008fb6      0x11f .\CortexM3\ARM_GCC_541\Debug\AHU_2.a(DINP.o)
 .debug_info    0x000090d5       0x70 .\CortexM3\ARM_GCC_541\Debug\AHU_2.a(CyBootAsmGnu.o)
 .debug_info    0x00009145      0x64d .\CortexM3\ARM_GCC_541\Debug\AHU_2.a(CyFlash.o)
 .debug_info    0x00009792      0x550 .\CortexM3\ARM_GCC_541\Debug\AHU_2.a(CySpc.o)

.debug_abbrev   0x00000000     0x2bfb
 *(.debug_abbrev)
 .debug_abbrev  0x00000000      0x201 .\CortexM3\ARM_GCC_541\Debug\main.o
 .debug_abbrev  0x00000201      0x18c .\CortexM3\ARM_GCC_541\Debug\ds18b20.o
 .debug_abbrev  0x0000038d      0x265 .\CortexM3\ARM_GCC_541\Debug\one_wire.o
 .debug_abbrev  0x000005f2       0xff .\CortexM3\ARM_GCC_541\Debug\max31855.o
 .debug_abbrev  0x000006f1      0x2fa .\CortexM3\ARM_GCC_541\Debug\ModbusRtu.o
 .debug_abbrev  0x000009eb      0x22d .\CortexM3\ARM_GCC_541\Debug\cyfitter_cfg.o
 .debug_abbrev  0x00000c18       0x77 .\CortexM3\ARM_GCC_541\Debug\cymetadata.o
 .debug_abbrev  0x00000c8f      0x1e8 .\CortexM3\ARM_GCC_541\Debug\Cm3Start.o
 .debug_abbrev  0x00000e77      0x254 .\CortexM3\ARM_GCC_541\Debug\AHU_2.a(CyLib.o)
 .debug_abbrev  0x000010cb      0x1ab .\CortexM3\ARM_GCC_541\Debug\AHU_2.a(cyPm.o)
 .debug_abbrev  0x00001276      0x175 .\CortexM3\ARM_GCC_541\Debug\AHU_2.a(RS485.o)
 .debug_abbrev  0x000013eb       0x81 .\CortexM3\ARM_GCC_541\Debug\AHU_2.a(Temp_CLK.o)
 .debug_abbrev  0x0000146c       0x81 .\CortexM3\ARM_GCC_541\Debug\AHU_2.a(Temp_CS.o)
 .debug_abbrev  0x000014ed      0x139 .\CortexM3\ARM_GCC_541\Debug\AHU_2.a(RS485_IntClock.o)
 .debug_abbrev  0x00001626       0x90 .\CortexM3\ARM_GCC_541\Debug\AHU_2.a(MAX31855_MISO.o)
 .debug_abbrev  0x000016b6      0x11a .\CortexM3\ARM_GCC_541\Debug\AHU_2.a(Timer.o)
 .debug_abbrev  0x000017d0      0x173 .\CortexM3\ARM_GCC_541\Debug\AHU_2.a(Timer_Int.o)
 .debug_abbrev  0x00001943      0x1cd .\CortexM3\ARM_GCC_541\Debug\AHU_2.a(ADC.o)
 .debug_abbrev  0x00001b10       0x42 .\CortexM3\ARM_GCC_541\Debug\AHU_2.a(ADC_INT.o)
 .debug_abbrev  0x00001b52       0xb1 .\CortexM3\ARM_GCC_541\Debug\AHU_2.a(ADC_AMux.o)
 .debug_abbrev  0x00001c03      0x139 .\CortexM3\ARM_GCC_541\Debug\AHU_2.a(ADC_Ext_CP_Clk.o)
 .debug_abbrev  0x00001d3c      0x121 .\CortexM3\ARM_GCC_541\Debug\AHU_2.a(ADC_theACLK.o)
 .debug_abbrev  0x00001e5d       0xb1 .\CortexM3\ARM_GCC_541\Debug\AHU_2.a(AMux.o)
 .debug_abbrev  0x00001f0e       0x90 .\CortexM3\ARM_GCC_541\Debug\AHU_2.a(Wire1.o)
 .debug_abbrev  0x00001f9e       0x90 .\CortexM3\ARM_GCC_541\Debug\AHU_2.a(LED.o)
 .debug_abbrev  0x0000202e      0x175 .\CortexM3\ARM_GCC_541\Debug\AHU_2.a(Wemos.o)
 .debug_abbrev  0x000021a3      0x139 .\CortexM3\ARM_GCC_541\Debug\AHU_2.a(Wemos_IntClock.o)
 .debug_abbrev  0x000022dc      0x173 .\CortexM3\ARM_GCC_541\Debug\AHU_2.a(Wemos_Rx_Int.o)
 .debug_abbrev  0x0000244f       0x90 .\CortexM3\ARM_GCC_541\Debug\AHU_2.a(RS485_En.o)
 .debug_abbrev  0x000024df      0x13a .\CortexM3\ARM_GCC_541\Debug\AHU_2.a(Rx_Timer.o)
 .debug_abbrev  0x00002619      0x173 .\CortexM3\ARM_GCC_541\Debug\AHU_2.a(Rx_Timer_Int.o)
 .debug_abbrev  0x0000278c       0x90 .\CortexM3\ARM_GCC_541\Debug\AHU_2.a(DIP.o)
 .debug_abbrev  0x0000281c       0x90 .\CortexM3\ARM_GCC_541\Debug\AHU_2.a(DINP.o)
 .debug_abbrev  0x000028ac       0x14 .\CortexM3\ARM_GCC_541\Debug\AHU_2.a(CyBootAsmGnu.o)
 .debug_abbrev  0x000028c0      0x1a7 .\CortexM3\ARM_GCC_541\Debug\AHU_2.a(CyFlash.o)
 .debug_abbrev  0x00002a67      0x194 .\CortexM3\ARM_GCC_541\Debug\AHU_2.a(CySpc.o)

.debug_line     0x00000000     0x448e
 *(.debug_line)
 .debug_line    0x00000000      0x51c .\CortexM3\ARM_GCC_541\Debug\main.o
 .debug_line    0x0000051c      0x32f .\CortexM3\ARM_GCC_541\Debug\ds18b20.o
 .debug_line    0x0000084b      0x35b .\CortexM3\ARM_GCC_541\Debug\one_wire.o
 .debug_line    0x00000ba6      0x20a .\CortexM3\ARM_GCC_541\Debug\max31855.o
 .debug_line    0x00000db0      0x4f3 .\CortexM3\ARM_GCC_541\Debug\ModbusRtu.o
 .debug_line    0x000012a3      0x24f .\CortexM3\ARM_GCC_541\Debug\cyfitter_cfg.o
 .debug_line    0x000014f2      0x141 .\CortexM3\ARM_GCC_541\Debug\cymetadata.o
 .debug_line    0x00001633      0x234 .\CortexM3\ARM_GCC_541\Debug\Cm3Start.o
 .debug_line    0x00001867      0x816 .\CortexM3\ARM_GCC_541\Debug\AHU_2.a(CyLib.o)
 .debug_line    0x0000207d      0x367 .\CortexM3\ARM_GCC_541\Debug\AHU_2.a(cyPm.o)
 .debug_line    0x000023e4      0x2be .\CortexM3\ARM_GCC_541\Debug\AHU_2.a(RS485.o)
 .debug_line    0x000026a2       0x70 .\CortexM3\ARM_GCC_541\Debug\AHU_2.a(Temp_CLK.o)
 .debug_line    0x00002712       0x6f .\CortexM3\ARM_GCC_541\Debug\AHU_2.a(Temp_CS.o)
 .debug_line    0x00002781      0x17d .\CortexM3\ARM_GCC_541\Debug\AHU_2.a(RS485_IntClock.o)
 .debug_line    0x000028fe       0x9a .\CortexM3\ARM_GCC_541\Debug\AHU_2.a(MAX31855_MISO.o)
 .debug_line    0x00002998      0x153 .\CortexM3\ARM_GCC_541\Debug\AHU_2.a(Timer.o)
 .debug_line    0x00002aeb      0x136 .\CortexM3\ARM_GCC_541\Debug\AHU_2.a(Timer_Int.o)
 .debug_line    0x00002c21      0x38a .\CortexM3\ARM_GCC_541\Debug\AHU_2.a(ADC.o)
 .debug_line    0x00002fab       0x80 .\CortexM3\ARM_GCC_541\Debug\AHU_2.a(ADC_INT.o)
 .debug_line    0x0000302b       0xac .\CortexM3\ARM_GCC_541\Debug\AHU_2.a(ADC_AMux.o)
 .debug_line    0x000030d7      0x17d .\CortexM3\ARM_GCC_541\Debug\AHU_2.a(ADC_Ext_CP_Clk.o)
 .debug_line    0x00003254      0x19d .\CortexM3\ARM_GCC_541\Debug\AHU_2.a(ADC_theACLK.o)
 .debug_line    0x000033f1       0xa8 .\CortexM3\ARM_GCC_541\Debug\AHU_2.a(AMux.o)
 .debug_line    0x00003499       0x92 .\CortexM3\ARM_GCC_541\Debug\AHU_2.a(Wire1.o)
 .debug_line    0x0000352b       0x90 .\CortexM3\ARM_GCC_541\Debug\AHU_2.a(LED.o)
 .debug_line    0x000035bb      0x2be .\CortexM3\ARM_GCC_541\Debug\AHU_2.a(Wemos.o)
 .debug_line    0x00003879      0x17d .\CortexM3\ARM_GCC_541\Debug\AHU_2.a(Wemos_IntClock.o)
 .debug_line    0x000039f6      0x139 .\CortexM3\ARM_GCC_541\Debug\AHU_2.a(Wemos_Rx_Int.o)
 .debug_line    0x00003b2f       0x95 .\CortexM3\ARM_GCC_541\Debug\AHU_2.a(RS485_En.o)
 .debug_line    0x00003bc4      0x18a .\CortexM3\ARM_GCC_541\Debug\AHU_2.a(Rx_Timer.o)
 .debug_line    0x00003d4e      0x139 .\CortexM3\ARM_GCC_541\Debug\AHU_2.a(Rx_Timer_Int.o)
 .debug_line    0x00003e87       0x93 .\CortexM3\ARM_GCC_541\Debug\AHU_2.a(DIP.o)
 .debug_line    0x00003f1a       0x94 .\CortexM3\ARM_GCC_541\Debug\AHU_2.a(DINP.o)
 .debug_line    0x00003fae       0x66 .\CortexM3\ARM_GCC_541\Debug\AHU_2.a(CyBootAsmGnu.o)
 .debug_line    0x00004014      0x21a .\CortexM3\ARM_GCC_541\Debug\AHU_2.a(CyFlash.o)
 .debug_line    0x0000422e      0x260 .\CortexM3\ARM_GCC_541\Debug\AHU_2.a(CySpc.o)

.debug_frame    0x00000000     0x3110
 *(.debug_frame)
 .debug_frame   0x00000000      0x11c .\CortexM3\ARM_GCC_541\Debug\main.o
 .debug_frame   0x0000011c      0x168 .\CortexM3\ARM_GCC_541\Debug\ds18b20.o
 .debug_frame   0x00000284      0x1d0 .\CortexM3\ARM_GCC_541\Debug\one_wire.o
 .debug_frame   0x00000454       0x84 .\CortexM3\ARM_GCC_541\Debug\max31855.o
 .debug_frame   0x000004d8      0x244 .\CortexM3\ARM_GCC_541\Debug\ModbusRtu.o
 .debug_frame   0x0000071c      0x13c .\CortexM3\ARM_GCC_541\Debug\cyfitter_cfg.o
 .debug_frame   0x00000858       0xb8 .\CortexM3\ARM_GCC_541\Debug\Cm3Start.o
 .debug_frame   0x00000910      0x738 .\CortexM3\ARM_GCC_541\Debug\AHU_2.a(CyLib.o)
 .debug_frame   0x00001048      0x1f8 .\CortexM3\ARM_GCC_541\Debug\AHU_2.a(cyPm.o)
 .debug_frame   0x00001240      0x250 .\CortexM3\ARM_GCC_541\Debug\AHU_2.a(RS485.o)
 .debug_frame   0x00001490       0x30 .\CortexM3\ARM_GCC_541\Debug\AHU_2.a(Temp_CLK.o)
 .debug_frame   0x000014c0       0x30 .\CortexM3\ARM_GCC_541\Debug\AHU_2.a(Temp_CS.o)
 .debug_frame   0x000014f0       0xe0 .\CortexM3\ARM_GCC_541\Debug\AHU_2.a(RS485_IntClock.o)
 .debug_frame   0x000015d0       0x50 .\CortexM3\ARM_GCC_541\Debug\AHU_2.a(MAX31855_MISO.o)
 .debug_frame   0x00001620      0x108 .\CortexM3\ARM_GCC_541\Debug\AHU_2.a(Timer.o)
 .debug_frame   0x00001728      0x104 .\CortexM3\ARM_GCC_541\Debug\AHU_2.a(Timer_Int.o)
 .debug_frame   0x0000182c      0x288 .\CortexM3\ARM_GCC_541\Debug\AHU_2.a(ADC.o)
 .debug_frame   0x00001ab4       0x50 .\CortexM3\ARM_GCC_541\Debug\AHU_2.a(ADC_INT.o)
 .debug_frame   0x00001b04       0x64 .\CortexM3\ARM_GCC_541\Debug\AHU_2.a(ADC_AMux.o)
 .debug_frame   0x00001b68       0xe0 .\CortexM3\ARM_GCC_541\Debug\AHU_2.a(ADC_Ext_CP_Clk.o)
 .debug_frame   0x00001c48      0x100 .\CortexM3\ARM_GCC_541\Debug\AHU_2.a(ADC_theACLK.o)
 .debug_frame   0x00001d48       0x64 .\CortexM3\ARM_GCC_541\Debug\AHU_2.a(AMux.o)
 .debug_frame   0x00001dac       0x50 .\CortexM3\ARM_GCC_541\Debug\AHU_2.a(Wire1.o)
 .debug_frame   0x00001dfc       0x50 .\CortexM3\ARM_GCC_541\Debug\AHU_2.a(LED.o)
 .debug_frame   0x00001e4c      0x250 .\CortexM3\ARM_GCC_541\Debug\AHU_2.a(Wemos.o)
 .debug_frame   0x0000209c       0xe0 .\CortexM3\ARM_GCC_541\Debug\AHU_2.a(Wemos_IntClock.o)
 .debug_frame   0x0000217c      0x104 .\CortexM3\ARM_GCC_541\Debug\AHU_2.a(Wemos_Rx_Int.o)
 .debug_frame   0x00002280       0x50 .\CortexM3\ARM_GCC_541\Debug\AHU_2.a(RS485_En.o)
 .debug_frame   0x000022d0      0x134 .\CortexM3\ARM_GCC_541\Debug\AHU_2.a(Rx_Timer.o)
 .debug_frame   0x00002404      0x104 .\CortexM3\ARM_GCC_541\Debug\AHU_2.a(Rx_Timer_Int.o)
 .debug_frame   0x00002508       0x50 .\CortexM3\ARM_GCC_541\Debug\AHU_2.a(DIP.o)
 .debug_frame   0x00002558       0x50 .\CortexM3\ARM_GCC_541\Debug\AHU_2.a(DINP.o)
 .debug_frame   0x000025a8      0x194 .\CortexM3\ARM_GCC_541\Debug\AHU_2.a(CyFlash.o)
 .debug_frame   0x0000273c      0x180 .\CortexM3\ARM_GCC_541\Debug\AHU_2.a(CySpc.o)
 .debug_frame   0x000028bc       0x30 c:/program files (x86)/cypress/psoc creator/4.2/psoc creator/import/gnu/arm/5.4.1/bin/../lib/gcc/arm-none-eabi/5.4.1/../../../../arm-none-eabi/lib/armv7-m\libm.a(lib_a-s_round.o)
 .debug_frame   0x000028ec       0x20 c:/program files (x86)/cypress/psoc creator/4.2/psoc creator/import/gnu/arm/5.4.1/bin/../lib/gcc/arm-none-eabi/5.4.1/../../../../arm-none-eabi/lib/armv7-m\libg_nano.a(lib_a-errno.o)
 .debug_frame   0x0000290c       0x28 c:/program files (x86)/cypress/psoc creator/4.2/psoc creator/import/gnu/arm/5.4.1/bin/../lib/gcc/arm-none-eabi/5.4.1/../../../../arm-none-eabi/lib/armv7-m\libg_nano.a(lib_a-exit.o)
 .debug_frame   0x00002934       0x2c c:/program files (x86)/cypress/psoc creator/4.2/psoc creator/import/gnu/arm/5.4.1/bin/../lib/gcc/arm-none-eabi/5.4.1/../../../../arm-none-eabi/lib/armv7-m\libg_nano.a(lib_a-init.o)
 .debug_frame   0x00002960       0x30 c:/program files (x86)/cypress/psoc creator/4.2/psoc creator/import/gnu/arm/5.4.1/bin/../lib/gcc/arm-none-eabi/5.4.1/../../../../arm-none-eabi/lib/armv7-m\libg_nano.a(lib_a-malloc.o)
 .debug_frame   0x00002990       0x28 c:/program files (x86)/cypress/psoc creator/4.2/psoc creator/import/gnu/arm/5.4.1/bin/../lib/gcc/arm-none-eabi/5.4.1/../../../../arm-none-eabi/lib/armv7-m\libg_nano.a(lib_a-memcpy-stub.o)
 .debug_frame   0x000029b8       0x20 c:/program files (x86)/cypress/psoc creator/4.2/psoc creator/import/gnu/arm/5.4.1/bin/../lib/gcc/arm-none-eabi/5.4.1/../../../../arm-none-eabi/lib/armv7-m\libg_nano.a(lib_a-memset.o)
 .debug_frame   0x000029d8       0x38 c:/program files (x86)/cypress/psoc creator/4.2/psoc creator/import/gnu/arm/5.4.1/bin/../lib/gcc/arm-none-eabi/5.4.1/../../../../arm-none-eabi/lib/armv7-m\libg_nano.a(lib_a-nano-freer.o)
 .debug_frame   0x00002a10       0x2c c:/program files (x86)/cypress/psoc creator/4.2/psoc creator/import/gnu/arm/5.4.1/bin/../lib/gcc/arm-none-eabi/5.4.1/../../../../arm-none-eabi/lib/armv7-m\libg_nano.a(lib_a-nano-mallocr.o)
 .debug_frame   0x00002a3c       0x8c c:/program files (x86)/cypress/psoc creator/4.2/psoc creator/import/gnu/arm/5.4.1/bin/../lib/gcc/arm-none-eabi/5.4.1/../../../../arm-none-eabi/lib/armv7-m\libg_nano.a(lib_a-nano-vfprintf_float.o)
 .debug_frame   0x00002ac8       0x60 c:/program files (x86)/cypress/psoc creator/4.2/psoc creator/import/gnu/arm/5.4.1/bin/../lib/gcc/arm-none-eabi/5.4.1/../../../../arm-none-eabi/lib/armv7-m\libg_nano.a(lib_a-nano-vfprintf_i.o)
 .debug_frame   0x00002b28       0x2c c:/program files (x86)/cypress/psoc creator/4.2/psoc creator/import/gnu/arm/5.4.1/bin/../lib/gcc/arm-none-eabi/5.4.1/../../../../arm-none-eabi/lib/armv7-m\libg_nano.a(lib_a-sbrkr.o)
 .debug_frame   0x00002b54       0x70 c:/program files (x86)/cypress/psoc creator/4.2/psoc creator/import/gnu/arm/5.4.1/bin/../lib/gcc/arm-none-eabi/5.4.1/../../../../arm-none-eabi/lib/armv7-m\libg_nano.a(lib_a-sprintf.o)
 .debug_frame   0x00002bc4       0x6c c:/program files (x86)/cypress/psoc creator/4.2/psoc creator/import/gnu/arm/5.4.1/bin/../lib/gcc/arm-none-eabi/5.4.1/../../../../arm-none-eabi/lib/armv7-m\libg_nano.a(lib_a-dtoa.o)
 .debug_frame   0x00002c30       0x98 c:/program files (x86)/cypress/psoc creator/4.2/psoc creator/import/gnu/arm/5.4.1/bin/../lib/gcc/arm-none-eabi/5.4.1/../../../../arm-none-eabi/lib/armv7-m\libg_nano.a(lib_a-locale.o)
 .debug_frame   0x00002cc8       0x28 c:/program files (x86)/cypress/psoc creator/4.2/psoc creator/import/gnu/arm/5.4.1/bin/../lib/gcc/arm-none-eabi/5.4.1/../../../../arm-none-eabi/lib/armv7-m\libg_nano.a(lib_a-memchr-stub.o)
 .debug_frame   0x00002cf0       0x30 c:/program files (x86)/cypress/psoc creator/4.2/psoc creator/import/gnu/arm/5.4.1/bin/../lib/gcc/arm-none-eabi/5.4.1/../../../../arm-none-eabi/lib/armv7-m\libg_nano.a(lib_a-mlock.o)
 .debug_frame   0x00002d20      0x234 c:/program files (x86)/cypress/psoc creator/4.2/psoc creator/import/gnu/arm/5.4.1/bin/../lib/gcc/arm-none-eabi/5.4.1/../../../../arm-none-eabi/lib/armv7-m\libg_nano.a(lib_a-mprec.o)
 .debug_frame   0x00002f54       0x2c c:/program files (x86)/cypress/psoc creator/4.2/psoc creator/import/gnu/arm/5.4.1/bin/../lib/gcc/arm-none-eabi/5.4.1/../../../../arm-none-eabi/lib/armv7-m\libg_nano.a(lib_a-nano-callocr.o)
 .debug_frame   0x00002f80       0x90 c:/program files (x86)/cypress/psoc creator/4.2/psoc creator/import/gnu/arm/5.4.1/bin/../lib/gcc/arm-none-eabi/5.4.1/../../../../arm-none-eabi/lib/armv7-m\libg_nano.a(lib_a-nano-svfprintf.o)
 .debug_frame   0x00003010       0x5c c:/program files (x86)/cypress/psoc creator/4.2/psoc creator/import/gnu/arm/5.4.1/bin/../lib/gcc/arm-none-eabi/5.4.1/../../../../arm-none-eabi/lib/armv7-m\libg_nano.a(lib_a-reent.o)
 .debug_frame   0x0000306c       0x20 c:/program files (x86)/cypress/psoc creator/4.2/psoc creator/import/gnu/arm/5.4.1/bin/../lib/gcc/arm-none-eabi/5.4.1/../../../../arm-none-eabi/lib/armv7-m\libg_nano.a(lib_a-strcmp.o)
 .debug_frame   0x0000308c       0x28 c:/program files (x86)/cypress/psoc creator/4.2/psoc creator/import/gnu/arm/5.4.1/bin/../lib/gcc/arm-none-eabi/5.4.1/../../../../arm-none-eabi/lib/armv7-m\libg_nano.a(lib_a-memmove.o)
 .debug_frame   0x000030b4       0x3c c:/program files (x86)/cypress/psoc creator/4.2/psoc creator/import/gnu/arm/5.4.1/bin/../lib/gcc/arm-none-eabi/5.4.1/../../../../arm-none-eabi/lib/armv7-m\libg_nano.a(lib_a-nano-reallocr.o)
 .debug_frame   0x000030f0       0x20 c:/program files (x86)/cypress/psoc creator/4.2/psoc creator/import/gnu/arm/5.4.1/bin/../lib/gcc/arm-none-eabi/5.4.1/../../../../arm-none-eabi/lib/armv7-m\libg_nano.a(lib_a-nano-msizer.o)

.debug_str      0x00000000     0x3455
 *(.debug_str)
 .debug_str     0x00000000      0x5bb .\CortexM3\ARM_GCC_541\Debug\main.o
                                0x6c7 (size before relaxing)
 .debug_str     0x000005bb      0x1ee .\CortexM3\ARM_GCC_541\Debug\ds18b20.o
                                0x440 (size before relaxing)
 .debug_str     0x000007a9      0x1b7 .\CortexM3\ARM_GCC_541\Debug\one_wire.o
                                0x406 (size before relaxing)
 .debug_str     0x00000960       0x7d .\CortexM3\ARM_GCC_541\Debug\max31855.o
                                0x260 (size before relaxing)
 .debug_str     0x000009dd      0x509 .\CortexM3\ARM_GCC_541\Debug\ModbusRtu.o
                                0x7b4 (size before relaxing)
 .debug_str     0x00000ee6      0x1ee .\CortexM3\ARM_GCC_541\Debug\cyfitter_cfg.o
                                0x3a4 (size before relaxing)
 .debug_str     0x000010d4       0x75 .\CortexM3\ARM_GCC_541\Debug\cymetadata.o
                                0x1c4 (size before relaxing)
 .debug_str     0x00001149      0x13f .\CortexM3\ARM_GCC_541\Debug\Cm3Start.o
                                0x2ea (size before relaxing)
 .debug_str     0x00001288      0x814 .\CortexM3\ARM_GCC_541\Debug\AHU_2.a(CyLib.o)
                                0xa27 (size before relaxing)
 .debug_str     0x00001a9c      0x365 .\CortexM3\ARM_GCC_541\Debug\AHU_2.a(cyPm.o)
                                0x713 (size before relaxing)
 .debug_str     0x00001e01      0x260 .\CortexM3\ARM_GCC_541\Debug\AHU_2.a(RS485.o)
                                0x474 (size before relaxing)
 .debug_str     0x00002061       0x30 .\CortexM3\ARM_GCC_541\Debug\AHU_2.a(Temp_CLK.o)
                                0x198 (size before relaxing)
 .debug_str     0x00002091       0x2e .\CortexM3\ARM_GCC_541\Debug\AHU_2.a(Temp_CS.o)
                                0x195 (size before relaxing)
 .debug_str     0x000020bf      0x18d .\CortexM3\ARM_GCC_541\Debug\AHU_2.a(RS485_IntClock.o)
                                0x322 (size before relaxing)
 .debug_str     0x0000224c       0x7b .\CortexM3\ARM_GCC_541\Debug\AHU_2.a(MAX31855_MISO.o)
                                0x1ea (size before relaxing)
 .debug_str     0x000022c7       0x48 .\CortexM3\ARM_GCC_541\Debug\AHU_2.a(Timer.o)
                                0x2d5 (size before relaxing)
 .debug_str     0x0000230f       0x23 .\CortexM3\ARM_GCC_541\Debug\AHU_2.a(Timer_Int.o)
                                0x2be (size before relaxing)
 .debug_str     0x00002332      0x336 .\CortexM3\ARM_GCC_541\Debug\AHU_2.a(ADC.o)
                                0x5a9 (size before relaxing)
 .debug_str     0x00002668       0x45 .\CortexM3\ARM_GCC_541\Debug\AHU_2.a(ADC_INT.o)
                                0x1a0 (size before relaxing)
 .debug_str     0x000026ad       0x5f .\CortexM3\ARM_GCC_541\Debug\AHU_2.a(ADC_AMux.o)
                                0x1df (size before relaxing)
 .debug_str     0x0000270c      0x12a .\CortexM3\ARM_GCC_541\Debug\AHU_2.a(ADC_Ext_CP_Clk.o)
                                0x322 (size before relaxing)
 .debug_str     0x00002836      0x14f .\CortexM3\ARM_GCC_541\Debug\AHU_2.a(ADC_theACLK.o)
                                0x341 (size before relaxing)
 .debug_str     0x00002985       0x1e .\CortexM3\ARM_GCC_541\Debug\AHU_2.a(AMux.o)
                                0x1c3 (size before relaxing)
 .debug_str     0x000029a3       0x44 .\CortexM3\ARM_GCC_541\Debug\AHU_2.a(Wire1.o)
                                0x1c2 (size before relaxing)
 .debug_str     0x000029e7       0x47 .\CortexM3\ARM_GCC_541\Debug\AHU_2.a(LED.o)
                                0x1b8 (size before relaxing)
 .debug_str     0x00002a2e      0x1d3 .\CortexM3\ARM_GCC_541\Debug\AHU_2.a(Wemos.o)
                                0x474 (size before relaxing)
 .debug_str     0x00002c01      0x142 .\CortexM3\ARM_GCC_541\Debug\AHU_2.a(Wemos_IntClock.o)
                                0x322 (size before relaxing)
 .debug_str     0x00002d43      0x11e .\CortexM3\ARM_GCC_541\Debug\AHU_2.a(Wemos_Rx_Int.o)
                                0x2e8 (size before relaxing)
 .debug_str     0x00002e61       0x5b .\CortexM3\ARM_GCC_541\Debug\AHU_2.a(RS485_En.o)
                                0x1d1 (size before relaxing)
 .debug_str     0x00002ebc      0x177 .\CortexM3\ARM_GCC_541\Debug\AHU_2.a(Rx_Timer.o)
                                0x375 (size before relaxing)
 .debug_str     0x00003033      0x12e .\CortexM3\ARM_GCC_541\Debug\AHU_2.a(Rx_Timer_Int.o)
                                0x2e8 (size before relaxing)
 .debug_str     0x00003161       0x48 .\CortexM3\ARM_GCC_541\Debug\AHU_2.a(DIP.o)
                                0x1b8 (size before relaxing)
 .debug_str     0x000031a9       0x4c .\CortexM3\ARM_GCC_541\Debug\AHU_2.a(DINP.o)
                                0x1bd (size before relaxing)
 .debug_str     0x000031f5      0x1b4 .\CortexM3\ARM_GCC_541\Debug\AHU_2.a(CyFlash.o)
                                0x3a0 (size before relaxing)
 .debug_str     0x000033a9       0xac .\CortexM3\ARM_GCC_541\Debug\AHU_2.a(CySpc.o)
                                0x318 (size before relaxing)

.debug_loc      0x00000000     0x41b3
 *(.debug_loc)
 .debug_loc     0x00000000      0x353 .\CortexM3\ARM_GCC_541\Debug\main.o
 .debug_loc     0x00000353      0x204 .\CortexM3\ARM_GCC_541\Debug\ds18b20.o
 .debug_loc     0x00000557      0x31a .\CortexM3\ARM_GCC_541\Debug\one_wire.o
 .debug_loc     0x00000871      0x1db .\CortexM3\ARM_GCC_541\Debug\max31855.o
 .debug_loc     0x00000a4c      0x838 .\CortexM3\ARM_GCC_541\Debug\ModbusRtu.o
 .debug_loc     0x00001284      0x379 .\CortexM3\ARM_GCC_541\Debug\cyfitter_cfg.o
 .debug_loc     0x000015fd      0x144 .\CortexM3\ARM_GCC_541\Debug\Cm3Start.o
 .debug_loc     0x00001741      0xa11 .\CortexM3\ARM_GCC_541\Debug\AHU_2.a(CyLib.o)
 .debug_loc     0x00002152      0x1e4 .\CortexM3\ARM_GCC_541\Debug\AHU_2.a(cyPm.o)
 .debug_loc     0x00002336      0x258 .\CortexM3\ARM_GCC_541\Debug\AHU_2.a(RS485.o)
 .debug_loc     0x0000258e      0x128 .\CortexM3\ARM_GCC_541\Debug\AHU_2.a(RS485_IntClock.o)
 .debug_loc     0x000026b6       0x42 .\CortexM3\ARM_GCC_541\Debug\AHU_2.a(MAX31855_MISO.o)
 .debug_loc     0x000026f8       0x56 .\CortexM3\ARM_GCC_541\Debug\AHU_2.a(Timer_Int.o)
 .debug_loc     0x0000274e      0x6b6 .\CortexM3\ARM_GCC_541\Debug\AHU_2.a(ADC.o)
 .debug_loc     0x00002e04       0x6c .\CortexM3\ARM_GCC_541\Debug\AHU_2.a(ADC_AMux.o)
 .debug_loc     0x00002e70      0x12c .\CortexM3\ARM_GCC_541\Debug\AHU_2.a(ADC_Ext_CP_Clk.o)
 .debug_loc     0x00002f9c      0x14d .\CortexM3\ARM_GCC_541\Debug\AHU_2.a(ADC_theACLK.o)
 .debug_loc     0x000030e9       0x6c .\CortexM3\ARM_GCC_541\Debug\AHU_2.a(AMux.o)
 .debug_loc     0x00003155       0x42 .\CortexM3\ARM_GCC_541\Debug\AHU_2.a(Wire1.o)
 .debug_loc     0x00003197       0x42 .\CortexM3\ARM_GCC_541\Debug\AHU_2.a(LED.o)
 .debug_loc     0x000031d9      0x258 .\CortexM3\ARM_GCC_541\Debug\AHU_2.a(Wemos.o)
 .debug_loc     0x00003431      0x128 .\CortexM3\ARM_GCC_541\Debug\AHU_2.a(Wemos_IntClock.o)
 .debug_loc     0x00003559       0x56 .\CortexM3\ARM_GCC_541\Debug\AHU_2.a(Wemos_Rx_Int.o)
 .debug_loc     0x000035af       0x42 .\CortexM3\ARM_GCC_541\Debug\AHU_2.a(RS485_En.o)
 .debug_loc     0x000035f1       0x31 .\CortexM3\ARM_GCC_541\Debug\AHU_2.a(Rx_Timer.o)
 .debug_loc     0x00003622       0x56 .\CortexM3\ARM_GCC_541\Debug\AHU_2.a(Rx_Timer_Int.o)