Archive member included to satisfy reference by file (symbol)

.\CortexM3\ARM_GCC_541\Debug\AHU_2.a(CyLib.o)
                              .\CortexM3\ARM_GCC_541\Debug\Cm3Start.o (CyHalt)
.\CortexM3\ARM_GCC_541\Debug\AHU_2.a(cyPm.o)
                              .\CortexM3\ARM_GCC_541\Debug\AHU_2.a(CyLib.o) (CyPmReadStatus)
.\CortexM3\ARM_GCC_541\Debug\AHU_2.a(RS485.o)
                              .\CortexM3\ARM_GCC_541\Debug\main.o (RS485_Start)
.\CortexM3\ARM_GCC_541\Debug\AHU_2.a(Temp_CLK.o)
                              .\CortexM3\ARM_GCC_541\Debug\main.o (Temp_CLK_Write)
.\CortexM3\ARM_GCC_541\Debug\AHU_2.a(Temp_CS.o)
                              .\CortexM3\ARM_GCC_541\Debug\main.o (Temp_CS_Write)
.\CortexM3\ARM_GCC_541\Debug\AHU_2.a(RS485_IntClock.o)
                              .\CortexM3\ARM_GCC_541\Debug\AHU_2.a(RS485.o) (RS485_IntClock_Start)
.\CortexM3\ARM_GCC_541\Debug\AHU_2.a(MAX31855_MISO.o)
                              .\CortexM3\ARM_GCC_541\Debug\max31855.o (MAX31855_MISO_Read)
.\CortexM3\ARM_GCC_541\Debug\AHU_2.a(Rx_Int.o)
                              .\CortexM3\ARM_GCC_541\Debug\main.o (Rx_Int_SetVector)
.\CortexM3\ARM_GCC_541\Debug\AHU_2.a(Timer.o)
                              .\CortexM3\ARM_GCC_541\Debug\main.o (Timer_Start)
.\CortexM3\ARM_GCC_541\Debug\AHU_2.a(Timer_Int.o)
                              .\CortexM3\ARM_GCC_541\Debug\main.o (Timer_Int_SetVector)
.\CortexM3\ARM_GCC_541\Debug\AHU_2.a(ADC.o)
                              .\CortexM3\ARM_GCC_541\Debug\main.o (ADC_Start)
.\CortexM3\ARM_GCC_541\Debug\AHU_2.a(ADC_INT.o)
                              .\CortexM3\ARM_GCC_541\Debug\AHU_2.a(ADC.o) (ADC_ISR1)
.\CortexM3\ARM_GCC_541\Debug\AHU_2.a(ADC_AMux.o)
                              .\CortexM3\ARM_GCC_541\Debug\AHU_2.a(ADC.o) (ADC_AMux_Select)
.\CortexM3\ARM_GCC_541\Debug\AHU_2.a(ADC_Ext_CP_Clk.o)
                              .\CortexM3\ARM_GCC_541\Debug\AHU_2.a(ADC.o) (ADC_Ext_CP_Clk_SetModeRegister)
.\CortexM3\ARM_GCC_541\Debug\AHU_2.a(ADC_theACLK.o)
                              .\CortexM3\ARM_GCC_541\Debug\AHU_2.a(ADC.o) (ADC_theACLK_SetModeRegister)
.\CortexM3\ARM_GCC_541\Debug\AHU_2.a(AMux.o)
                              .\CortexM3\ARM_GCC_541\Debug\main.o (AMux_Start)
.\CortexM3\ARM_GCC_541\Debug\AHU_2.a(Wire1.o)
                              .\CortexM3\ARM_GCC_541\Debug\one_wire.o (Wire1_Write)
.\CortexM3\ARM_GCC_541\Debug\AHU_2.a(LED.o)
                              .\CortexM3\ARM_GCC_541\Debug\main.o (LED_Write)
.\CortexM3\ARM_GCC_541\Debug\AHU_2.a(Wemos.o)
                              .\CortexM3\ARM_GCC_541\Debug\main.o (Wemos_Start)
.\CortexM3\ARM_GCC_541\Debug\AHU_2.a(Wemos_IntClock.o)
                              .\CortexM3\ARM_GCC_541\Debug\AHU_2.a(Wemos.o) (Wemos_IntClock_Start)
.\CortexM3\ARM_GCC_541\Debug\AHU_2.a(Wemos_Rx_Int.o)
                              .\CortexM3\ARM_GCC_541\Debug\main.o (Wemos_Rx_Int_SetVector)
.\CortexM3\ARM_GCC_541\Debug\AHU_2.a(RS485_En.o)
                              .\CortexM3\ARM_GCC_541\Debug\ModbusRtu.o (RS485_En_Write)
.\CortexM3\ARM_GCC_541\Debug\AHU_2.a(Rx_Timer.o)
                              .\CortexM3\ARM_GCC_541\Debug\main.o (Rx_Timer_Stop)
.\CortexM3\ARM_GCC_541\Debug\AHU_2.a(Rx_Timer_Int.o)
                              .\CortexM3\ARM_GCC_541\Debug\main.o (Rx_Timer_Int_SetVector)
.\CortexM3\ARM_GCC_541\Debug\AHU_2.a(DIP.o)
                              .\CortexM3\ARM_GCC_541\Debug\main.o (DIP_Read)
.\CortexM3\ARM_GCC_541\Debug\AHU_2.a(DINP.o)
                              .\CortexM3\ARM_GCC_541\Debug\main.o (DINP_Read)
.\CortexM3\ARM_GCC_541\Debug\AHU_2.a(CyBootAsmGnu.o)
                              .\CortexM3\ARM_GCC_541\Debug\cyfitter_cfg.o (CyDelayCycles)
.\CortexM3\ARM_GCC_541\Debug\AHU_2.a(CyFlash.o)
                              .\CortexM3\ARM_GCC_541\Debug\AHU_2.a(cyPm.o) (CyFlash_SetWaitCycles)
.\CortexM3\ARM_GCC_541\Debug\AHU_2.a(CySpc.o)
                              .\CortexM3\ARM_GCC_541\Debug\AHU_2.a(CyFlash.o) (CySpcStart)
c:/program files (x86)/cypress/psoc creator/4.2/psoc creator/import/gnu/arm/5.4.1/bin/../lib/gcc/arm-none-eabi/5.4.1/../../../../arm-none-eabi/lib/armv7-m\libm.a(lib_a-s_round.o)
                              .\CortexM3\ARM_GCC_541\Debug\main.o (round)
c:/program files (x86)/cypress/psoc creator/4.2/psoc creator/import/gnu/arm/5.4.1/bin/../lib/gcc/arm-none-eabi/5.4.1/armv7-m\libgcc.a(_arm_addsubdf3.o)
                              c:/program files (x86)/cypress/psoc creator/4.2/psoc creator/import/gnu/arm/5.4.1/bin/../lib/gcc/arm-none-eabi/5.4.1/../../../../arm-none-eabi/lib/armv7-m\libm.a(lib_a-s_round.o) (__aeabi_dadd)
c:/program files (x86)/cypress/psoc creator/4.2/psoc creator/import/gnu/arm/5.4.1/bin/../lib/gcc/arm-none-eabi/5.4.1/armv7-m\libgcc.a(_arm_muldivdf3.o)
                              .\CortexM3\ARM_GCC_541\Debug\main.o (__aeabi_dmul)
[...]
Memory Configuration

Name             Origin             Length             Attributes
rom              0x00000000         0x00040000         xr
ram              0x1fff8000         0x00010000         xrw
*default*        0x00000000         0xffffffff

Linker script and memory map

LOAD c:/program files (x86)/cypress/psoc creator/4.2/psoc creator/import/gnu/arm/5.4.1/bin/../lib/gcc/arm-none-eabi/5.4.1/armv7-m/crti.o
LOAD c:/program files (x86)/cypress/psoc creator/4.2/psoc creator/import/gnu/arm/5.4.1/bin/../lib/gcc/arm-none-eabi/5.4.1/armv7-m/crtbegin.o
LOAD c:/program files (x86)/cypress/psoc creator/4.2/psoc creator/import/gnu/arm/5.4.1/bin/../lib/gcc/arm-none-eabi/5.4.1/../../../../arm-none-eabi/lib/armv7-m/crt0.o
START GROUP
LOAD .\CortexM3\ARM_GCC_541\Debug\main.o
LOAD .\CortexM3\ARM_GCC_541\Debug\ds18b20.o
LOAD .\CortexM3\ARM_GCC_541\Debug\one_wire.o
LOAD .\CortexM3\ARM_GCC_541\Debug\max31855.o
LOAD .\CortexM3\ARM_GCC_541\Debug\ModbusRtu.o
LOAD .\CortexM3\ARM_GCC_541\Debug\cyfitter_cfg.o
LOAD .\CortexM3\ARM_GCC_541\Debug\cymetadata.o
LOAD .\CortexM3\ARM_GCC_541\Debug\Cm3Start.o
LOAD .\CortexM3\ARM_GCC_541\Debug\AHU_2.a
LOAD C:\Program Files (x86)\Cypress\PSoC Creator\4.2\PSoC Creator\psoc\content\cycomponentlibrary\CyComponentLibrary.cylib\CortexM3\ARM_GCC_541\Debug\CyComponentLibrary.a
LOAD c:/program files (x86)/cypress/psoc creator/4.2/psoc creator/import/gnu/arm/5.4.1/bin/../lib/gcc/arm-none-eabi/5.4.1/../../../../arm-none-eabi/lib/armv7-m\libm.a
END GROUP
START GROUP
LOAD c:/program files (x86)/cypress/psoc creator/4.2/psoc creator/import/gnu/arm/5.4.1/bin/../lib/gcc/arm-none-eabi/5.4.1/armv7-m\libgcc.a
LOAD c:/program files (x86)/cypress/psoc creator/4.2/psoc creator/import/gnu/arm/5.4.1/bin/../lib/gcc/arm-none-eabi/5.4.1/../../../../arm-none-eabi/lib/armv7-m\libg_nano.a
LOAD c:/program files (x86)/cypress/psoc creator/4.2/psoc creator/import/gnu/arm/5.4.1/bin/../lib/gcc/arm-none-eabi/5.4.1/../../../../arm-none-eabi/lib/armv7-m\libc_nano.a
END GROUP
START GROUP
LOAD c:/program files (x86)/cypress/psoc creator/4.2/psoc creator/import/gnu/arm/5.4.1/bin/../lib/gcc/arm-none-eabi/5.4.1/armv7-m\libgcc.a
LOAD c:/program files (x86)/cypress/psoc creator/4.2/psoc creator/import/gnu/arm/5.4.1/bin/../lib/gcc/arm-none-eabi/5.4.1/../../../../arm-none-eabi/lib/armv7-m\libc_nano.a
END GROUP
LOAD c:/program files (x86)/cypress/psoc creator/4.2/psoc creator/import/gnu/arm/5.4.1/bin/../lib/gcc/arm-none-eabi/5.4.1/armv7-m/crtend.o
LOAD c:/program files (x86)/cypress/psoc creator/4.2/psoc creator/import/gnu/arm/5.4.1/bin/../lib/gcc/arm-none-eabi/5.4.1/armv7-m/crtn.o
START GROUP
LOAD c:/program files (x86)/cypress/psoc creator/4.2/psoc creator/import/gnu/arm/5.4.1/bin/../lib/gcc/arm-none-eabi/5.4.1/armv7-m\libgcc.a
LOAD c:/program files (x86)/cypress/psoc creator/4.2/psoc creator/import/gnu/arm/5.4.1/bin/../lib/gcc/arm-none-eabi/5.4.1/../../../../arm-none-eabi/lib/armv7-m\libc.a
LOAD c:/program files (x86)/cypress/psoc creator/4.2/psoc creator/import/gnu/arm/5.4.1/bin/../lib/gcc/arm-none-eabi/5.4.1/../../../../arm-none-eabi/lib/armv7-m\libnosys.a
END GROUP
                0x00000000                CY_APPL_ORIGIN = 0x0
                0x00000100                CY_FLASH_ROW_SIZE = 0x100
                0x00000020                CY_ECC_ROW_SIZE = 0x20
                0x00000000                CY_EE_IN_BTLDR = 0x0
                0x00000000                CY_APPL_LOADABLE = 0x0
                0x00000800                CY_EE_SIZE = 0x800
                0x00000001                CY_APPL_NUM = 0x1
                0x00000001                CY_APPL_MAX = 0x1
                0x00000040                CY_METADATA_SIZE = 0x40
                0x00000000                CY_APPL_LOADABLE = 0x0
                0x00000000                CY_CHECKSUM_EXCLUDE_SIZE = ALIGN (0x0, CY_FLASH_ROW_SIZE)
                [!provide]                PROVIDE (__cy_heap_start, _end)
                0x00000001                PROVIDE (__cy_region_num, ((__cy_regions_end - __cy_regions) / 0x10))
                0x20008000                PROVIDE (__cy_stack, (ORIGIN (ram) + LENGTH (ram)))
                [!provide]                PROVIDE (__cy_heap_end, (__cy_stack - 0x4000))

.cybootloader   0x00000000        0x0
 *(.cybootloader)
                0x00000000                appl1_start = CY_APPL_ORIGIN?CY_APPL_ORIGIN:ALIGN (CY_FLASH_ROW_SIZE)
                0x0001ff00                appl2_start = (appl1_start + ALIGN ((((LENGTH (rom) - appl1_start) - (0x2 * CY_FLASH_ROW_SIZE)) / 0x2), CY_FLASH_ROW_SIZE))
                0x00000000                appl_start = (CY_APPL_NUM == 0x1)?appl1_start:appl2_start
                0x00000000                ecc_offset = ((appl_start / CY_FLASH_ROW_SIZE) * CY_ECC_ROW_SIZE)
                0x00000000                ee_offset = (CY_APPL_LOADABLE && ! (CY_EE_IN_BTLDR))?((CY_EE_SIZE / CY_APPL_MAX) * (CY_APPL_NUM - 0x1)):0x0
                0x00000800                ee_size = (CY_APPL_LOADABLE && ! (CY_EE_IN_BTLDR))?(CY_EE_SIZE / CY_APPL_MAX):CY_EE_SIZE
                [!provide]                PROVIDE (CY_ECC_OFFSET, ecc_offset)

.text           0x00000000     0x57d0
 CREATE_OBJECT_SYMBOLS
                0x00000000                PROVIDE (__cy_interrupt_vector, RomVectors)
 *(.romvectors)
 .romvectors    0x00000000       0x10 .\CortexM3\ARM_GCC_541\Debug\Cm3Start.o
                0x00000000                RomVectors
                0x00000001                ASSERT ((. != __cy_interrupt_vector), No interrupt vector)
                0x00000001                ASSERT (CY_APPL_ORIGIN?(SIZEOF (.cybootloader) <= CY_APPL_ORIGIN):0x1, Wrong image location)
                0x00000010                PROVIDE (__cy_reset, Reset)
 *(.text.Reset)
 .text.Reset    0x00000010       0x18 .\CortexM3\ARM_GCC_541\Debug\Cm3Start.o
                0x00000010                Reset
                0x00000001                ASSERT ((. != __cy_reset), No reset code)
 *(.dma_init)
                0x00000001                ASSERT ((((appl_start + .) <= 0x10000) || 0x1), DMA Init must be within the first 64k of flash)
 *(.text .text.* .gnu.linkonce.t.*)
 .text          0x00000028       0x5c c:/program files (x86)/cypress/psoc creator/4.2/psoc creator/import/gnu/arm/5.4.1/bin/../lib/gcc/arm-none-eabi/5.4.1/armv7-m/crtbegin.o
 .text.Timer_ISR
                0x00000084       0x14 .\CortexM3\ARM_GCC_541\Debug\main.o
                0x00000084                Timer_ISR
 .text.Rx_Timer_ISR
                0x00000098       0x1c .\CortexM3\ARM_GCC_541\Debug\main.o
                0x00000098                Rx_Timer_ISR
 .text.Rx_ISR   0x000000b4       0x34 .\CortexM3\ARM_GCC_541\Debug\main.o
                0x000000b4                Rx_ISR
 .text.Wemos_Rx_ISR
                0x000000e8       0x60 .\CortexM3\ARM_GCC_541\Debug\main.o
                0x000000e8                Wemos_Rx_ISR
 .text.checkDiff
                0x00000148       0x38 .\CortexM3\ARM_GCC_541\Debug\main.o
                0x00000148                checkDiff
 .text.printBinary
                0x00000180       0x28 .\CortexM3\ARM_GCC_541\Debug\main.o
                0x00000180                printBinary
 .text.process_holding_registers
                0x000001a8      0x340 .\CortexM3\ARM_GCC_541\Debug\main.o
                0x000001a8                process_holding_registers
 .text.main     0x000004e8      0x5cc .\CortexM3\ARM_GCC_541\Debug\main.o
                0x000004e8                main
 .text.ds18b20_get_devices
                0x00000ab4       0x30 .\CortexM3\ARM_GCC_541\Debug\ds18b20.o
                0x00000ab4                ds18b20_get_devices
 .text.ds18b20_convert_temperature
                0x00000ae4       0x20 .\CortexM3\ARM_GCC_541\Debug\ds18b20.o
                0x00000ae4                ds18b20_convert_temperature
 .text.ds18b20_convert_temperature_all
                0x00000b04       0x2c .\CortexM3\ARM_GCC_541\Debug\ds18b20.o
                0x00000b04                ds18b20_convert_temperature_all
 .text.ds18b20_decode_temperature
                0x00000b30       0x74 .\CortexM3\ARM_GCC_541\Debug\ds18b20.o
                0x00000b30                ds18b20_decode_temperature
 .text.ds18b20_wait_for_conversion
                0x00000ba4       0x3c .\CortexM3\ARM_GCC_541\Debug\ds18b20.o
                0x00000ba4                ds18b20_wait_for_conversion
 .text.ds18b20_read_temperature
                0x00000be0       0x28 .\CortexM3\ARM_GCC_541\Debug\ds18b20.o
                0x00000be0                ds18b20_read_temperature
 .text.one_wire_reset_pulse
                0x00000c08       0x44 .\CortexM3\ARM_GCC_541\Debug\one_wire.o
                0x00000c08                one_wire_reset_pulse
 .text.one_wire_write_1
                0x00000c4c       0x1c .\CortexM3\ARM_GCC_541\Debug\one_wire.o
                0x00000c4c                one_wire_write_1
 .text.one_wire_write_0
                0x00000c68       0x1c .\CortexM3\ARM_GCC_541\Debug\one_wire.o
                0x00000c68                one_wire_write_0
 .text.one_wire_write_bit
                0x00000c84       0x10 .\CortexM3\ARM_GCC_541\Debug\one_wire.o
                0x00000c84                one_wire_write_bit
 .text.one_wire_read_bit
                0x00000c94       0x2c .\CortexM3\ARM_GCC_541\Debug\one_wire.o
                0x00000c94                one_wire_read_bit
 .text.one_wire_write_byte
                0x00000cc0       0x28 .\CortexM3\ARM_GCC_541\Debug\one_wire.o
                0x00000cc0                one_wire_write_byte
 .text.one_wire_read_byte
                0x00000ce8       0x20 .\CortexM3\ARM_GCC_541\Debug\one_wire.o
                0x00000ce8                one_wire_read_byte
 .text.one_wire_reset_crc
                0x00000d08        0xc .\CortexM3\ARM_GCC_541\Debug\one_wire.o
                0x00000d08                one_wire_reset_crc
 .text.one_wire_crc
                0x00000d14       0x18 .\CortexM3\ARM_GCC_541\Debug\one_wire.o
                0x00000d14                one_wire_crc
 .text.one_wire_search
                0x00000d2c       0xf4 .\CortexM3\ARM_GCC_541\Debug\one_wire.o
                0x00000d2c                one_wire_search
 .text.one_wire_match_rom
                0x00000e20       0x30 .\CortexM3\ARM_GCC_541\Debug\one_wire.o
                0x00000e20                one_wire_match_rom
 .text.one_wire_first
                0x00000e50       0x1c .\CortexM3\ARM_GCC_541\Debug\one_wire.o
                0x00000e50                one_wire_first
 .text.one_wire_next
                0x00000e6c        0x8 .\CortexM3\ARM_GCC_541\Debug\one_wire.o
                0x00000e6c                one_wire_next
 .text.one_wire_search_rom
                0x00000e74       0x6c .\CortexM3\ARM_GCC_541\Debug\one_wire.o
                0x00000e74                one_wire_search_rom
 .text.read_max31855
                0x00000ee0       0x5c .\CortexM3\ARM_GCC_541\Debug\max31855.o
                0x00000ee0                read_max31855
 .text.max31855_Celsius
                0x00000f3c       0x3c .\CortexM3\ARM_GCC_541\Debug\max31855.o
                0x00000f3c                max31855_Celsius
 .text.makeWord
                0x00000f78        0x8 .\CortexM3\ARM_GCC_541\Debug\ModbusRtu.o
                0x00000f78                makeWord
 .text.Modbus_begin
                0x00000f80       0x2c .\CortexM3\ARM_GCC_541\Debug\ModbusRtu.o
                0x00000f80                Modbus_begin
 .text.Modbus_getRxBuffer
                0x00000fac       0x58 .\CortexM3\ARM_GCC_541\Debug\ModbusRtu.o
                0x00000fac                Modbus_getRxBuffer
 .text.Modbus_calcCRC
                0x00001004       0x44 .\CortexM3\ARM_GCC_541\Debug\ModbusRtu.o
                0x00001004                Modbus_calcCRC
 .text.Modbus_sendTxBuffer
                0x00001048       0x68 .\CortexM3\ARM_GCC_541\Debug\ModbusRtu.o
                0x00001048                Modbus_sendTxBuffer
 .text.Modbus_query
                0x000010b0      0x184 .\CortexM3\ARM_GCC_541\Debug\ModbusRtu.o
                0x000010b0                Modbus_query
 .text.Modbus_validateAnswer
                0x00001234       0x7c .\CortexM3\ARM_GCC_541\Debug\ModbusRtu.o
                0x00001234                Modbus_validateAnswer
 .text.Modbus_get_FC1
                0x000012b0       0x58 .\CortexM3\ARM_GCC_541\Debug\ModbusRtu.o
                0x000012b0                Modbus_get_FC1
 .text.Modbus_get_FC3
                0x00001308       0x38 .\CortexM3\ARM_GCC_541\Debug\ModbusRtu.o
                0x00001308                Modbus_get_FC3
 .text.Modbus_poll
                0x00001340       0xdc .\CortexM3\ARM_GCC_541\Debug\ModbusRtu.o
                0x00001340                Modbus_poll
 .text.Modbus_setTimeOut
                0x0000141c        0xc .\CortexM3\ARM_GCC_541\Debug\ModbusRtu.o
                0x0000141c                Modbus_setTimeOut
 .text.Modbus_getState
                0x00001428        0xc .\CortexM3\ARM_GCC_541\Debug\ModbusRtu.o
                0x00001428                Modbus_getState
 .text.CyClockStartupError
                0x00001434        0x4 .\CortexM3\ARM_GCC_541\Debug\cyfitter_cfg.o
 .text.cfg_write_bytes32
                0x00001438       0x34 .\CortexM3\ARM_GCC_541\Debug\cyfitter_cfg.o
 .text.AnalogSetDefault
                0x0000146c       0x28 .\CortexM3\ARM_GCC_541\Debug\cyfitter_cfg.o
 .text.CYMEMZERO
                0x00001494        0xc .\CortexM3\ARM_GCC_541\Debug\cyfitter_cfg.o
 .text.CYCONFIGCPY
                0x000014a0        0x8 .\CortexM3\ARM_GCC_541\Debug\cyfitter_cfg.o
 .text.ClockSetup
                0x000014a8      0x100 .\CortexM3\ARM_GCC_541\Debug\cyfitter_cfg.o
 .text.AMux_Set
                0x000015a8       0x38 .\CortexM3\ARM_GCC_541\Debug\cyfitter_cfg.o
                0x000015a8                AMux_Set
 .text.AMux_Unset
                0x000015e0       0x3c .\CortexM3\ARM_GCC_541\Debug\cyfitter_cfg.o
                0x000015e0                AMux_Unset
 .text.ADC_AMux_Set
                0x0000161c       0x20 .\CortexM3\ARM_GCC_541\Debug\cyfitter_cfg.o
                0x0000161c                ADC_AMux_Set
 .text.ADC_AMux_Unset
                0x0000163c       0x20 .\CortexM3\ARM_GCC_541\Debug\cyfitter_cfg.o
                0x0000163c                ADC_AMux_Unset
 .text.cyfitter_cfg
                0x0000165c      0x130 .\CortexM3\ARM_GCC_541\Debug\cyfitter_cfg.o
                0x0000165c                cyfitter_cfg
 .text.IntDefaultHandler
                0x0000178c       0x10 .\CortexM3\ARM_GCC_541\Debug\Cm3Start.o
                0x0000178c                IntDefaultHandler
 .text._sbrk    0x0000179c       0x30 .\CortexM3\ARM_GCC_541\Debug\Cm3Start.o
                0x0000179c                _sbrk
 .text.Start_c  0x000017cc       0x4c .\CortexM3\ARM_GCC_541\Debug\Cm3Start.o
                0x000017cc                Start_c
 .text.initialize_psoc
                0x00001818       0x68 .\CortexM3\ARM_GCC_541\Debug\Cm3Start.o
                0x00001818                initialize_psoc
 .text.CyHalt   0x00001880        0x4 .\CortexM3\ARM_GCC_541\Debug\AHU_2.a(CyLib.o)
                0x00001880                CyHalt
 .text.CyDelay  0x00001884       0x2c .\CortexM3\ARM_GCC_541\Debug\AHU_2.a(CyLib.o)
                0x00001884                CyDelay
 .text.CyDelayUs
                0x000018b0       0x14 .\CortexM3\ARM_GCC_541\Debug\AHU_2.a(CyLib.o)
                0x000018b0                CyDelayUs
 .text.CyIntSetVector
                0x000018c4       0x28 .\CortexM3\ARM_GCC_541\Debug\AHU_2.a(CyLib.o)
                0x000018c4                CyIntSetVector
 .text.CyIntSetPriority
                0x000018ec       0x30 .\CortexM3\ARM_GCC_541\Debug\AHU_2.a(CyLib.o)
                0x000018ec                CyIntSetPriority
 .text.RS485_Init
                0x0000191c       0x28 .\CortexM3\ARM_GCC_541\Debug\AHU_2.a(RS485.o)
                0x0000191c                RS485_Init
 .text.RS485_Enable
                0x00001944       0x38 .\CortexM3\ARM_GCC_541\Debug\AHU_2.a(RS485.o)
                0x00001944                RS485_Enable
 .text.RS485_Start
                0x0000197c       0x1c .\CortexM3\ARM_GCC_541\Debug\AHU_2.a(RS485.o)
                0x0000197c                RS485_Start
 .text.RS485_ReadRxData
                0x00001998        0xc .\CortexM3\ARM_GCC_541\Debug\AHU_2.a(RS485.o)
                0x00001998                RS485_ReadRxData
 .text.RS485_ReadRxStatus
                0x000019a4       0x10 .\CortexM3\ARM_GCC_541\Debug\AHU_2.a(RS485.o)
                0x000019a4                RS485_ReadRxStatus
 .text.RS485_GetByte
                0x000019b4       0x14 .\CortexM3\ARM_GCC_541\Debug\AHU_2.a(RS485.o)
                0x000019b4                RS485_GetByte
 .text.RS485_PutChar
                0x000019c8       0x18 .\CortexM3\ARM_GCC_541\Debug\AHU_2.a(RS485.o)
                0x000019c8                RS485_PutChar
 .text.RS485_PutArray
                0x000019e0       0x28 .\CortexM3\ARM_GCC_541\Debug\AHU_2.a(RS485.o)
                0x000019e0                RS485_PutArray
 .text.Temp_CLK_Write
                0x00001a08        0xc .\CortexM3\ARM_GCC_541\Debug\AHU_2.a(Temp_CLK.o)
                0x00001a08                Temp_CLK_Write
 .text.Temp_CS_Write
                0x00001a14        0xc .\CortexM3\ARM_GCC_541\Debug\AHU_2.a(Temp_CS.o)
                0x00001a14                Temp_CS_Write
 .text.RS485_IntClock_Start
                0x00001a20       0x1c .\CortexM3\ARM_GCC_541\Debug\AHU_2.a(RS485_IntClock.o)
                0x00001a20                RS485_IntClock_Start
 .text.MAX31855_MISO_Read
                0x00001a3c        0xc .\CortexM3\ARM_GCC_541\Debug\AHU_2.a(MAX31855_MISO.o)
                0x00001a3c                MAX31855_MISO_Read
 .text.Rx_Int_Interrupt
                0x00001a48        0x4 .\CortexM3\ARM_GCC_541\Debug\AHU_2.a(Rx_Int.o)
                0x00001a48                Rx_Int_Interrupt
 .text.Rx_Int_SetVector
                0x00001a4c        0xc .\CortexM3\ARM_GCC_541\Debug\AHU_2.a(Rx_Int.o)
                0x00001a4c                Rx_Int_SetVector
 .text.Rx_Int_SetPriority
                0x00001a58       0x10 .\CortexM3\ARM_GCC_541\Debug\AHU_2.a(Rx_Int.o)
                0x00001a58                Rx_Int_SetPriority
 .text.Rx_Int_Enable
                0x00001a68        0xc .\CortexM3\ARM_GCC_541\Debug\AHU_2.a(Rx_Int.o)
                0x00001a68                Rx_Int_Enable
 .text.Rx_Int_Disable
                0x00001a74        0xc .\CortexM3\ARM_GCC_541\Debug\AHU_2.a(Rx_Int.o)
                0x00001a74                Rx_Int_Disable
 .text.Rx_Int_Start
                0x00001a80       0x1c .\CortexM3\ARM_GCC_541\Debug\AHU_2.a(Rx_Int.o)
                0x00001a80                Rx_Int_Start
 .text.Timer_Enable
                0x00001a9c       0x28 .\CortexM3\ARM_GCC_541\Debug\AHU_2.a(Timer.o)
                0x00001a9c                Timer_Enable
 .text.Timer_SetInterruptMode
                0x00001ac4        0xc .\CortexM3\ARM_GCC_541\Debug\AHU_2.a(Timer.o)
                0x00001ac4                Timer_SetInterruptMode
 .text.Timer_WritePeriod
                0x00001ad0        0xc .\CortexM3\ARM_GCC_541\Debug\AHU_2.a(Timer.o)
                0x00001ad0                Timer_WritePeriod
 .text.Timer_WriteCounter
                0x00001adc        0xc .\CortexM3\ARM_GCC_541\Debug\AHU_2.a(Timer.o)
                0x00001adc                Timer_WriteCounter
 .text.Timer_Init
                0x00001ae8       0x68 .\CortexM3\ARM_GCC_541\Debug\AHU_2.a(Timer.o)
                0x00001ae8                Timer_Init
 .text.Timer_Start
                0x00001b50       0x1c .\CortexM3\ARM_GCC_541\Debug\AHU_2.a(Timer.o)
                0x00001b50                Timer_Start
 .text.Timer_Int_Interrupt
                0x00001b6c        0x4 .\CortexM3\ARM_GCC_541\Debug\AHU_2.a(Timer_Int.o)
                0x00001b6c                Timer_Int_Interrupt
 .text.Timer_Int_SetVector
                0x00001b70        0xc .\CortexM3\ARM_GCC_541\Debug\AHU_2.a(Timer_Int.o)
                0x00001b70                Timer_Int_SetVector
 .text.Timer_Int_SetPriority
                0x00001b7c       0x10 .\CortexM3\ARM_GCC_541\Debug\AHU_2.a(Timer_Int.o)
                0x00001b7c                Timer_Int_SetPriority
 .text.Timer_Int_Enable
                0x00001b8c        0xc .\CortexM3\ARM_GCC_541\Debug\AHU_2.a(Timer_Int.o)
                0x00001b8c                Timer_Int_Enable
 .text.Timer_Int_Disable
                0x00001b98        0xc .\CortexM3\ARM_GCC_541\Debug\AHU_2.a(Timer_Int.o)
                0x00001b98                Timer_Int_Disable
 .text.Timer_Int_Start
                0x00001ba4       0x1c .\CortexM3\ARM_GCC_541\Debug\AHU_2.a(Timer_Int.o)
                0x00001ba4                Timer_Int_Start
 .text.Timer_Int_ClearPending
                0x00001bc0        0xc .\CortexM3\ARM_GCC_541\Debug\AHU_2.a(Timer_Int.o)
                0x00001bc0                Timer_Int_ClearPending
 .text.ADC_GainCompensation
                0x00001bcc       0xe0 .\CortexM3\ARM_GCC_541\Debug\AHU_2.a(ADC.o)
 .text.ADC_SetDSMRef0Reg
                0x00001cac       0x4c .\CortexM3\ARM_GCC_541\Debug\AHU_2.a(ADC.o)
 .text.ADC_InitConfig
                0x00001cf8      0x1ac .\CortexM3\ARM_GCC_541\Debug\AHU_2.a(ADC.o)
 .text.ADC_Init
                0x00001ea4       0xd8 .\CortexM3\ARM_GCC_541\Debug\AHU_2.a(ADC.o)
                0x00001ea4                ADC_Init
 .text.ADC_Enable
                0x00001f7c       0xd8 .\CortexM3\ARM_GCC_541\Debug\AHU_2.a(ADC.o)
                0x00001f7c                ADC_Enable
 .text.ADC_Start
                0x00002054       0x28 .\CortexM3\ARM_GCC_541\Debug\AHU_2.a(ADC.o)
                0x00002054                ADC_Start
 .text.ADC_StartConvert
                0x0000207c       0x10 .\CortexM3\ARM_GCC_541\Debug\AHU_2.a(ADC.o)
                0x0000207c                ADC_StartConvert
 .text.ADC_StopConvert
                0x0000208c       0x10 .\CortexM3\ARM_GCC_541\Debug\AHU_2.a(ADC.o)
                0x0000208c                ADC_StopConvert
 .text.ADC_IsEndConversion
                0x0000209c       0x30 .\CortexM3\ARM_GCC_541\Debug\AHU_2.a(ADC.o)
                0x0000209c                ADC_IsEndConversion
 .text.ADC_GetResult32
                0x000020cc       0x6c .\CortexM3\ARM_GCC_541\Debug\AHU_2.a(ADC.o)
                0x000020cc                ADC_GetResult32
 .text.ADC_CountsTo_Volts
                0x00002138       0x28 .\CortexM3\ARM_GCC_541\Debug\AHU_2.a(ADC.o)
                0x00002138                ADC_CountsTo_Volts
 .text.ADC_Read32
                0x00002160       0x28 .\CortexM3\ARM_GCC_541\Debug\AHU_2.a(ADC.o)
                0x00002160                ADC_Read32
 .text.ADC_ISR1
                0x00002188        0x4 .\CortexM3\ARM_GCC_541\Debug\AHU_2.a(ADC_INT.o)
                0x00002188                ADC_ISR1
 .text.ADC_ISR2
                0x0000218c        0x4 .\CortexM3\ARM_GCC_541\Debug\AHU_2.a(ADC_INT.o)
                0x0000218c                ADC_ISR2
 .text.ADC_AMux_Start
                0x00002190       0x20 .\CortexM3\ARM_GCC_541\Debug\AHU_2.a(ADC_AMux.o)
                0x00002190                ADC_AMux_Start
 .text.ADC_AMux_Select
                0x000021b0       0x18 .\CortexM3\ARM_GCC_541\Debug\AHU_2.a(ADC_AMux.o)
                0x000021b0                ADC_AMux_Select
 .text.ADC_Ext_CP_Clk_GetDividerRegister
                0x000021c8        0xc .\CortexM3\ARM_GCC_541\Debug\AHU_2.a(ADC_Ext_CP_Clk.o)
                0x000021c8                ADC_Ext_CP_Clk_GetDividerRegister
 .text.ADC_Ext_CP_Clk_SetModeRegister
                0x000021d4       0x14 .\CortexM3\ARM_GCC_541\Debug\AHU_2.a(ADC_Ext_CP_Clk.o)
                0x000021d4                ADC_Ext_CP_Clk_SetModeRegister
 .text.ADC_Ext_CP_Clk_GetSourceRegister
                0x000021e8       0x10 .\CortexM3\ARM_GCC_541\Debug\AHU_2.a(ADC_Ext_CP_Clk.o)
                0x000021e8                ADC_Ext_CP_Clk_GetSourceRegister
 .text.ADC_Ext_CP_Clk_SetDividerRegister
                0x000021f8       0xd8 .\CortexM3\ARM_GCC_541\Debug\AHU_2.a(ADC_Ext_CP_Clk.o)
                0x000021f8                ADC_Ext_CP_Clk_SetDividerRegister
 .text.ADC_theACLK_GetDividerRegister
                0x000022d0        0xc .\CortexM3\ARM_GCC_541\Debug\AHU_2.a(ADC_theACLK.o)
                0x000022d0                ADC_theACLK_GetDividerRegister
 .text.ADC_theACLK_SetModeRegister
                0x000022dc       0x14 .\CortexM3\ARM_GCC_541\Debug\AHU_2.a(ADC_theACLK.o)
                0x000022dc                ADC_theACLK_SetModeRegister
 .text.ADC_theACLK_GetSourceRegister
                0x000022f0       0x10 .\CortexM3\ARM_GCC_541\Debug\AHU_2.a(ADC_theACLK.o)
                0x000022f0                ADC_theACLK_GetSourceRegister
 .text.ADC_theACLK_SetDividerRegister
                0x00002300       0xd8 .\CortexM3\ARM_GCC_541\Debug\AHU_2.a(ADC_theACLK.o)
                0x00002300                ADC_theACLK_SetDividerRegister
 .text.AMux_Start
                0x000023d8       0x20 .\CortexM3\ARM_GCC_541\Debug\AHU_2.a(AMux.o)
                0x000023d8                AMux_Start
 .text.AMux_Select
                0x000023f8       0x18 .\CortexM3\ARM_GCC_541\Debug\AHU_2.a(AMux.o)
                0x000023f8                AMux_Select
 .text.Wire1_Write
                0x00002410       0x18 .\CortexM3\ARM_GCC_541\Debug\AHU_2.a(Wire1.o)
                0x00002410                Wire1_Write
 .text.Wire1_Read
                0x00002428       0x10 .\CortexM3\ARM_GCC_541\Debug\AHU_2.a(Wire1.o)
                0x00002428                Wire1_Read
 .text.LED_Write
                0x00002438       0x18 .\CortexM3\ARM_GCC_541\Debug\AHU_2.a(LED.o)
                0x00002438                LED_Write
 .text.Wemos_Init
                0x00002450       0x24 .\CortexM3\ARM_GCC_541\Debug\AHU_2.a(Wemos.o)
                0x00002450                Wemos_Init
 .text.Wemos_Enable
                0x00002474       0x38 .\CortexM3\ARM_GCC_541\Debug\AHU_2.a(Wemos.o)
                0x00002474                Wemos_Enable
 .text.Wemos_Start
                0x000024ac       0x1c .\CortexM3\ARM_GCC_541\Debug\AHU_2.a(Wemos.o)
                0x000024ac                Wemos_Start
 .text.Wemos_ReadRxData
                0x000024c8        0xc .\CortexM3\ARM_GCC_541\Debug\AHU_2.a(Wemos.o)
                0x000024c8                Wemos_ReadRxData
 .text.Wemos_ReadRxStatus
                0x000024d4       0x10 .\CortexM3\ARM_GCC_541\Debug\AHU_2.a(Wemos.o)
                0x000024d4                Wemos_ReadRxStatus
 .text.Wemos_GetByte
                0x000024e4       0x14 .\CortexM3\ARM_GCC_541\Debug\AHU_2.a(Wemos.o)
                0x000024e4                Wemos_GetByte
 .text.Wemos_ClearRxBuffer
                0x000024f8       0x24 .\CortexM3\ARM_GCC_541\Debug\AHU_2.a(Wemos.o)
                0x000024f8                Wemos_ClearRxBuffer
 .text.Wemos_PutChar
                0x0000251c       0x18 .\CortexM3\ARM_GCC_541\Debug\AHU_2.a(Wemos.o)
                0x0000251c                Wemos_PutChar
 .text.Wemos_PutString
                0x00002534       0x24 .\CortexM3\ARM_GCC_541\Debug\AHU_2.a(Wemos.o)
                0x00002534                Wemos_PutString
 .text.Wemos_IntClock_Start
                0x00002558       0x1c .\CortexM3\ARM_GCC_541\Debug\AHU_2.a(Wemos_IntClock.o)
                0x00002558                Wemos_IntClock_Start
 .text.Wemos_Rx_Int_Interrupt
                0x00002574        0x4 .\CortexM3\ARM_GCC_541\Debug\AHU_2.a(Wemos_Rx_Int.o)
                0x00002574                Wemos_Rx_Int_Interrupt
 .text.Wemos_Rx_Int_SetVector
                0x00002578        0xc .\CortexM3\ARM_GCC_541\Debug\AHU_2.a(Wemos_Rx_Int.o)
                0x00002578                Wemos_Rx_Int_SetVector
 .text.Wemos_Rx_Int_SetPriority
                0x00002584       0x10 .\CortexM3\ARM_GCC_541\Debug\AHU_2.a(Wemos_Rx_Int.o)
                0x00002584                Wemos_Rx_Int_SetPriority
 .text.Wemos_Rx_Int_Enable
                0x00002594        0xc .\CortexM3\ARM_GCC_541\Debug\AHU_2.a(Wemos_Rx_Int.o)
                0x00002594                Wemos_Rx_Int_Enable
 .text.Wemos_Rx_Int_Disable
                0x000025a0        0xc .\CortexM3\ARM_GCC_541\Debug\AHU_2.a(Wemos_Rx_Int.o)
                0x000025a0                Wemos_Rx_Int_Disable
 .text.Wemos_Rx_Int_Start
                0x000025ac       0x1c .\CortexM3\ARM_GCC_541\Debug\AHU_2.a(Wemos_Rx_Int.o)
                0x000025ac                Wemos_Rx_Int_Start
 .text.RS485_En_Write
                0x000025c8       0x18 .\CortexM3\ARM_GCC_541\Debug\AHU_2.a(RS485_En.o)
                0x000025c8                RS485_En_Write
 .text.Rx_Timer_Enable
                0x000025e0       0x10 .\CortexM3\ARM_GCC_541\Debug\AHU_2.a(Rx_Timer.o)
                0x000025e0                Rx_Timer_Enable
 .text.Rx_Timer_Stop
                0x000025f0       0x10 .\CortexM3\ARM_GCC_541\Debug\AHU_2.a(Rx_Timer.o)
                0x000025f0                Rx_Timer_Stop
 .text.Rx_Timer_SetInterruptMode
                0x00002600        0xc .\CortexM3\ARM_GCC_541\Debug\AHU_2.a(Rx_Timer.o)
                0x00002600                Rx_Timer_SetInterruptMode
 .text.Rx_Timer_ReadStatusRegister
                0x0000260c        0xc .\CortexM3\ARM_GCC_541\Debug\AHU_2.a(Rx_Timer.o)
                0x0000260c                Rx_Timer_ReadStatusRegister
 .text.Rx_Timer_WritePeriod
                0x00002618        0xc .\CortexM3\ARM_GCC_541\Debug\AHU_2.a(Rx_Timer.o)
                0x00002618                Rx_Timer_WritePeriod
 .text.Rx_Timer_ReadCapture
                0x00002624        0xc .\CortexM3\ARM_GCC_541\Debug\AHU_2.a(Rx_Timer.o)
                0x00002624                Rx_Timer_ReadCapture
 .text.Rx_Timer_WriteCounter
                0x00002630        0xc .\CortexM3\ARM_GCC_541\Debug\AHU_2.a(Rx_Timer.o)
                0x00002630                Rx_Timer_WriteCounter
 .text.Rx_Timer_SetCaptureMode
                0x0000263c       0x1c .\CortexM3\ARM_GCC_541\Debug\AHU_2.a(Rx_Timer.o)
                0x0000263c                Rx_Timer_SetCaptureMode
 .text.Rx_Timer_ClearFIFO
                0x00002658       0x14 .\CortexM3\ARM_GCC_541\Debug\AHU_2.a(Rx_Timer.o)
                0x00002658                Rx_Timer_ClearFIFO
 .text.Rx_Timer_Init
                0x0000266c       0x3c .\CortexM3\ARM_GCC_541\Debug\AHU_2.a(Rx_Timer.o)
                0x0000266c                Rx_Timer_Init
 .text.Rx_Timer_Start
                0x000026a8       0x1c .\CortexM3\ARM_GCC_541\Debug\AHU_2.a(Rx_Timer.o)
                0x000026a8                Rx_Timer_Start
 .text.Rx_Timer_Int_SetVector
                0x000026c4        0xc .\CortexM3\ARM_GCC_541\Debug\AHU_2.a(Rx_Timer_Int.o)
                0x000026c4                Rx_Timer_Int_SetVector
 .text.Rx_Timer_Int_ClearPending
                0x000026d0        0xc .\CortexM3\ARM_GCC_541\Debug\AHU_2.a(Rx_Timer_Int.o)
                0x000026d0                Rx_Timer_Int_ClearPending
 .text.DIP_Read
                0x000026dc        0xc .\CortexM3\ARM_GCC_541\Debug\AHU_2.a(DIP.o)
                0x000026dc                DIP_Read
 .text.DINP_Read
                0x000026e8        0xc .\CortexM3\ARM_GCC_541\Debug\AHU_2.a(DINP.o)
                0x000026e8                DINP_Read
 *fill*         0x000026f4        0x4 
 .text          0x000026f8       0x20 .\CortexM3\ARM_GCC_541\Debug\AHU_2.a(CyBootAsmGnu.o)
                0x000026f8                CyDelayCycles
                0x00002708                CyEnterCriticalSection
                0x00002710                CyExitCriticalSection
 .text.round    0x00002718       0xa0 c:/program files (x86)/cypress/psoc creator/4.2/psoc creator/import/gnu/arm/5.4.1/bin/../lib/gcc/arm-none-eabi/5.4.1/../../../../arm-none-eabi/lib/armv7-m\libm.a(lib_a-s_round.o)
                0x00002718                round
 .text          0x000027b8      0x370 c:/program files (x86)/cypress/psoc creator/4.2/psoc creator/import/gnu/arm/5.4.1/bin/../lib/gcc/arm-none-eabi/5.4.1/armv7-m\libgcc.a(_arm_addsubdf3.o)
                0x000027b8                __aeabi_drsub
                0x000027c0                __aeabi_dsub
                0x000027c0                __subdf3
                0x000027c4                __aeabi_dadd
                0x000027c4                __adddf3
                0x00002a3c                __floatunsidf
                0x00002a3c                __aeabi_ui2d
                0x00002a5c                __floatsidf
                0x00002a5c                __aeabi_i2d
                0x00002a80                __aeabi_f2d
                0x00002a80                __extendsfdf2
                0x00002abc                __floatundidf
                0x00002abc                __aeabi_ul2d
                0x00002acc                __floatdidf
                0x00002acc                __aeabi_l2d
 .text          0x00002b28      0x424 c:/program files (x86)/cypress/psoc creator/4.2/psoc creator/import/gnu/arm/5.4.1/bin/../lib/gcc/arm-none-eabi/5.4.1/armv7-m\libgcc.a(_arm_muldivdf3.o)
                0x00002b28                __aeabi_dmul
                0x00002b28                __muldf3
                0x00002d7c                __divdf3
                0x00002d7c                __aeabi_ddiv
 .text          0x00002f4c      0x110 c:/program files (x86)/cypress/psoc creator/4.2/psoc creator/import/gnu/arm/5.4.1/bin/../lib/gcc/arm-none-eabi/5.4.1/armv7-m\libgcc.a(_arm_cmpdf2.o)
                0x00002f4c                __gtdf2
                0x00002f4c                __gedf2
                0x00002f54                __ltdf2
                0x00002f54                __ledf2
                0x00002f5c                __nedf2
                0x00002f5c                __eqdf2
                0x00002f5c                __cmpdf2
                0x00002fd8                __aeabi_cdrcmple
                0x00002fe8                __aeabi_cdcmpeq
                0x00002fe8                __aeabi_cdcmple
                0x00002ff8                __aeabi_dcmpeq
                0x0000300c                __aeabi_dcmplt
                0x00003020                __aeabi_dcmple
                0x00003034                __aeabi_dcmpge
                0x00003048                __aeabi_dcmpgt
 .text          0x0000305c       0xa0 c:/program files (x86)/cypress/psoc creator/4.2/psoc creator/import/gnu/arm/5.4.1/bin/../lib/gcc/arm-none-eabi/5.4.1/armv7-m\libgcc.a(_arm_truncdfsf2.o)
                0x0000305c                __truncdfsf2
                0x0000305c                __aeabi_d2f
 .text          0x000030fc      0x21c c:/program files (x86)/cypress/psoc creator/4.2/psoc creator/import/gnu/arm/5.4.1/bin/../lib/gcc/arm-none-eabi/5.4.1/armv7-m\libgcc.a(_arm_addsubsf3.o)
                0x000030fc                __aeabi_frsub
                0x00003104                __subsf3
                0x00003104                __aeabi_fsub
                0x00003108                __aeabi_fadd
                0x00003108                __addsf3
                0x00003268                __aeabi_ui2f
                0x00003268                __floatunsisf
                0x00003270                __aeabi_i2f
                0x00003270                __floatsisf
                0x0000328c                __aeabi_ul2f
                0x0000328c                __floatundisf
                0x0000329c                __aeabi_l2f
                0x0000329c                __floatdisf
 .text          0x00003318      0x2a0 c:/program files (x86)/cypress/psoc creator/4.2/psoc creator/import/gnu/arm/5.4.1/bin/../lib/gcc/arm-none-eabi/5.4.1/armv7-m\libgcc.a(_arm_muldivsf3.o)
                0x00003318                __mulsf3
                0x00003318                __aeabi_fmul
                0x00003480                __aeabi_fdiv
                0x00003480                __divsf3
 .text          0x000035b8       0xec c:/program files (x86)/cypress/psoc creator/4.2/psoc creator/import/gnu/arm/5.4.1/bin/../lib/gcc/arm-none-eabi/5.4.1/armv7-m\libgcc.a(_arm_cmpsf2.o)
                0x000035b8                __gesf2
                0x000035b8                __gtsf2
                0x000035c0                __lesf2
                0x000035c0                __ltsf2
                0x000035c8                __nesf2
                0x000035c8                __eqsf2
                0x000035c8                __cmpsf2
                0x00003628                __aeabi_cfrcmple
                0x00003630                __aeabi_cfcmpeq
                0x00003630                __aeabi_cfcmple
                0x00003640                __aeabi_fcmpeq
                0x00003654                __aeabi_fcmplt
                0x00003668                __aeabi_fcmple
                0x0000367c                __aeabi_fcmpge
                0x00003690                __aeabi_fcmpgt
 .text.__errno  0x000036a4        0xc c:/program files (x86)/cypress/psoc creator/4.2/psoc creator/import/gnu/arm/5.4.1/bin/../lib/gcc/arm-none-eabi/5.4.1/../../../../arm-none-eabi/lib/armv7-m\libg_nano.a(lib_a-errno.o)
                0x000036a4                __errno
 .text.__libc_init_array
                0x000036b0       0x4c c:/program files (x86)/cypress/psoc creator/4.2/psoc creator/import/gnu/arm/5.4.1/bin/../lib/gcc/arm-none-eabi/5.4.1/../../../../arm-none-eabi/lib/armv7-m\libg_nano.a(lib_a-init.o)
                0x000036b0                __libc_init_array
 .text.malloc   0x000036fc       0x10 c:/program files (x86)/cypress/psoc creator/4.2/psoc creator/import/gnu/arm/5.4.1/bin/../lib/gcc/arm-none-eabi/5.4.1/../../../../arm-none-eabi/lib/armv7-m\libg_nano.a(lib_a-malloc.o)
                0x000036fc                malloc
 .text.memcpy   0x0000370c       0x16 c:/program files (x86)/cypress/psoc creator/4.2/psoc creator/import/gnu/arm/5.4.1/bin/../lib/gcc/arm-none-eabi/5.4.1/../../../../arm-none-eabi/lib/armv7-m\libg_nano.a(lib_a-memcpy-stub.o)
                0x0000370c                memcpy
 .text.memset   0x00003722       0x10 c:/program files (x86)/cypress/psoc creator/4.2/psoc creator/import/gnu/arm/5.4.1/bin/../lib/gcc/arm-none-eabi/5.4.1/../../../../arm-none-eabi/lib/armv7-m\libg_nano.a(lib_a-memset.o)
                0x00003722                memset
 *fill*         0x00003732        0x2 
 .text._free_r  0x00003734       0x98 c:/program files (x86)/cypress/psoc creator/4.2/psoc creator/import/gnu/arm/5.4.1/bin/../lib/gcc/arm-none-eabi/5.4.1/../../../../arm-none-eabi/lib/armv7-m\libg_nano.a(lib_a-nano-freer.o)
                0x00003734                _free_r
 .text._malloc_r
                0x000037cc       0xbc c:/program files (x86)/cypress/psoc creator/4.2/psoc creator/import/gnu/arm/5.4.1/bin/../lib/gcc/arm-none-eabi/5.4.1/../../../../arm-none-eabi/lib/armv7-m\libg_nano.a(lib_a-nano-mallocr.o)
                0x000037cc                _malloc_r
 .text.__cvt    0x00003888       0xc0 c:/program files (x86)/cypress/psoc creator/4.2/psoc creator/import/gnu/arm/5.4.1/bin/../lib/gcc/arm-none-eabi/5.4.1/../../../../arm-none-eabi/lib/armv7-m\libg_nano.a(lib_a-nano-vfprintf_float.o)
                0x00003888                __cvt
 .text.__exponent
                0x00003948       0x62 c:/program files (x86)/cypress/psoc creator/4.2/psoc creator/import/gnu/arm/5.4.1/bin/../lib/gcc/arm-none-eabi/5.4.1/../../../../arm-none-eabi/lib/armv7-m\libg_nano.a(lib_a-nano-vfprintf_float.o)
                0x00003948                __exponent
 *fill*         0x000039aa        0x2 
 .text._printf_float
                0x000039ac      0x488 c:/program files (x86)/cypress/psoc creator/4.2/psoc creator/import/gnu/arm/5.4.1/bin/../lib/gcc/arm-none-eabi/5.4.1/../../../../arm-none-eabi/lib/armv7-m\libg_nano.a(lib_a-nano-vfprintf_float.o)
                0x000039ac                _printf_float
 .text._printf_common
                0x00003e34       0xec c:/program files (x86)/cypress/psoc creator/4.2/psoc creator/import/gnu/arm/5.4.1/bin/../lib/gcc/arm-none-eabi/5.4.1/../../../../arm-none-eabi/lib/armv7-m\libg_nano.a(lib_a-nano-vfprintf_i.o)
                0x00003e34                _printf_common
 .text._printf_i
                0x00003f20      0x24c c:/program files (x86)/cypress/psoc creator/4.2/psoc creator/import/gnu/arm/5.4.1/bin/../lib/gcc/arm-none-eabi/5.4.1/../../../../arm-none-eabi/lib/armv7-m\libg_nano.a(lib_a-nano-vfprintf_i.o)
                0x00003f20                _printf_i
 .text._sbrk_r  0x0000416c       0x20 c:/program files (x86)/cypress/psoc creator/4.2/psoc creator/import/gnu/arm/5.4.1/bin/../lib/gcc/arm-none-eabi/5.4.1/../../../../arm-none-eabi/lib/armv7-m\libg_nano.a(lib_a-sbrkr.o)
                0x0000416c                _sbrk_r
 .text.sprintf  0x0000418c       0x48 c:/program files (x86)/cypress/psoc creator/4.2/psoc creator/import/gnu/arm/5.4.1/bin/../lib/gcc/arm-none-eabi/5.4.1/../../../../arm-none-eabi/lib/armv7-m\libg_nano.a(lib_a-sprintf.o)
                0x0000418c                siprintf
                0x0000418c                sprintf
 .text          0x000041d4       0x10 c:/program files (x86)/cypress/psoc creator/4.2/psoc creator/import/gnu/arm/5.4.1/bin/../lib/gcc/arm-none-eabi/5.4.1/../../../../arm-none-eabi/lib/armv7-m\libg_nano.a(lib_a-strlen.o)
                0x000041d4                strlen
 .text.quorem   0x000041e4      0x116 c:/program files (x86)/cypress/psoc creator/4.2/psoc creator/import/gnu/arm/5.4.1/bin/../lib/gcc/arm-none-eabi/5.4.1/../../../../arm-none-eabi/lib/armv7-m\libg_nano.a(lib_a-dtoa.o)
 *fill*         0x000042fa        0x6 
 .text._dtoa_r  0x00004300      0xb30 c:/program files (x86)/cypress/psoc creator/4.2/psoc creator/import/gnu/arm/5.4.1/bin/../lib/gcc/arm-none-eabi/5.4.1/../../../../arm-none-eabi/lib/armv7-m\libg_nano.a(lib_a-dtoa.o)
                0x00004300                _dtoa_r
 .text._localeconv_r
                0x00004e30        0x8 c:/program files (x86)/cypress/psoc creator/4.2/psoc creator/import/gnu/arm/5.4.1/bin/../lib/gcc/arm-none-eabi/5.4.1/../../../../arm-none-eabi/lib/armv7-m\libg_nano.a(lib_a-locale.o)
                0x00004e30                _localeconv_r
 .text.memchr   0x00004e38       0x1c c:/program files (x86)/cypress/psoc creator/4.2/psoc creator/import/gnu/arm/5.4.1/bin/../lib/gcc/arm-none-eabi/5.4.1/../../../../arm-none-eabi/lib/armv7-m\libg_nano.a(lib_a-memchr-stub.o)
                0x00004e38                memchr
 .text.__malloc_lock
                0x00004e54        0x2 c:/program files (x86)/cypress/psoc creator/4.2/psoc creator/import/gnu/arm/5.4.1/bin/../lib/gcc/arm-none-eabi/5.4.1/../../../../arm-none-eabi/lib/armv7-m\libg_nano.a(lib_a-mlock.o)
                0x00004e54                __malloc_lock
 .text.__malloc_unlock
                0x00004e56        0x2 c:/program files (x86)/cypress/psoc creator/4.2/psoc creator/import/gnu/arm/5.4.1/bin/../lib/gcc/arm-none-eabi/5.4.1/../../../../arm-none-eabi/lib/armv7-m\libg_nano.a(lib_a-mlock.o)
                0x00004e56                __malloc_unlock
 .text._Balloc  0x00004e58       0x6a c:/program files (x86)/cypress/psoc creator/4.2/psoc creator/import/gnu/arm/5.4.1/bin/../lib/gcc/arm-none-eabi/5.4.1/../../../../arm-none-eabi/lib/armv7-m\libg_nano.a(lib_a-mprec.o)
                0x00004e58                _Balloc
 .text._Bfree   0x00004ec2       0x2e c:/program files (x86)/cypress/psoc creator/4.2/psoc creator/import/gnu/arm/5.4.1/bin/../lib/gcc/arm-none-eabi/5.4.1/../../../../arm-none-eabi/lib/armv7-m\libg_nano.a(lib_a-mprec.o)
                0x00004ec2                _Bfree
 .text.__multadd
                0x00004ef0       0x76 c:/program files (x86)/cypress/psoc creator/4.2/psoc creator/import/gnu/arm/5.4.1/bin/../lib/gcc/arm-none-eabi/5.4.1/../../../../arm-none-eabi/lib/armv7-m\libg_nano.a(lib_a-mprec.o)
                0x00004ef0                __multadd
 .text.__hi0bits
                0x00004f66       0x40 c:/program files (x86)/cypress/psoc creator/4.2/psoc creator/import/gnu/arm/5.4.1/bin/../lib/gcc/arm-none-eabi/5.4.1/../../../../arm-none-eabi/lib/armv7-m\libg_nano.a(lib_a-mprec.o)
                0x00004f66                __hi0bits
 .text.__lo0bits
                0x00004fa6       0x5a c:/program files (x86)/cypress/psoc creator/4.2/psoc creator/import/gnu/arm/5.4.1/bin/../lib/gcc/arm-none-eabi/5.4.1/../../../../arm-none-eabi/lib/armv7-m\libg_nano.a(lib_a-mprec.o)
                0x00004fa6                __lo0bits
 .text.__i2b    0x00005000       0x12 c:/program files (x86)/cypress/psoc creator/4.2/psoc creator/import/gnu/arm/5.4.1/bin/../lib/gcc/arm-none-eabi/5.4.1/../../../../arm-none-eabi/lib/armv7-m\libg_nano.a(lib_a-mprec.o)
                0x00005000                __i2b
 .text.__multiply
                0x00005012      0x120 c:/program files (x86)/cypress/psoc creator/4.2/psoc creator/import/gnu/arm/5.4.1/bin/../lib/gcc/arm-none-eabi/5.4.1/../../../../arm-none-eabi/lib/armv7-m\libg_nano.a(lib_a-mprec.o)
                0x00005012                __multiply
 *fill*         0x00005132        0x2 
 .text.__pow5mult
                0x00005134       0x9c c:/program files (x86)/cypress/psoc creator/4.2/psoc creator/import/gnu/arm/5.4.1/bin/../lib/gcc/arm-none-eabi/5.4.1/../../../../arm-none-eabi/lib/armv7-m\libg_nano.a(lib_a-mprec.o)
                0x00005134                __pow5mult
 .text.__lshift
                0x000051d0       0xa2 c:/program files (x86)/cypress/psoc creator/4.2/psoc creator/import/gnu/arm/5.4.1/bin/../lib/gcc/arm-none-eabi/5.4.1/../../../../arm-none-eabi/lib/armv7-m\libg_nano.a(lib_a-mprec.o)
                0x000051d0                __lshift
 .text.__mcmp   0x00005272       0x38 c:/program files (x86)/cypress/psoc creator/4.2/psoc creator/import/gnu/arm/5.4.1/bin/../lib/gcc/arm-none-eabi/5.4.1/../../../../arm-none-eabi/lib/armv7-m\libg_nano.a(lib_a-mprec.o)
                0x00005272                __mcmp
 .text.__mdiff  0x000052aa       0xbe c:/program files (x86)/cypress/psoc creator/4.2/psoc creator/import/gnu/arm/5.4.1/bin/../lib/gcc/arm-none-eabi/5.4.1/../../../../arm-none-eabi/lib/armv7-m\libg_nano.a(lib_a-mprec.o)
                0x000052aa                __mdiff
 .text.__d2b    0x00005368       0x9c c:/program files (x86)/cypress/psoc creator/4.2/psoc creator/import/gnu/arm/5.4.1/bin/../lib/gcc/arm-none-eabi/5.4.1/../../../../arm-none-eabi/lib/armv7-m\libg_nano.a(lib_a-mprec.o)
                0x00005368                __d2b
 .text._calloc_r
                0x00005404       0x1c c:/program files (x86)/cypress/psoc creator/4.2/psoc creator/import/gnu/arm/5.4.1/bin/../lib/gcc/arm-none-eabi/5.4.1/../../../../arm-none-eabi/lib/armv7-m\libg_nano.a(lib_a-nano-callocr.o)
                0x00005404                _calloc_r
 .text.__ssputs_r
                0x00005420       0xb2 c:/program files (x86)/cypress/psoc creator/4.2/psoc creator/import/gnu/arm/5.4.1/bin/../lib/gcc/arm-none-eabi/5.4.1/../../../../arm-none-eabi/lib/armv7-m\libg_nano.a(lib_a-nano-svfprintf.o)
                0x00005420                __ssputs_r
 *fill*         0x000054d2        0x2 
 .text._svfprintf_r
                0x000054d4      0x1e8 c:/program files (x86)/cypress/psoc creator/4.2/psoc creator/import/gnu/arm/5.4.1/bin/../lib/gcc/arm-none-eabi/5.4.1/../../../../arm-none-eabi/lib/armv7-m\libg_nano.a(lib_a-nano-svfprintf.o)
                0x000054d4                _svfiprintf_r
                0x000054d4                _svfprintf_r
 .text.memmove  0x000056bc       0x36 c:/program files (x86)/cypress/psoc creator/4.2/psoc creator/import/gnu/arm/5.4.1/bin/../lib/gcc/arm-none-eabi/5.4.1/../../../../arm-none-eabi/lib/armv7-m\libg_nano.a(lib_a-memmove.o)
                0x000056bc                memmove
 .text._realloc_r
                0x000056f2       0x4c c:/program files (x86)/cypress/psoc creator/4.2/psoc creator/import/gnu/arm/5.4.1/bin/../lib/gcc/arm-none-eabi/5.4.1/../../../../arm-none-eabi/lib/armv7-m\libg_nano.a(lib_a-nano-reallocr.o)
                0x000056f2                _realloc_r
 .text._malloc_usable_size_r
                0x0000573e       0x14 c:/program files (x86)/cypress/psoc creator/4.2/psoc creator/import/gnu/arm/5.4.1/bin/../lib/gcc/arm-none-eabi/5.4.1/../../../../arm-none-eabi/lib/armv7-m\libg_nano.a(lib_a-nano-msizer.o)
                0x0000573e                _malloc_usable_size_r
 *fill*         0x00005752        0x2 
 .text          0x00005754       0x2c c:/program files (x86)/cypress/psoc creator/4.2/psoc creator/import/gnu/arm/5.4.1/bin/../lib/gcc/arm-none-eabi/5.4.1/armv7-m\libgcc.a(_arm_unorddf2.o)
                0x00005754                __unorddf2
                0x00005754                __aeabi_dcmpun
 .text          0x00005780       0x50 c:/program files (x86)/cypress/psoc creator/4.2/psoc creator/import/gnu/arm/5.4.1/bin/../lib/gcc/arm-none-eabi/5.4.1/armv7-m\libgcc.a(_arm_fixdfsi.o)
                0x00005780                __aeabi_d2iz
                0x00005780                __fixdfsi
 *(.plt)
 *(.gnu.warning)
 *(.glue_7t)
 .glue_7t       0x000057d0        0x0 linker stubs
 *(.glue_7)
 .glue_7        0x000057d0        0x0 linker stubs
 *(.vfp11_veneer)
 .vfp11_veneer  0x000057d0        0x0 linker stubs
 *(.bootloader)
 *(.ARM.extab* .gnu.linkonce.armextab.*)
 *(.gcc_except_table)

.v4_bx          0x000057d0        0x0
 .v4_bx         0x000057d0        0x0 linker stubs

.iplt           0x000057d0        0x0
 .iplt          0x000057d0        0x0 c:/program files (x86)/cypress/psoc creator/4.2/psoc creator/import/gnu/arm/5.4.1/bin/../lib/gcc/arm-none-eabi/5.4.1/armv7-m/crtbegin.o

.eh_frame_hdr
 *(.eh_frame_hdr)

.eh_frame       0x000057d0        0x4
 *(.eh_frame)
 .eh_frame      0x000057d0        0x0 c:/program files (x86)/cypress/psoc creator/4.2/psoc creator/import/gnu/arm/5.4.1/bin/../lib/gcc/arm-none-eabi/5.4.1/armv7-m/crtbegin.o
 .eh_frame      0x000057d0        0x4 c:/program files (x86)/cypress/psoc creator/4.2/psoc creator/import/gnu/arm/5.4.1/bin/../lib/gcc/arm-none-eabi/5.4.1/armv7-m/crtend.o
                [!provide]                PROVIDE (__exidx_start, .)

.ARM.exidx
 *(.ARM.exidx* .gnu.linkonce.armexidx.*)
                0x000057d4                __exidx_end = .

.rodata         0x000057d8      0x4d8
 *(.rodata .rodata.* .gnu.linkonce.r.*)
 .rodata.str1.4
                0x000057d8      0x1b8 .\CortexM3\ARM_GCC_541\Debug\main.o
                                0x1b6 (size before relaxing)
 .rodata        0x00005990      0x100 .\CortexM3\ARM_GCC_541\Debug\one_wire.o
                0x00005990                crc_table
 .rodata        0x00005a90        0x8 .\CortexM3\ARM_GCC_541\Debug\ModbusRtu.o
                0x00005a90                fctsupported
 .rodata        0x00005a98       0x84 .\CortexM3\ARM_GCC_541\Debug\cyfitter_cfg.o
                0x00005a98                AMux__addrTable
                0x00005ab8                AMux__maskTable
                0x00005ac0                ADC_AMux__addrTable
                0x00005ac8                ADC_AMux__maskTable
 .rodata.str1.1
                0x00005b1c        0x2 c:/program files (x86)/cypress/psoc creator/4.2/psoc creator/import/gnu/arm/5.4.1/bin/../lib/gcc/arm-none-eabi/5.4.1/../../../../arm-none-eabi/lib/armv7-m\libg_nano.a(lib_a-impure.o)
 .rodata.str1.1
                0x00005b1e       0x12 c:/program files (x86)/cypress/psoc creator/4.2/psoc creator/import/gnu/arm/5.4.1/bin/../lib/gcc/arm-none-eabi/5.4.1/../../../../arm-none-eabi/lib/armv7-m\libg_nano.a(lib_a-nano-vfprintf_float.o)
 .rodata.str1.1
                0x00005b30       0x22 c:/program files (x86)/cypress/psoc creator/4.2/psoc creator/import/gnu/arm/5.4.1/bin/../lib/gcc/arm-none-eabi/5.4.1/../../../../arm-none-eabi/lib/armv7-m\libg_nano.a(lib_a-nano-vfprintf_i.o)
 .rodata.str1.1
                0x00005b52        0xd c:/program files (x86)/cypress/psoc creator/4.2/psoc creator/import/gnu/arm/5.4.1/bin/../lib/gcc/arm-none-eabi/5.4.1/../../../../arm-none-eabi/lib/armv7-m\libg_nano.a(lib_a-dtoa.o)
                                  0xf (size before relaxing)
 .rodata.str1.1
                0x00005b5f        0x8 c:/program files (x86)/cypress/psoc creator/4.2/psoc creator/import/gnu/arm/5.4.1/bin/../lib/gcc/arm-none-eabi/5.4.1/../../../../arm-none-eabi/lib/armv7-m\libg_nano.a(lib_a-locale.o)
                                  0xb (size before relaxing)
 *fill*         0x00005b67        0x1 
 .rodata.__mprec_tens
                0x00005b68       0xc8 c:/program files (x86)/cypress/psoc creator/4.2/psoc creator/import/gnu/arm/5.4.1/bin/../lib/gcc/arm-none-eabi/5.4.1/../../../../arm-none-eabi/lib/armv7-m\libg_nano.a(lib_a-mprec.o)
                0x00005b68                __mprec_tens
 .rodata.p05.5408
                0x00005c30        0xc c:/program files (x86)/cypress/psoc creator/4.2/psoc creator/import/gnu/arm/5.4.1/bin/../lib/gcc/arm-none-eabi/5.4.1/../../../../arm-none-eabi/lib/armv7-m\libg_nano.a(lib_a-mprec.o)
 *fill*         0x00005c3c        0x4 
 .rodata.__mprec_bigtens
                0x00005c40       0x28 c:/program files (x86)/cypress/psoc creator/4.2/psoc creator/import/gnu/arm/5.4.1/bin/../lib/gcc/arm-none-eabi/5.4.1/../../../../arm-none-eabi/lib/armv7-m\libg_nano.a(lib_a-mprec.o)
                0x00005c40                __mprec_bigtens
 .rodata.str1.1
                0x00005c68       0x11 c:/program files (x86)/cypress/psoc creator/4.2/psoc creator/import/gnu/arm/5.4.1/bin/../lib/gcc/arm-none-eabi/5.4.1/../../../../arm-none-eabi/lib/armv7-m\libg_nano.a(lib_a-nano-svfprintf.o)
                0x00005c7c                . = ALIGN (0x4)
 *fill*         0x00005c79        0x3 
 *(.init)
 .init          0x00005c7c        0x4 c:/program files (x86)/cypress/psoc creator/4.2/psoc creator/import/gnu/arm/5.4.1/bin/../lib/gcc/arm-none-eabi/5.4.1/armv7-m/crti.o
                0x00005c7c                _init
 .init          0x00005c80        0x8 c:/program files (x86)/cypress/psoc creator/4.2/psoc creator/import/gnu/arm/5.4.1/bin/../lib/gcc/arm-none-eabi/5.4.1/armv7-m/crtn.o
                0x00005c88                . = ALIGN (0x4)
                0x00005c88                __preinit_array_start = .
 *(.preinit_array)
                0x00005c88                __preinit_array_end = .
                0x00005c88                . = ALIGN (0x4)
                0x00005c88                __init_array_start = .
 *(SORT(.init_array.*))
 *(.init_array)
 .init_array    0x00005c88        0x4 c:/program files (x86)/cypress/psoc creator/4.2/psoc creator/import/gnu/arm/5.4.1/bin/../lib/gcc/arm-none-eabi/5.4.1/armv7-m/crtbegin.o
 .init_array    0x00005c8c        0x4 .\CortexM3\ARM_GCC_541\Debug\Cm3Start.o
                0x00005c90                __init_array_end = .
                0x00005c90                . = ALIGN (0x4)
 *(.fini)
 .fini          0x00005c90        0x4 c:/program files (x86)/cypress/psoc creator/4.2/psoc creator/import/gnu/arm/5.4.1/bin/../lib/gcc/arm-none-eabi/5.4.1/armv7-m/crti.o
                0x00005c90                _fini
 .fini          0x00005c94        0x8 c:/program files (x86)/cypress/psoc creator/4.2/psoc creator/import/gnu/arm/5.4.1/bin/../lib/gcc/arm-none-eabi/5.4.1/armv7-m/crtn.o
                0x00005c9c                . = ALIGN (0x4)
                0x00005c9c                __fini_array_start = .
 *(.fini_array)
 .fini_array    0x00005c9c        0x4 c:/program files (x86)/cypress/psoc creator/4.2/psoc creator/import/gnu/arm/5.4.1/bin/../lib/gcc/arm-none-eabi/5.4.1/armv7-m/crtbegin.o
 *(SORT(.fini_array.*))
                0x00005ca0                __fini_array_end = .
                0x00005ca0                . = ALIGN (0x4)
 *crtbegin.o(.ctors)
 *(EXCLUDE_FILE(*crtend.o) .ctors)
 *(SORT(.ctors.*))
 *crtend.o(.ctors)
                0x00005ca0                . = ALIGN (0x4)
 *crtbegin.o(.dtors)
 *(EXCLUDE_FILE(*crtend.o) .dtors)
 *(SORT(.dtors.*))
 *crtend.o(.dtors)
                0x00005ca0                . = ALIGN (0x4)
                0x00005ca0                __cy_regions = .
                0x00005ca0        0x4 LONG 0x5cb0 __cy_region_init_ram
                0x00005ca4        0x4 LONG 0x1fff80c8 __cy_region_start_data
                0x00005ca8        0x4 LONG 0xc0 __cy_region_init_size_ram
                0x00005cac        0x4 LONG 0xb40 __cy_region_zero_size_ram
                0x00005cb0                __cy_regions_end = .
                0x00005cb0                . = ALIGN (0x8)
                0x00005cb0                _etext = .

.cy_checksum_exclude
                0x00005cb0        0x0
 *(.cy_checksum_exclude)

.ramvectors     0x1fff8000       0xc0
                0x1fff8000                __cy_region_start_ram = .
 *(.ramvectors)
 .ramvectors    0x1fff8000       0xc0 .\CortexM3\ARM_GCC_541\Debug\Cm3Start.o
                0x1fff8000                CyRamVectors

.noinit         0x1fff80c0        0x1
 *(.noinit)
 .noinit        0x1fff80c0        0x1 .\CortexM3\ARM_GCC_541\Debug\AHU_2.a(CyLib.o)
                0x1fff80c0                CyResetStatus

.data           0x1fff80c8       0xc0 load address 0x00005cb0
                0x1fff80c8                __cy_region_start_data = .
 *(.jcr)
 .jcr           0x1fff80c8        0x0 c:/program files (x86)/cypress/psoc creator/4.2/psoc creator/import/gnu/arm/5.4.1/bin/../lib/gcc/arm-none-eabi/5.4.1/armv7-m/crtbegin.o
 .jcr           0x1fff80c8        0x4 c:/program files (x86)/cypress/psoc creator/4.2/psoc creator/import/gnu/arm/5.4.1/bin/../lib/gcc/arm-none-eabi/5.4.1/armv7-m/crtend.o
 *(.got.plt)
 *(.got)
 *(.shdata)
 *(.data .data.* .gnu.linkonce.d.*)
 .data          0x1fff80cc        0x2 .\CortexM3\ARM_GCC_541\Debug\ds18b20.o
 *fill*         0x1fff80ce        0x2 
 .data          0x1fff80d0        0x4 .\CortexM3\ARM_GCC_541\Debug\Cm3Start.o
 .data          0x1fff80d4       0x10 .\CortexM3\ARM_GCC_541\Debug\AHU_2.a(CyLib.o)
                0x1fff80d4                cydelay_32k_ms
                0x1fff80d8                cydelay_freq_khz
                0x1fff80dc                cydelay_freq_mhz
                0x1fff80e0                cydelay_freq_hz
 .data          0x1fff80e4        0x1 .\CortexM3\ARM_GCC_541\Debug\AHU_2.a(ADC.o)
                0x1fff80e4                ADC_Config
 .data          0x1fff80e5        0x1 .\CortexM3\ARM_GCC_541\Debug\AHU_2.a(ADC_AMux.o)
 .data          0x1fff80e6        0x1 .\CortexM3\ARM_GCC_541\Debug\AHU_2.a(AMux.o)
 *fill*         0x1fff80e7        0x1 
 .data.impure_data
                0x1fff80e8       0x60 c:/program files (x86)/cypress/psoc creator/4.2/psoc creator/import/gnu/arm/5.4.1/bin/../lib/gcc/arm-none-eabi/5.4.1/../../../../arm-none-eabi/lib/armv7-m\libg_nano.a(lib_a-impure.o)
 .data._impure_ptr
                0x1fff8148        0x4 c:/program files (x86)/cypress/psoc creator/4.2/psoc creator/import/gnu/arm/5.4.1/bin/../lib/gcc/arm-none-eabi/5.4.1/../../../../arm-none-eabi/lib/armv7-m\libg_nano.a(lib_a-impure.o)
                0x1fff8148                _impure_ptr
 .data.lconv    0x1fff814c       0x38 c:/program files (x86)/cypress/psoc creator/4.2/psoc creator/import/gnu/arm/5.4.1/bin/../lib/gcc/arm-none-eabi/5.4.1/../../../../arm-none-eabi/lib/armv7-m\libg_nano.a(lib_a-locale.o)
                0x1fff8188                . = ALIGN (0x8)
 *fill*         0x1fff8184        0x4 
 *(.ram)
                0x1fff8188                _edata = .

.igot.plt       0x1fff8188        0x0 load address 0x00005d70
 .igot.plt      0x1fff8188        0x0 c:/program files (x86)/cypress/psoc creator/4.2/psoc creator/import/gnu/arm/5.4.1/bin/../lib/gcc/arm-none-eabi/5.4.1/armv7-m/crtbegin.o

.bss            0x1fff8188      0xb40 load address 0x00005d70
                0x1fff8188                PROVIDE (__bss_start__, .)
 *(.shbss)
 *(.bss .bss.* .gnu.linkonce.b.*)
 .bss           0x1fff8188       0x1c c:/program files (x86)/cypress/psoc creator/4.2/psoc creator/import/gnu/arm/5.4.1/bin/../lib/gcc/arm-none-eabi/5.4.1/armv7-m/crtbegin.o
 .bss           0x1fff81a4       0x5d .\CortexM3\ARM_GCC_541\Debug\main.o
                0x1fff81a4                wemos_pos
                0x1fff81a8                last31855
                0x1fff81c8                lastDS18B20
                0x1fff81f0                last_Adc_result
                0x1fff8200                lastPins
 *fill*         0x1fff8201        0x3 
 .bss           0x1fff8204        0x4 .\CortexM3\ARM_GCC_541\Debug\ds18b20.o
 .bss           0x1fff8208        0x1 .\CortexM3\ARM_GCC_541\Debug\one_wire.o
                0x1fff8208                one_wire_device_count
 .bss           0x1fff8209        0x2 .\CortexM3\ARM_GCC_541\Debug\AHU_2.a(RS485.o)
                0x1fff8209                RS485_initVar
 .bss           0x1fff820b        0x1 .\CortexM3\ARM_GCC_541\Debug\AHU_2.a(Timer.o)
                0x1fff820b                Timer_initVar
 .bss           0x1fff820c       0x10 .\CortexM3\ARM_GCC_541\Debug\AHU_2.a(ADC.o)
                0x1fff8214                ADC_stopConversion
                0x1fff8215                ADC_convDone
                0x1fff8216                ADC_initVar
                0x1fff8217                ADC_started
                0x1fff8218                ADC_Offset
 .bss           0x1fff821c        0x2 .\CortexM3\ARM_GCC_541\Debug\AHU_2.a(Wemos.o)
                0x1fff821c                Wemos_initVar
 .bss           0x1fff821e        0x1 .\CortexM3\ARM_GCC_541\Debug\AHU_2.a(Rx_Timer.o)
                0x1fff821e                Rx_Timer_initVar
 *fill*         0x1fff821f        0x1 
 .bss.__malloc_sbrk_start
                0x1fff8220        0x4 c:/program files (x86)/cypress/psoc creator/4.2/psoc creator/import/gnu/arm/5.4.1/bin/../lib/gcc/arm-none-eabi/5.4.1/../../../../arm-none-eabi/lib/armv7-m\libg_nano.a(lib_a-nano-mallocr.o)
                0x1fff8220                __malloc_sbrk_start
 .bss.__malloc_free_list
                0x1fff8224        0x4 c:/program files (x86)/cypress/psoc creator/4.2/psoc creator/import/gnu/arm/5.4.1/bin/../lib/gcc/arm-none-eabi/5.4.1/../../../../arm-none-eabi/lib/armv7-m\libg_nano.a(lib_a-nano-mallocr.o)
                0x1fff8224                __malloc_free_list
 *(COMMON)
 COMMON         0x1fff8228      0x910 .\CortexM3\ARM_GCC_541\Debug\main.o
                0x1fff8228                version
                0x1fff8234                registers
                0x1fff857c                esc_time
                0x1fff8580                modbus_slave
                0x1fff8581                esc
                0x1fff8582                myId
                0x1fff8583                rx_timed_out
                0x1fff8584                temp_regs
                0x1fff85d4                rs485_buffer
                0x1fff86d4                modbus_wait
                0x1fff86d8                Global_time
                0x1fff86dc                telegram
                0x1fff86e8                rs485_pos
                0x1fff86e9                modbus_state
                0x1fff86ec                wemos_buffer
                0x1fff87ec                slave_id
                0x1fff87ee                last_modbus_time
                0x1fff87f0                last_registers
 COMMON         0x1fff8b38       0x60 .\CortexM3\ARM_GCC_541\Debug\one_wire.o
                0x1fff8b38                last_device_flag
                0x1fff8b3c                ROM_NO
                0x1fff8b44                crc8
                0x1fff8b45                state
                0x1fff8b46                last_mismatch
                0x1fff8b48                one_wire_devices
 COMMON         0x1fff8b98      0x124 .\CortexM3\ARM_GCC_541\Debug\ModbusRtu.o
                0x1fff8b98                au16regs
                0x1fff8b9c                u8lastRec
                0x1fff8b9e                u16errCnt
                0x1fff8ba0                u16InCnt
                0x1fff8ba2                u8state
                0x1fff8ba3                u8serno
                0x1fff8ba4                u32timeOut
                0x1fff8ba8                u16OutCnt
                0x1fff8baa                u8txenpin
                0x1fff8bac                au8Buffer
                0x1fff8caa                u16timeOut
                0x1fff8cac                u8id
                0x1fff8cb0                u32time
                0x1fff8cb4                u8BufferSize
                0x1fff8cb5                u8regsize
                0x1fff8cb6                u8lastError
                0x1fff8cb8                u32overTime
 COMMON         0x1fff8cbc        0x4 .\CortexM3\ARM_GCC_541\Debug\AHU_2.a(ADC.o)
                0x1fff8cbc                ADC_CountsPerVolt
 COMMON         0x1fff8cc0        0x4 c:/program files (x86)/cypress/psoc creator/4.2/psoc creator/import/gnu/arm/5.4.1/bin/../lib/gcc/arm-none-eabi/5.4.1/../../../../arm-none-eabi/lib/armv7-m\libg_nano.a(lib_a-reent.o)
                0x1fff8cc0                errno
                0x1fff8cc8                . = ALIGN (0x8)
 *fill*         0x1fff8cc4        0x4 
 *(.ram.b)
                0x1fff8cc8                _end = .
                0x1fff8cc8                __end = .
                0x1fff8cc8                PROVIDE (end, .)
                0x1fff8cc8                PROVIDE (__bss_end__, .)
                0x00005cb0                __cy_region_init_ram = LOADADDR (.data)
                0x000000c0                __cy_region_init_size_ram = (_edata - ADDR (.data))
                0x00000b40                __cy_region_zero_size_ram = (_end - _edata)

.heap           0x1fff8cc8     0x8000 load address 0x00005d70
                0x1fff8cc8                . = _end
                0x20000cc8                . = (. + 0x8000)
 *fill*         0x1fff8cc8     0x8000 
                0x20000cc8                __cy_heap_limit = .

.stack          0x20004000     0x4000
                0x20004000                __cy_stack_limit = .
                0x20008000                . = (. + 0x4000)
 *fill*         0x20004000     0x4000 
                0x00000001                ASSERT ((__cy_stack_limit >= __cy_heap_limit), region RAM overflowed with stack)
                0x00000000                cy_checksum_exclude_size = (CY_APPL_LOADABLE == 0x1)?SIZEOF (.cy_checksum_exclude):0x0
                0x00000001                ASSERT ((cy_checksum_exclude_size <= CY_CHECKSUM_EXCLUDE_SIZE), CY_BOOT: Section .cy_checksum_exclude size exceedes specified limit.)

.cyloadermeta
 *(.cyloadermeta)

.cyloadablemeta
 *(.cyloadablemeta)

.cyconfigecc    0x80000000      0xafc
 *(.cyconfigecc)
 .cyconfigecc   0x80000000      0xafc .\CortexM3\ARM_GCC_541\Debug\cymetadata.o
                0x80000000                cy_meta_configecc

.cycustnvl      0x90000000        0x4
 *(.cycustnvl)
 .cycustnvl     0x90000000        0x4 .\CortexM3\ARM_GCC_541\Debug\cymetadata.o
                0x90000000                cy_meta_custnvl

.cywolatch      0x90100000        0x4
 *(.cywolatch)
 .cywolatch     0x90100000        0x4 .\CortexM3\ARM_GCC_541\Debug\cymetadata.o
                0x90100000                cy_meta_wonvl

.cyeeprom       0x90200000        0x0
 *(.cyeeprom)
                0x00000001                ASSERT ((. <= ((0x90200000 + ee_offset) + ee_size)), .cyeeprom data will not fit in EEPROM)

.cyflashprotect
                0x90400000      0x100
 *(.cyflashprotect)
 .cyflashprotect
                0x90400000      0x100 .\CortexM3\ARM_GCC_541\Debug\cymetadata.o
                0x90400000                cy_meta_flashprotect

.cymeta         0x90500000        0xc
 *(.cymeta)
 .cymeta        0x90500000        0xc .\CortexM3\ARM_GCC_541\Debug\cymetadata.o
                0x90500000                cy_metadata

.rel.dyn        0x00005d70        0x0 load address 0x9050000c
 .rel.iplt      0x00005d70        0x0 c:/program files (x86)/cypress/psoc creator/4.2/psoc creator/import/gnu/arm/5.4.1/bin/../lib/gcc/arm-none-eabi/5.4.1/armv7-m/crtbegin.o

.stab
 *(.stab)

.stabstr
 *(.stabstr)

.debug
 *(.debug)

.line
 *(.line)

.debug_srcinfo
 *(.debug_srcinfo)

.debug_sfnames
 *(.debug_sfnames)

.debug_aranges  0x00000000     0x1188
 *(.debug_aranges)
 .debug_aranges
                0x00000000       0x58 .\CortexM3\ARM_GCC_541\Debug\main.o
 .debug_aranges
                0x00000058       0x78 .\CortexM3\ARM_GCC_541\Debug\ds18b20.o
 .debug_aranges
                0x000000d0       0x98 .\CortexM3\ARM_GCC_541\Debug\one_wire.o
 .debug_aranges
                0x00000168       0x38 .\CortexM3\ARM_GCC_541\Debug\max31855.o
 .debug_aranges
                0x000001a0       0xc0 .\CortexM3\ARM_GCC_541\Debug\ModbusRtu.o
 .debug_aranges
                0x00000260       0x78 .\CortexM3\ARM_GCC_541\Debug\cyfitter_cfg.o
 .debug_aranges
                0x000002d8       0x18 .\CortexM3\ARM_GCC_541\Debug\cymetadata.o
 .debug_aranges
                0x000002f0       0x48 .\CortexM3\ARM_GCC_541\Debug\Cm3Start.o
 .debug_aranges
                0x00000338      0x2a0 .\CortexM3\ARM_GCC_541\Debug\AHU_2.a(CyLib.o)
 .debug_aranges
                0x000005d8       0x98 .\CortexM3\ARM_GCC_541\Debug\AHU_2.a(cyPm.o)
 .debug_aranges
                0x00000670       0xf0 .\CortexM3\ARM_GCC_541\Debug\AHU_2.a(RS485.o)
 .debug_aranges
                0x00000760       0x28 .\CortexM3\ARM_GCC_541\Debug\AHU_2.a(Temp_CLK.o)
 .debug_aranges
                0x00000788       0x28 .\CortexM3\ARM_GCC_541\Debug\AHU_2.a(Temp_CS.o)
 .debug_aranges
                0x000007b0       0x70 .\CortexM3\ARM_GCC_541\Debug\AHU_2.a(RS485_IntClock.o)
 .debug_aranges
                0x00000820       0x38 .\CortexM3\ARM_GCC_541\Debug\AHU_2.a(MAX31855_MISO.o)
 .debug_aranges
                0x00000858       0x80 .\CortexM3\ARM_GCC_541\Debug\AHU_2.a(Rx_Int.o)
 .debug_aranges
                0x000008d8       0x88 .\CortexM3\ARM_GCC_541\Debug\AHU_2.a(Timer.o)
 .debug_aranges
                0x00000960       0x80 .\CortexM3\ARM_GCC_541\Debug\AHU_2.a(Timer_Int.o)
 .debug_aranges
                0x000009e0       0xe8 .\CortexM3\ARM_GCC_541\Debug\AHU_2.a(ADC.o)
 .debug_aranges
                0x00000ac8       0x38 .\CortexM3\ARM_GCC_541\Debug\AHU_2.a(ADC_INT.o)
 .debug_aranges
                0x00000b00       0x30 .\CortexM3\ARM_GCC_541\Debug\AHU_2.a(ADC_AMux.o)
 .debug_aranges
                0x00000b30       0x70 .\CortexM3\ARM_GCC_541\Debug\AHU_2.a(ADC_Ext_CP_Clk.o)
 .debug_aranges
                0x00000ba0       0x80 .\CortexM3\ARM_GCC_541\Debug\AHU_2.a(ADC_theACLK.o)
 .debug_aranges
                0x00000c20       0x30 .\CortexM3\ARM_GCC_541\Debug\AHU_2.a(AMux.o)
 .debug_aranges
                0x00000c50       0x38 .\CortexM3\ARM_GCC_541\Debug\AHU_2.a(Wire1.o)
 .debug_aranges
                0x00000c88       0x38 .\CortexM3\ARM_GCC_541\Debug\AHU_2.a(LED.o)
 .debug_aranges
                0x00000cc0       0xf0 .\CortexM3\ARM_GCC_541\Debug\AHU_2.a(Wemos.o)
 .debug_aranges
                0x00000db0       0x70 .\CortexM3\ARM_GCC_541\Debug\AHU_2.a(Wemos_IntClock.o)
 .debug_aranges
                0x00000e20       0x80 .\CortexM3\ARM_GCC_541\Debug\AHU_2.a(Wemos_Rx_Int.o)
 .debug_aranges
                0x00000ea0       0x38 .\CortexM3\ARM_GCC_541\Debug\AHU_2.a(RS485_En.o)
 .debug_aranges
                0x00000ed8       0x98 .\CortexM3\ARM_GCC_541\Debug\AHU_2.a(Rx_Timer.o)
 .debug_aranges
                0x00000f70       0x80 .\CortexM3\ARM_GCC_541\Debug\AHU_2.a(Rx_Timer_Int.o)
 .debug_aranges
                0x00000ff0       0x38 .\CortexM3\ARM_GCC_541\Debug\AHU_2.a(DIP.o)
 .debug_aranges
                0x00001028       0x38 .\CortexM3\ARM_GCC_541\Debug\AHU_2.a(DINP.o)
 .debug_aranges
                0x00001060       0x20 .\CortexM3\ARM_GCC_541\Debug\AHU_2.a(CyBootAsmGnu.o)
 .debug_aranges
                0x00001080       0x88 .\CortexM3\ARM_GCC_541\Debug\AHU_2.a(CyFlash.o)
 .debug_aranges
                0x00001108       0x80 .\CortexM3\ARM_GCC_541\Debug\AHU_2.a(CySpc.o)

.debug_pubnames
 *(.debug_pubnames)

.debug_info     0x00000000     0x9fde
 *(.debug_info .gnu.linkonce.wi.*)
 .debug_info    0x00000000      0xff3 .\CortexM3\ARM_GCC_541\Debug\main.o
 .debug_info    0x00000ff3      0x5c1 .\CortexM3\ARM_GCC_541\Debug\ds18b20.o
 .debug_info    0x000015b4      0x771 .\CortexM3\ARM_GCC_541\Debug\one_wire.o
 .debug_info    0x00001d25      0x316 .\CortexM3\ARM_GCC_541\Debug\max31855.o
 .debug_info    0x0000203b      0xb79 .\CortexM3\ARM_GCC_541\Debug\ModbusRtu.o
 .debug_info    0x00002bb4      0x765 .\CortexM3\ARM_GCC_541\Debug\cyfitter_cfg.o
 .debug_info    0x00003319      0x139 .\CortexM3\ARM_GCC_541\Debug\cymetadata.o
 .debug_info    0x00003452      0x3bb .\CortexM3\ARM_GCC_541\Debug\Cm3Start.o
 .debug_info    0x0000380d     0x1374 .\CortexM3\ARM_GCC_541\Debug\AHU_2.a(CyLib.o)
 .debug_info    0x00004b81      0xa2a .\CortexM3\ARM_GCC_541\Debug\AHU_2.a(cyPm.o)
 .debug_info    0x000055ab      0x60c .\CortexM3\ARM_GCC_541\Debug\AHU_2.a(RS485.o)
 .debug_info    0x00005bb7       0xd6 .\CortexM3\ARM_GCC_541\Debug\AHU_2.a(Temp_CLK.o)
 .debug_info    0x00005c8d       0xd6 .\CortexM3\ARM_GCC_541\Debug\AHU_2.a(Temp_CS.o)
 .debug_info    0x00005d63      0x283 .\CortexM3\ARM_GCC_541\Debug\AHU_2.a(RS485_IntClock.o)
 .debug_info    0x00005fe6      0x11f .\CortexM3\ARM_GCC_541\Debug\AHU_2.a(MAX31855_MISO.o)
 .debug_info    0x00006105      0x2d2 .\CortexM3\ARM_GCC_541\Debug\AHU_2.a(Rx_Int.o)
 .debug_info    0x000063d7      0x295 .\CortexM3\ARM_GCC_541\Debug\AHU_2.a(Timer.o)
 .debug_info    0x0000666c      0x2d2 .\CortexM3\ARM_GCC_541\Debug\AHU_2.a(Timer_Int.o)
 .debug_info    0x0000693e      0xab8 .\CortexM3\ARM_GCC_541\Debug\AHU_2.a(ADC.o)
 .debug_info    0x000073f6       0xd3 .\CortexM3\ARM_GCC_541\Debug\AHU_2.a(ADC_INT.o)
 .debug_info    0x000074c9      0x165 .\CortexM3\ARM_GCC_541\Debug\AHU_2.a(ADC_AMux.o)
 .debug_info    0x0000762e      0x283 .\CortexM3\ARM_GCC_541\Debug\AHU_2.a(ADC_Ext_CP_Clk.o)
 .debug_info    0x000078b1      0x2c4 .\CortexM3\ARM_GCC_541\Debug\AHU_2.a(ADC_theACLK.o)
 .debug_info    0x00007b75      0x165 .\CortexM3\ARM_GCC_541\Debug\AHU_2.a(AMux.o)
 .debug_info    0x00007cda      0x11f .\CortexM3\ARM_GCC_541\Debug\AHU_2.a(Wire1.o)
 .debug_info    0x00007df9      0x11f .\CortexM3\ARM_GCC_541\Debug\AHU_2.a(LED.o)
 .debug_info    0x00007f18      0x60c .\CortexM3\ARM_GCC_541\Debug\AHU_2.a(Wemos.o)
 .debug_info    0x00008524      0x283 .\CortexM3\ARM_GCC_541\Debug\AHU_2.a(Wemos_IntClock.o)
 .debug_info    0x000087a7      0x2d2 .\CortexM3\ARM_GCC_541\Debug\AHU_2.a(Wemos_Rx_Int.o)
 .debug_info    0x00008a79      0x11f .\CortexM3\ARM_GCC_541\Debug\AHU_2.a(RS485_En.o)
 .debug_info    0x00008b98      0x329 .\CortexM3\ARM_GCC_541\Debug\AHU_2.a(Rx_Timer.o)
 .debug_info    0x00008ec1      0x2d2 .\CortexM3\ARM_GCC_541\Debug\AHU_2.a(Rx_Timer_Int.o)
 .debug_info    0x00009193      0x11f .\CortexM3\ARM_GCC_541\Debug\AHU_2.a(DIP.o)
 .debug_info    0x000092b2      0x11f .\CortexM3\ARM_GCC_541\Debug\AHU_2.a(DINP.o)
 .debug_info    0x000093d1       0x70 .\CortexM3\ARM_GCC_541\Debug\AHU_2.a(CyBootAsmGnu.o)
 .debug_info    0x00009441      0x64d .\CortexM3\ARM_GCC_541\Debug\AHU_2.a(CyFlash.o)
 .debug_info    0x00009a8e      0x550 .\CortexM3\ARM_GCC_541\Debug\AHU_2.a(CySpc.o)

.debug_abbrev   0x00000000     0x2d80
 *(.debug_abbrev)
 .debug_abbrev  0x00000000      0x201 .\CortexM3\ARM_GCC_541\Debug\main.o
 .debug_abbrev  0x00000201      0x18c .\CortexM3\ARM_GCC_541\Debug\ds18b20.o
 .debug_abbrev  0x0000038d      0x265 .\CortexM3\ARM_GCC_541\Debug\one_wire.o
 .debug_abbrev  0x000005f2       0xff .\CortexM3\ARM_GCC_541\Debug\max31855.o
 .debug_abbrev  0x000006f1      0x30c .\CortexM3\ARM_GCC_541\Debug\ModbusRtu.o
 .debug_abbrev  0x000009fd      0x22d .\CortexM3\ARM_GCC_541\Debug\cyfitter_cfg.o
 .debug_abbrev  0x00000c2a       0x77 .\CortexM3\ARM_GCC_541\Debug\cymetadata.o
 .debug_abbrev  0x00000ca1      0x1e8 .\CortexM3\ARM_GCC_541\Debug\Cm3Start.o
 .debug_abbrev  0x00000e89      0x254 .\CortexM3\ARM_GCC_541\Debug\AHU_2.a(CyLib.o)
 .debug_abbrev  0x000010dd      0x1ab .\CortexM3\ARM_GCC_541\Debug\AHU_2.a(cyPm.o)
 .debug_abbrev  0x00001288      0x175 .\CortexM3\ARM_GCC_541\Debug\AHU_2.a(RS485.o)
 .debug_abbrev  0x000013fd       0x81 .\CortexM3\ARM_GCC_541\Debug\AHU_2.a(Temp_CLK.o)
 .debug_abbrev  0x0000147e       0x81 .\CortexM3\ARM_GCC_541\Debug\AHU_2.a(Temp_CS.o)
 .debug_abbrev  0x000014ff      0x139 .\CortexM3\ARM_GCC_541\Debug\AHU_2.a(RS485_IntClock.o)
 .debug_abbrev  0x00001638       0x90 .\CortexM3\ARM_GCC_541\Debug\AHU_2.a(MAX31855_MISO.o)
 .debug_abbrev  0x000016c8      0x173 .\CortexM3\ARM_GCC_541\Debug\AHU_2.a(Rx_Int.o)
 .debug_abbrev  0x0000183b      0x11a .\CortexM3\ARM_GCC_541\Debug\AHU_2.a(Timer.o)
 .debug_abbrev  0x00001955      0x173 .\CortexM3\ARM_GCC_541\Debug\AHU_2.a(Timer_Int.o)
 .debug_abbrev  0x00001ac8      0x1cd .\CortexM3\ARM_GCC_541\Debug\AHU_2.a(ADC.o)
 .debug_abbrev  0x00001c95       0x42 .\CortexM3\ARM_GCC_541\Debug\AHU_2.a(ADC_INT.o)
 .debug_abbrev  0x00001cd7       0xb1 .\CortexM3\ARM_GCC_541\Debug\AHU_2.a(ADC_AMux.o)
 .debug_abbrev  0x00001d88      0x139 .\CortexM3\ARM_GCC_541\Debug\AHU_2.a(ADC_Ext_CP_Clk.o)
 .debug_abbrev  0x00001ec1      0x121 .\CortexM3\ARM_GCC_541\Debug\AHU_2.a(ADC_theACLK.o)
 .debug_abbrev  0x00001fe2       0xb1 .\CortexM3\ARM_GCC_541\Debug\AHU_2.a(AMux.o)
 .debug_abbrev  0x00002093       0x90 .\CortexM3\ARM_GCC_541\Debug\AHU_2.a(Wire1.o)
 .debug_abbrev  0x00002123       0x90 .\CortexM3\ARM_GCC_541\Debug\AHU_2.a(LED.o)
 .debug_abbrev  0x000021b3      0x175 .\CortexM3\ARM_GCC_541\Debug\AHU_2.a(Wemos.o)
 .debug_abbrev  0x00002328      0x139 .\CortexM3\ARM_GCC_541\Debug\AHU_2.a(Wemos_IntClock.o)
 .debug_abbrev  0x00002461      0x173 .\CortexM3\ARM_GCC_541\Debug\AHU_2.a(Wemos_Rx_Int.o)
 .debug_abbrev  0x000025d4       0x90 .\CortexM3\ARM_GCC_541\Debug\AHU_2.a(RS485_En.o)
 .debug_abbrev  0x00002664      0x13a .\CortexM3\ARM_GCC_541\Debug\AHU_2.a(Rx_Timer.o)
 .debug_abbrev  0x0000279e      0x173 .\CortexM3\ARM_GCC_541\Debug\AHU_2.a(Rx_Timer_Int.o)
 .debug_abbrev  0x00002911       0x90 .\CortexM3\ARM_GCC_541\Debug\AHU_2.a(DIP.o)
 .debug_abbrev  0x000029a1       0x90 .\CortexM3\ARM_GCC_541\Debug\AHU_2.a(DINP.o)
 .debug_abbrev  0x00002a31       0x14 .\CortexM3\ARM_GCC_541\Debug\AHU_2.a(CyBootAsmGnu.o)
 .debug_abbrev  0x00002a45      0x1a7 .\CortexM3\ARM_GCC_541\Debug\AHU_2.a(CyFlash.o)
 .debug_abbrev  0x00002bec      0x194 .\CortexM3\ARM_GCC_541\Debug\AHU_2.a(CySpc.o)

.debug_line     0x00000000     0x45bf
 *(.debug_line)
 .debug_line    0x00000000      0x529 .\CortexM3\ARM_GCC_541\Debug\main.o
 .debug_line    0x00000529      0x32f .\CortexM3\ARM_GCC_541\Debug\ds18b20.o
 .debug_line    0x00000858      0x35b .\CortexM3\ARM_GCC_541\Debug\one_wire.o
 .debug_line    0x00000bb3      0x20a .\CortexM3\ARM_GCC_541\Debug\max31855.o
 .debug_line    0x00000dbd      0x4e4 .\CortexM3\ARM_GCC_541\Debug\ModbusRtu.o
 .debug_line    0x000012a1      0x24f .\CortexM3\ARM_GCC_541\Debug\cyfitter_cfg.o
 .debug_line    0x000014f0      0x141 .\CortexM3\ARM_GCC_541\Debug\cymetadata.o
 .debug_line    0x00001631      0x234 .\CortexM3\ARM_GCC_541\Debug\Cm3Start.o
 .debug_line    0x00001865      0x816 .\CortexM3\ARM_GCC_541\Debug\AHU_2.a(CyLib.o)
 .debug_line    0x0000207b      0x367 .\CortexM3\ARM_GCC_541\Debug\AHU_2.a(cyPm.o)
 .debug_line    0x000023e2      0x2be .\CortexM3\ARM_GCC_541\Debug\AHU_2.a(RS485.o)
 .debug_line    0x000026a0       0x70 .\CortexM3\ARM_GCC_541\Debug\AHU_2.a(Temp_CLK.o)
 .debug_line    0x00002710       0x6f .\CortexM3\ARM_GCC_541\Debug\AHU_2.a(Temp_CS.o)
 .debug_line    0x0000277f      0x17d .\CortexM3\ARM_GCC_541\Debug\AHU_2.a(RS485_IntClock.o)
 .debug_line    0x000028fc       0x9a .\CortexM3\ARM_GCC_541\Debug\AHU_2.a(MAX31855_MISO.o)
 .debug_line    0x00002996      0x133 .\CortexM3\ARM_GCC_541\Debug\AHU_2.a(Rx_Int.o)
 .debug_line    0x00002ac9      0x153 .\CortexM3\ARM_GCC_541\Debug\AHU_2.a(Timer.o)
 .debug_line    0x00002c1c      0x136 .\CortexM3\ARM_GCC_541\Debug\AHU_2.a(Timer_Int.o)
 .debug_line    0x00002d52      0x38a .\CortexM3\ARM_GCC_541\Debug\AHU_2.a(ADC.o)
 .debug_line    0x000030dc       0x80 .\CortexM3\ARM_GCC_541\Debug\AHU_2.a(ADC_INT.o)
 .debug_line    0x0000315c       0xac .\CortexM3\ARM_GCC_541\Debug\AHU_2.a(ADC_AMux.o)
 .debug_line    0x00003208      0x17d .\CortexM3\ARM_GCC_541\Debug\AHU_2.a(ADC_Ext_CP_Clk.o)
 .debug_line    0x00003385      0x19d .\CortexM3\ARM_GCC_541\Debug\AHU_2.a(ADC_theACLK.o)
 .debug_line    0x00003522       0xa8 .\CortexM3\ARM_GCC_541\Debug\AHU_2.a(AMux.o)
 .debug_line    0x000035ca       0x92 .\CortexM3\ARM_GCC_541\Debug\AHU_2.a(Wire1.o)
 .debug_line    0x0000365c       0x90 .\CortexM3\ARM_GCC_541\Debug\AHU_2.a(LED.o)
 .debug_line    0x000036ec      0x2be .\CortexM3\ARM_GCC_541\Debug\AHU_2.a(Wemos.o)
 .debug_line    0x000039aa      0x17d .\CortexM3\ARM_GCC_541\Debug\AHU_2.a(Wemos_IntClock.o)
 .debug_line    0x00003b27      0x139 .\CortexM3\ARM_GCC_541\Debug\AHU_2.a(Wemos_Rx_Int.o)
 .debug_line    0x00003c60       0x95 .\CortexM3\ARM_GCC_541\Debug\AHU_2.a(RS485_En.o)
 .debug_line    0x00003cf5      0x18a .\CortexM3\ARM_GCC_541\Debug\AHU_2.a(Rx_Timer.o)
 .debug_line    0x00003e7f      0x139 .\CortexM3\ARM_GCC_541\Debug\AHU_2.a(Rx_Timer_Int.o)
 .debug_line    0x00003fb8       0x93 .\CortexM3\ARM_GCC_541\Debug\AHU_2.a(DIP.o)
 .debug_line    0x0000404b       0x94 .\CortexM3\ARM_GCC_541\Debug\AHU_2.a(DINP.o)
 .debug_line    0x000040df       0x66 .\CortexM3\ARM_GCC_541\Debug\AHU_2.a(CyBootAsmGnu.o)
 .debug_line    0x00004145      0x21a .\CortexM3\ARM_GCC_541\Debug\AHU_2.a(CyFlash.o)
 .debug_line    0x0000435f      0x260 .\CortexM3\ARM_GCC_541\Debug\AHU_2.a(CySpc.o)

.debug_frame    0x00000000     0x321c
 *(.debug_frame)
 .debug_frame   0x00000000      0x11c .\CortexM3\ARM_GCC_541\Debug\main.o
 .debug_frame   0x0000011c      0x168 .\CortexM3\ARM_GCC_541\Debug\ds18b20.o
 .debug_frame   0x00000284      0x1d0 .\CortexM3\ARM_GCC_541\Debug\one_wire.o
 .debug_frame   0x00000454       0x84 .\CortexM3\ARM_GCC_541\Debug\max31855.o
 .debug_frame   0x000004d8      0x24c .\CortexM3\ARM_GCC_541\Debug\ModbusRtu.o
 .debug_frame   0x00000724      0x13c .\CortexM3\ARM_GCC_541\Debug\cyfitter_cfg.o
 .debug_frame   0x00000860       0xb8 .\CortexM3\ARM_GCC_541\Debug\Cm3Start.o
 .debug_frame   0x00000918      0x738 .\CortexM3\ARM_GCC_541\Debug\AHU_2.a(CyLib.o)
 .debug_frame   0x00001050      0x1f8 .\CortexM3\ARM_GCC_541\Debug\AHU_2.a(cyPm.o)
 .debug_frame   0x00001248      0x250 .\CortexM3\ARM_GCC_541\Debug\AHU_2.a(RS485.o)
 .debug_frame   0x00001498       0x30 .\CortexM3\ARM_GCC_541\Debug\AHU_2.a(Temp_CLK.o)
 .debug_frame   0x000014c8       0x30 .\CortexM3\ARM_GCC_541\Debug\AHU_2.a(Temp_CS.o)
 .debug_frame   0x000014f8       0xe0 .\CortexM3\ARM_GCC_541\Debug\AHU_2.a(RS485_IntClock.o)
 .debug_frame   0x000015d8       0x50 .\CortexM3\ARM_GCC_541\Debug\AHU_2.a(MAX31855_MISO.o)
 .debug_frame   0x00001628      0x104 .\CortexM3\ARM_GCC_541\Debug\AHU_2.a(Rx_Int.o)
 .debug_frame   0x0000172c      0x108 .\CortexM3\ARM_GCC_541\Debug\AHU_2.a(Timer.o)
 .debug_frame   0x00001834      0x104 .\CortexM3\ARM_GCC_541\Debug\AHU_2.a(Timer_Int.o)
 .debug_frame   0x00001938      0x288 .\CortexM3\ARM_GCC_541\Debug\AHU_2.a(ADC.o)
 .debug_frame   0x00001bc0       0x50 .\CortexM3\ARM_GCC_541\Debug\AHU_2.a(ADC_INT.o)
 .debug_frame   0x00001c10       0x64 .\CortexM3\ARM_GCC_541\Debug\AHU_2.a(ADC_AMux.o)
 .debug_frame   0x00001c74       0xe0 .\CortexM3\ARM_GCC_541\Debug\AHU_2.a(ADC_Ext_CP_Clk.o)
 .debug_frame   0x00001d54      0x100 .\CortexM3\ARM_GCC_541\Debug\AHU_2.a(ADC_theACLK.o)
 .debug_frame   0x00001e54       0x64 .\CortexM3\ARM_GCC_541\Debug\AHU_2.a(AMux.o)
 .debug_frame   0x00001eb8       0x50 .\CortexM3\ARM_GCC_541\Debug\AHU_2.a(Wire1.o)
 .debug_frame   0x00001f08       0x50 .\CortexM3\ARM_GCC_541\Debug\AHU_2.a(LED.o)
 .debug_frame   0x00001f58      0x250 .\CortexM3\ARM_GCC_541\Debug\AHU_2.a(Wemos.o)
 .debug_frame   0x000021a8       0xe0 .\CortexM3\ARM_GCC_541\Debug\AHU_2.a(Wemos_IntClock.o)
 .debug_frame   0x00002288      0x104 .\CortexM3\ARM_GCC_541\Debug\AHU_2.a(Wemos_Rx_Int.o)
 .debug_frame   0x0000238c       0x50 .\CortexM3\ARM_GCC_541\Debug\AHU_2.a(RS485_En.o)
 .debug_frame   0x000023dc      0x134 .\CortexM3\ARM_GCC_541\Debug\AHU_2.a(Rx_Timer.o)
 .debug_frame   0x00002510      0x104 .\CortexM3\ARM_GCC_541\Debug\AHU_2.a(Rx_Timer_Int.o)
 .debug_frame   0x00002614       0x50 .\CortexM3\ARM_GCC_541\Debug\AHU_2.a(DIP.o)
 .debug_frame   0x00002664       0x50 .\CortexM3\ARM_GCC_541\Debug\AHU_2.a(DINP.o)
 .debug_frame   0x000026b4      0x194 .\CortexM3\ARM_GCC_541\Debug\AHU_2.a(CyFlash.o)
 .debug_frame   0x00002848      0x180 .\CortexM3\ARM_GCC_541\Debug\AHU_2.a(CySpc.o)
 .debug_frame   0x000029c8       0x30 c:/program files (x86)/cypress/psoc creator/4.2/psoc creator/import/gnu/arm/5.4.1/bin/../lib/gcc/arm-none-eabi/5.4.1/../../../../arm-none-eabi/lib/armv7-m\libm.a(lib_a-s_round.o)
 .debug_frame   0x000029f8       0x20 c:/program files (x86)/cypress/psoc creator/4.2/psoc creator/import/gnu/arm/5.4.1/bin/../lib/gcc/arm-none-eabi/5.4.1/../../../../arm-none-eabi/lib/armv7-m\libg_nano.a(lib_a-errno.o)
 .debug_frame   0x00002a18       0x28 c:/program files (x86)/cypress/psoc creator/4.2/psoc creator/import/gnu/arm/5.4.1/bin/../lib/gcc/arm-none-eabi/5.4.1/../../../../arm-none-eabi/lib/armv7-m\libg_nano.a(lib_a-exit.o)
 .debug_frame   0x00002a40       0x2c c:/program files (x86)/cypress/psoc creator/4.2/psoc creator/import/gnu/arm/5.4.1/bin/../lib/gcc/arm-none-eabi/5.4.1/../../../../arm-none-eabi/lib/armv7-m\libg_nano.a(lib_a-init.o)
 .debug_frame   0x00002a6c       0x30 c:/program files (x86)/cypress/psoc creator/4.2/psoc creator/import/gnu/arm/5.4.1/bin/../lib/gcc/arm-none-eabi/5.4.1/../../../../arm-none-eabi/lib/armv7-m\libg_nano.a(lib_a-malloc.o)
 .debug_frame   0x00002a9c       0x28 c:/program files (x86)/cypress/psoc creator/4.2/psoc creator/import/gnu/arm/5.4.1/bin/../lib/gcc/arm-none-eabi/5.4.1/../../../../arm-none-eabi/lib/armv7-m\libg_nano.a(lib_a-memcpy-stub.o)
 .debug_frame   0x00002ac4       0x20 c:/program files (x86)/cypress/psoc creator/4.2/psoc creator/import/gnu/arm/5.4.1/bin/../lib/gcc/arm-none-eabi/5.4.1/../../../../arm-none-eabi/lib/armv7-m\libg_nano.a(lib_a-memset.o)
 .debug_frame   0x00002ae4       0x38 c:/program files (x86)/cypress/psoc creator/4.2/psoc creator/import/gnu/arm/5.4.1/bin/../lib/gcc/arm-none-eabi/5.4.1/../../../../arm-none-eabi/lib/armv7-m\libg_nano.a(lib_a-nano-freer.o)
 .debug_frame   0x00002b1c       0x2c c:/program files (x86)/cypress/psoc creator/4.2/psoc creator/import/gnu/arm/5.4.1/bin/../lib/gcc/arm-none-eabi/5.4.1/../../../../arm-none-eabi/lib/armv7-m\libg_nano.a(lib_a-nano-mallocr.o)
 .debug_frame   0x00002b48       0x8c c:/program files (x86)/cypress/psoc creator/4.2/psoc creator/import/gnu/arm/5.4.1/bin/../lib/gcc/arm-none-eabi/5.4.1/../../../../arm-none-eabi/lib/armv7-m\libg_nano.a(lib_a-nano-vfprintf_float.o)
 .debug_frame   0x00002bd4       0x60 c:/program files (x86)/cypress/psoc creator/4.2/psoc creator/import/gnu/arm/5.4.1/bin/../lib/gcc/arm-none-eabi/5.4.1/../../../../arm-none-eabi/lib/armv7-m\libg_nano.a(lib_a-nano-vfprintf_i.o)
 .debug_frame   0x00002c34       0x2c c:/program files (x86)/cypress/psoc creator/4.2/psoc creator/import/gnu/arm/5.4.1/bin/../lib/gcc/arm-none-eabi/5.4.1/../../../../arm-none-eabi/lib/armv7-m\libg_nano.a(lib_a-sbrkr.o)
 .debug_frame   0x00002c60       0x70 c:/program files (x86)/cypress/psoc creator/4.2/psoc creator/import/gnu/arm/5.4.1/bin/../lib/gcc/arm-none-eabi/5.4.1/../../../../arm-none-eabi/lib/armv7-m\libg_nano.a(lib_a-sprintf.o)
 .debug_frame   0x00002cd0       0x6c c:/program files (x86)/cypress/psoc creator/4.2/psoc creator/import/gnu/arm/5.4.1/bin/../lib/gcc/arm-none-eabi/5.4.1/../../../../arm-none-eabi/lib/armv7-m\libg_nano.a(lib_a-dtoa.o)
 .debug_frame   0x00002d3c       0x98 c:/program files (x86)/cypress/psoc creator/4.2/psoc creator/import/gnu/arm/5.4.1/bin/../lib/gcc/arm-none-eabi/5.4.1/../../../../arm-none-eabi/lib/armv7-m\libg_nano.a(lib_a-locale.o)
 .debug_frame   0x00002dd4       0x28 c:/program files (x86)/cypress/psoc creator/4.2/psoc creator/import/gnu/arm/5.4.1/bin/../lib/gcc/arm-none-eabi/5.4.1/../../../../arm-none-eabi/lib/armv7-m\libg_nano.a(lib_a-memchr-stub.o)
 .debug_frame   0x00002dfc       0x30 c:/program files (x86)/cypress/psoc creator/4.2/psoc creator/import/gnu/arm/5.4.1/bin/../lib/gcc/arm-none-eabi/5.4.1/../../../../arm-none-eabi/lib/armv7-m\libg_nano.a(lib_a-mlock.o)
 .debug_frame   0x00002e2c      0x234 c:/program files (x86)/cypress/psoc creator/4.2/psoc creator/import/gnu/arm/5.4.1/bin/../lib/gcc/arm-none-eabi/5.4.1/../../../../arm-none-eabi/lib/armv7-m\libg_nano.a(lib_a-mprec.o)
 .debug_frame   0x00003060       0x2c c:/program files (x86)/cypress/psoc creator/4.2/psoc creator/import/gnu/arm/5.4.1/bin/../lib/gcc/arm-none-eabi/5.4.1/../../../../arm-none-eabi/lib/armv7-m\libg_nano.a(lib_a-nano-callocr.o)
 .debug_frame   0x0000308c       0x90 c:/program files (x86)/cypress/psoc creator/4.2/psoc creator/import/gnu/arm/5.4.1/bin/../lib/gcc/arm-none-eabi/5.4.1/../../../../arm-none-eabi/lib/armv7-m\libg_nano.a(lib_a-nano-svfprintf.o)
 .debug_frame   0x0000311c       0x5c c:/program files (x86)/cypress/psoc creator/4.2/psoc creator/import/gnu/arm/5.4.1/bin/../lib/gcc/arm-none-eabi/5.4.1/../../../../arm-none-eabi/lib/armv7-m\libg_nano.a(lib_a-reent.o)
 .debug_frame   0x00003178       0x20 c:/program files (x86)/cypress/psoc creator/4.2/psoc creator/import/gnu/arm/5.4.1/bin/../lib/gcc/arm-none-eabi/5.4.1/../../../../arm-none-eabi/lib/armv7-m\libg_nano.a(lib_a-strcmp.o)
 .debug_frame   0x00003198       0x28 c:/program files (x86)/cypress/psoc creator/4.2/psoc creator/import/gnu/arm/5.4.1/bin/../lib/gcc/arm-none-eabi/5.4.1/../../../../arm-none-eabi/lib/armv7-m\libg_nano.a(lib_a-memmove.o)
 .debug_frame   0x000031c0       0x3c c:/program files (x86)/cypress/psoc creator/4.2/psoc creator/import/gnu/arm/5.4.1/bin/../lib/gcc/arm-none-eabi/5.4.1/../../../../arm-none-eabi/lib/armv7-m\libg_nano.a(lib_a-nano-reallocr.o)
 .debug_frame   0x000031fc       0x20 c:/program files (x86)/cypress/psoc creator/4.2/psoc creator/import/gnu/arm/5.4.1/bin/../lib/gcc/arm-none-eabi/5.4.1/../../../../arm-none-eabi/lib/armv7-m\libg_nano.a(lib_a-nano-msizer.o)

.debug_str      0x00000000     0x347f
 *(.debug_str)
 .debug_str     0x00000000      0x5c8 .\CortexM3\ARM_GCC_541\Debug\main.o
                                0x6f2 (size before relaxing)
 .debug_str     0x000005c8      0x1ee .\CortexM3\ARM_GCC_541\Debug\ds18b20.o
                                0x440 (size before relaxing)
 .debug_str     0x000007b6      0x1b7 .\CortexM3\ARM_GCC_541\Debug\one_wire.o
                                0x406 (size before relaxing)
 .debug_str     0x0000096d       0x7d .\CortexM3\ARM_GCC_541\Debug\max31855.o
                                0x260 (size before relaxing)
 .debug_str     0x000009ea      0x4d8 .\CortexM3\ARM_GCC_541\Debug\ModbusRtu.o
                                0x78c (size before relaxing)
 .debug_str     0x00000ec2      0x1e7 .\CortexM3\ARM_GCC_541\Debug\cyfitter_cfg.o
                                0x3a4 (size before relaxing)
 .debug_str     0x000010a9       0x75 .\CortexM3\ARM_GCC_541\Debug\cymetadata.o
                                0x1c4 (size before relaxing)
 .debug_str     0x0000111e      0x13f .\CortexM3\ARM_GCC_541\Debug\Cm3Start.o
                                0x2ea (size before relaxing)
 .debug_str     0x0000125d      0x814 .\CortexM3\ARM_GCC_541\Debug\AHU_2.a(CyLib.o)
                                0xa27 (size before relaxing)
 .debug_str     0x00001a71      0x365 .\CortexM3\ARM_GCC_541\Debug\AHU_2.a(cyPm.o)
                                0x713 (size before relaxing)
 .debug_str     0x00001dd6      0x28a .\CortexM3\ARM_GCC_541\Debug\AHU_2.a(RS485.o)
                                0x474 (size before relaxing)
 .debug_str     0x00002060       0x30 .\CortexM3\ARM_GCC_541\Debug\AHU_2.a(Temp_CLK.o)
                                0x198 (size before relaxing)
 .debug_str     0x00002090       0x2e .\CortexM3\ARM_GCC_541\Debug\AHU_2.a(Temp_CS.o)
                                0x195 (size before relaxing)
 .debug_str     0x000020be      0x18d .\CortexM3\ARM_GCC_541\Debug\AHU_2.a(RS485_IntClock.o)
                                0x322 (size before relaxing)
 .debug_str     0x0000224b       0x7b .\CortexM3\ARM_GCC_541\Debug\AHU_2.a(MAX31855_MISO.o)
                                0x1ea (size before relaxing)
 .debug_str     0x000022c6       0x20 .\CortexM3\ARM_GCC_541\Debug\AHU_2.a(Rx_Int.o)
                                0x294 (size before relaxing)
 .debug_str     0x000022e6       0x48 .\CortexM3\ARM_GCC_541\Debug\AHU_2.a(Timer.o)
                                0x2d5 (size before relaxing)
 .debug_str     0x0000232e       0x23 .\CortexM3\ARM_GCC_541\Debug\AHU_2.a(Timer_Int.o)
                                0x2be (size before relaxing)
 .debug_str     0x00002351      0x336 .\CortexM3\ARM_GCC_541\Debug\AHU_2.a(ADC.o)
                                0x5a9 (size before relaxing)
 .debug_str     0x00002687       0x45 .\CortexM3\ARM_GCC_541\Debug\AHU_2.a(ADC_INT.o)
                                0x1a0 (size before relaxing)
 .debug_str     0x000026cc       0x5f .\CortexM3\ARM_GCC_541\Debug\AHU_2.a(ADC_AMux.o)
                                0x1df (size before relaxing)
 .debug_str     0x0000272b      0x12a .\CortexM3\ARM_GCC_541\Debug\AHU_2.a(ADC_Ext_CP_Clk.o)
                                0x322 (size before relaxing)
 .debug_str     0x00002855      0x14f .\CortexM3\ARM_GCC_541\Debug\AHU_2.a(ADC_theACLK.o)
                                0x341 (size before relaxing)
 .debug_str     0x000029a4       0x1e .\CortexM3\ARM_GCC_541\Debug\AHU_2.a(AMux.o)
                                0x1c3 (size before relaxing)
 .debug_str     0x000029c2       0x44 .\CortexM3\ARM_GCC_541\Debug\AHU_2.a(Wire1.o)
                                0x1c2 (size before relaxing)