Archive member included to satisfy reference by file (symbol)

.\CortexM3\ARM_GCC_541\Debug\AHU_1.a(CyLib.o)
                              .\CortexM3\ARM_GCC_541\Debug\Cm3Start.o (CyHalt)
.\CortexM3\ARM_GCC_541\Debug\AHU_1.a(cyPm.o)
                              .\CortexM3\ARM_GCC_541\Debug\AHU_1.a(CyLib.o) (CyPmReadStatus)
.\CortexM3\ARM_GCC_541\Debug\AHU_1.a(RS485.o)
                              .\CortexM3\ARM_GCC_541\Debug\main.o (RS485_Start)
.\CortexM3\ARM_GCC_541\Debug\AHU_1.a(RS485_IntClock.o)
                              .\CortexM3\ARM_GCC_541\Debug\AHU_1.a(RS485.o) (RS485_IntClock_Start)
.\CortexM3\ARM_GCC_541\Debug\AHU_1.a(Rx_Int.o)
                              .\CortexM3\ARM_GCC_541\Debug\main.o (Rx_Int_SetVector)
.\CortexM3\ARM_GCC_541\Debug\AHU_1.a(Timer.o)
                              .\CortexM3\ARM_GCC_541\Debug\main.o (Timer_Start)
.\CortexM3\ARM_GCC_541\Debug\AHU_1.a(Timer_Int.o)
                              .\CortexM3\ARM_GCC_541\Debug\main.o (Timer_Int_SetVector)
.\CortexM3\ARM_GCC_541\Debug\AHU_1.a(SPIM.o)
                              .\CortexM3\ARM_GCC_541\Debug\max31865.o (SPIM_ReadTxStatus)
.\CortexM3\ARM_GCC_541\Debug\AHU_1.a(SPIM_IntClock.o)
                              .\CortexM3\ARM_GCC_541\Debug\AHU_1.a(SPIM.o) (SPIM_IntClock_Start)
.\CortexM3\ARM_GCC_541\Debug\AHU_1.a(ADC.o)
                              .\CortexM3\ARM_GCC_541\Debug\main.o (ADC_Start)
.\CortexM3\ARM_GCC_541\Debug\AHU_1.a(ADC_INT.o)
                              .\CortexM3\ARM_GCC_541\Debug\AHU_1.a(ADC.o) (ADC_ISR1)
.\CortexM3\ARM_GCC_541\Debug\AHU_1.a(ADC_AMux.o)
                              .\CortexM3\ARM_GCC_541\Debug\AHU_1.a(ADC.o) (ADC_AMux_Select)
.\CortexM3\ARM_GCC_541\Debug\AHU_1.a(ADC_Ext_CP_Clk.o)
                              .\CortexM3\ARM_GCC_541\Debug\AHU_1.a(ADC.o) (ADC_Ext_CP_Clk_SetModeRegister)
.\CortexM3\ARM_GCC_541\Debug\AHU_1.a(ADC_theACLK.o)
                              .\CortexM3\ARM_GCC_541\Debug\AHU_1.a(ADC.o) (ADC_theACLK_SetModeRegister)
.\CortexM3\ARM_GCC_541\Debug\AHU_1.a(AMux.o)
                              .\CortexM3\ARM_GCC_541\Debug\main.o (AMux_Start)
.\CortexM3\ARM_GCC_541\Debug\AHU_1.a(MAX31865_CS.o)
                              .\CortexM3\ARM_GCC_541\Debug\main.o (MAX31865_CS_Write)
.\CortexM3\ARM_GCC_541\Debug\AHU_1.a(LED.o)
                              .\CortexM3\ARM_GCC_541\Debug\main.o (LED_Write)
.\CortexM3\ARM_GCC_541\Debug\AHU_1.a(Wire1.o)
                              .\CortexM3\ARM_GCC_541\Debug\one_wire.o (Wire1_Write)
.\CortexM3\ARM_GCC_541\Debug\AHU_1.a(Wemos_Rx_Int.o)
                              .\CortexM3\ARM_GCC_541\Debug\main.o (Wemos_Rx_Int_SetVector)
.\CortexM3\ARM_GCC_541\Debug\AHU_1.a(DINP.o)
                              .\CortexM3\ARM_GCC_541\Debug\main.o (DINP_Read)
.\CortexM3\ARM_GCC_541\Debug\AHU_1.a(Wemos.o)
                              .\CortexM3\ARM_GCC_541\Debug\main.o (Wemos_Start)
.\CortexM3\ARM_GCC_541\Debug\AHU_1.a(RS485_En.o)
                              .\CortexM3\ARM_GCC_541\Debug\ModbusRtu.o (RS485_En_Write)
.\CortexM3\ARM_GCC_541\Debug\AHU_1.a(DIP.o)
                              .\CortexM3\ARM_GCC_541\Debug\main.o (DIP_Read)
.\CortexM3\ARM_GCC_541\Debug\AHU_1.a(Wemos_IntClock.o)
                              .\CortexM3\ARM_GCC_541\Debug\AHU_1.a(Wemos.o) (Wemos_IntClock_Start)
.\CortexM3\ARM_GCC_541\Debug\AHU_1.a(Rx_Timer.o)
                              .\CortexM3\ARM_GCC_541\Debug\main.o (Rx_Timer_Stop)
.\CortexM3\ARM_GCC_541\Debug\AHU_1.a(Rx_Timer_Int.o)
                              .\CortexM3\ARM_GCC_541\Debug\main.o (Rx_Timer_Int_SetVector)
.\CortexM3\ARM_GCC_541\Debug\AHU_1.a(CyBootAsmGnu.o)
                              .\CortexM3\ARM_GCC_541\Debug\cyfitter_cfg.o (CyDelayCycles)
.\CortexM3\ARM_GCC_541\Debug\AHU_1.a(CyFlash.o)
                              .\CortexM3\ARM_GCC_541\Debug\AHU_1.a(cyPm.o) (CyFlash_SetWaitCycles)
.\CortexM3\ARM_GCC_541\Debug\AHU_1.a(CySpc.o)
                              .\CortexM3\ARM_GCC_541\Debug\AHU_1.a(CyFlash.o) (CySpcStart)
c:/program files (x86)/cypress/psoc creator/4.2/psoc creator/import/gnu/arm/5.4.1/bin/../lib/gcc/arm-none-eabi/5.4.1/../../../../arm-none-eabi/lib/armv7-m\libm.a(lib_a-s_round.o)
                              .\CortexM3\ARM_GCC_541\Debug\main.o (round)
c:/program files (x86)/cypress/psoc creator/4.2/psoc creator/import/gnu/arm/5.4.1/bin/../lib/gcc/arm-none-eabi/5.4.1/../../../../arm-none-eabi/lib/armv7-m\libm.a(lib_a-wf_sqrt.o)
                              .\CortexM3\ARM_GCC_541\Debug\max31865.o (sqrtf)
c:/program files (x86)/cypress/psoc creator/4.2/psoc creator/import/gnu/arm/5.4.1/bin/../lib/gcc/arm-none-eabi/5.4.1/../../../../arm-none-eabi/lib/armv7-m\libm.a(lib_a-ef_sqrt.o)
[...]
Memory Configuration

Name             Origin             Length             Attributes
rom              0x00000000         0x00040000         xr
ram              0x1fff8000         0x00010000         xrw
*default*        0x00000000         0xffffffff

Linker script and memory map

LOAD c:/program files (x86)/cypress/psoc creator/4.2/psoc creator/import/gnu/arm/5.4.1/bin/../lib/gcc/arm-none-eabi/5.4.1/armv7-m/crti.o
LOAD c:/program files (x86)/cypress/psoc creator/4.2/psoc creator/import/gnu/arm/5.4.1/bin/../lib/gcc/arm-none-eabi/5.4.1/armv7-m/crtbegin.o
LOAD c:/program files (x86)/cypress/psoc creator/4.2/psoc creator/import/gnu/arm/5.4.1/bin/../lib/gcc/arm-none-eabi/5.4.1/../../../../arm-none-eabi/lib/armv7-m/crt0.o
START GROUP
LOAD .\CortexM3\ARM_GCC_541\Debug\main.o
LOAD .\CortexM3\ARM_GCC_541\Debug\max31865.o
LOAD .\CortexM3\ARM_GCC_541\Debug\ModbusRtu.o
LOAD .\CortexM3\ARM_GCC_541\Debug\ds18b20.o
LOAD .\CortexM3\ARM_GCC_541\Debug\one_wire.o
LOAD .\CortexM3\ARM_GCC_541\Debug\cyfitter_cfg.o
LOAD .\CortexM3\ARM_GCC_541\Debug\cymetadata.o
LOAD .\CortexM3\ARM_GCC_541\Debug\Cm3Start.o
LOAD .\CortexM3\ARM_GCC_541\Debug\AHU_1.a
LOAD C:\Program Files (x86)\Cypress\PSoC Creator\4.2\PSoC Creator\psoc\content\cycomponentlibrary\CyComponentLibrary.cylib\CortexM3\ARM_GCC_541\Debug\CyComponentLibrary.a
LOAD c:/program files (x86)/cypress/psoc creator/4.2/psoc creator/import/gnu/arm/5.4.1/bin/../lib/gcc/arm-none-eabi/5.4.1/../../../../arm-none-eabi/lib/armv7-m\libm.a
END GROUP
START GROUP
LOAD c:/program files (x86)/cypress/psoc creator/4.2/psoc creator/import/gnu/arm/5.4.1/bin/../lib/gcc/arm-none-eabi/5.4.1/armv7-m\libgcc.a
LOAD c:/program files (x86)/cypress/psoc creator/4.2/psoc creator/import/gnu/arm/5.4.1/bin/../lib/gcc/arm-none-eabi/5.4.1/../../../../arm-none-eabi/lib/armv7-m\libg_nano.a
LOAD c:/program files (x86)/cypress/psoc creator/4.2/psoc creator/import/gnu/arm/5.4.1/bin/../lib/gcc/arm-none-eabi/5.4.1/../../../../arm-none-eabi/lib/armv7-m\libc_nano.a
END GROUP
START GROUP
LOAD c:/program files (x86)/cypress/psoc creator/4.2/psoc creator/import/gnu/arm/5.4.1/bin/../lib/gcc/arm-none-eabi/5.4.1/armv7-m\libgcc.a
LOAD c:/program files (x86)/cypress/psoc creator/4.2/psoc creator/import/gnu/arm/5.4.1/bin/../lib/gcc/arm-none-eabi/5.4.1/../../../../arm-none-eabi/lib/armv7-m\libc_nano.a
END GROUP
LOAD c:/program files (x86)/cypress/psoc creator/4.2/psoc creator/import/gnu/arm/5.4.1/bin/../lib/gcc/arm-none-eabi/5.4.1/armv7-m/crtend.o
LOAD c:/program files (x86)/cypress/psoc creator/4.2/psoc creator/import/gnu/arm/5.4.1/bin/../lib/gcc/arm-none-eabi/5.4.1/armv7-m/crtn.o
START GROUP
LOAD c:/program files (x86)/cypress/psoc creator/4.2/psoc creator/import/gnu/arm/5.4.1/bin/../lib/gcc/arm-none-eabi/5.4.1/armv7-m\libgcc.a
LOAD c:/program files (x86)/cypress/psoc creator/4.2/psoc creator/import/gnu/arm/5.4.1/bin/../lib/gcc/arm-none-eabi/5.4.1/../../../../arm-none-eabi/lib/armv7-m\libc.a
LOAD c:/program files (x86)/cypress/psoc creator/4.2/psoc creator/import/gnu/arm/5.4.1/bin/../lib/gcc/arm-none-eabi/5.4.1/../../../../arm-none-eabi/lib/armv7-m\libnosys.a
END GROUP
                0x00000000                CY_APPL_ORIGIN = 0x0
                0x00000100                CY_FLASH_ROW_SIZE = 0x100
                0x00000020                CY_ECC_ROW_SIZE = 0x20
                0x00000000                CY_EE_IN_BTLDR = 0x0
                0x00000000                CY_APPL_LOADABLE = 0x0
                0x00000800                CY_EE_SIZE = 0x800
                0x00000001                CY_APPL_NUM = 0x1
                0x00000001                CY_APPL_MAX = 0x1
                0x00000040                CY_METADATA_SIZE = 0x40
                0x00000000                CY_APPL_LOADABLE = 0x0
                0x00000000                CY_CHECKSUM_EXCLUDE_SIZE = ALIGN (0x0, CY_FLASH_ROW_SIZE)
                [!provide]                PROVIDE (__cy_heap_start, _end)
                0x00000001                PROVIDE (__cy_region_num, ((__cy_regions_end - __cy_regions) / 0x10))
                0x20008000                PROVIDE (__cy_stack, (ORIGIN (ram) + LENGTH (ram)))
                [!provide]                PROVIDE (__cy_heap_end, (__cy_stack - 0x4000))

.cybootloader   0x00000000        0x0
 *(.cybootloader)
                0x00000000                appl1_start = CY_APPL_ORIGIN?CY_APPL_ORIGIN:ALIGN (CY_FLASH_ROW_SIZE)
                0x0001ff00                appl2_start = (appl1_start + ALIGN ((((LENGTH (rom) - appl1_start) - (0x2 * CY_FLASH_ROW_SIZE)) / 0x2), CY_FLASH_ROW_SIZE))
                0x00000000                appl_start = (CY_APPL_NUM == 0x1)?appl1_start:appl2_start
                0x00000000                ecc_offset = ((appl_start / CY_FLASH_ROW_SIZE) * CY_ECC_ROW_SIZE)
                0x00000000                ee_offset = (CY_APPL_LOADABLE && ! (CY_EE_IN_BTLDR))?((CY_EE_SIZE / CY_APPL_MAX) * (CY_APPL_NUM - 0x1)):0x0
                0x00000800                ee_size = (CY_APPL_LOADABLE && ! (CY_EE_IN_BTLDR))?(CY_EE_SIZE / CY_APPL_MAX):CY_EE_SIZE
                [!provide]                PROVIDE (CY_ECC_OFFSET, ecc_offset)

.text           0x00000000     0x5d08
 CREATE_OBJECT_SYMBOLS
                0x00000000                PROVIDE (__cy_interrupt_vector, RomVectors)
 *(.romvectors)
 .romvectors    0x00000000       0x10 .\CortexM3\ARM_GCC_541\Debug\Cm3Start.o
                0x00000000                RomVectors
                0x00000001                ASSERT ((. != __cy_interrupt_vector), No interrupt vector)
                0x00000001                ASSERT (CY_APPL_ORIGIN?(SIZEOF (.cybootloader) <= CY_APPL_ORIGIN):0x1, Wrong image location)
                0x00000010                PROVIDE (__cy_reset, Reset)
 *(.text.Reset)
 .text.Reset    0x00000010       0x18 .\CortexM3\ARM_GCC_541\Debug\Cm3Start.o
                0x00000010                Reset
                0x00000001                ASSERT ((. != __cy_reset), No reset code)
 *(.dma_init)
                0x00000001                ASSERT ((((appl_start + .) <= 0x10000) || 0x1), DMA Init must be within the first 64k of flash)
 *(.text .text.* .gnu.linkonce.t.*)
 .text          0x00000028       0x5c c:/program files (x86)/cypress/psoc creator/4.2/psoc creator/import/gnu/arm/5.4.1/bin/../lib/gcc/arm-none-eabi/5.4.1/armv7-m/crtbegin.o
 .text.Timer_ISR
                0x00000084       0x14 .\CortexM3\ARM_GCC_541\Debug\main.o
                0x00000084                Timer_ISR
 .text.Rx_Timer_ISR
                0x00000098       0x1c .\CortexM3\ARM_GCC_541\Debug\main.o
                0x00000098                Rx_Timer_ISR
 .text.Rx_ISR   0x000000b4       0x34 .\CortexM3\ARM_GCC_541\Debug\main.o
                0x000000b4                Rx_ISR
 .text.Wemos_Rx_ISR
                0x000000e8       0x60 .\CortexM3\ARM_GCC_541\Debug\main.o
                0x000000e8                Wemos_Rx_ISR
 .text.checkDiff
                0x00000148       0x38 .\CortexM3\ARM_GCC_541\Debug\main.o
                0x00000148                checkDiff
 .text.printBinary
                0x00000180       0x28 .\CortexM3\ARM_GCC_541\Debug\main.o
                0x00000180                printBinary
 .text.process_holding_registers
                0x000001a8      0x338 .\CortexM3\ARM_GCC_541\Debug\main.o
                0x000001a8                process_holding_registers
 .text.main     0x000004e0      0x648 .\CortexM3\ARM_GCC_541\Debug\main.o
                0x000004e0                main
 .text.MAX31865_spixfer
                0x00000b28       0x30 .\CortexM3\ARM_GCC_541\Debug\max31865.o
                0x00000b28                MAX31865_spixfer
 .text.max31865_readRegisterN
                0x00000b58       0x48 .\CortexM3\ARM_GCC_541\Debug\max31865.o
                0x00000b58                max31865_readRegisterN
 .text.max31865_readFault
                0x00000ba0       0x40 .\CortexM3\ARM_GCC_541\Debug\max31865.o
                0x00000ba0                max31865_readFault
 .text.max31865_writeRegister8
                0x00000be0       0x30 .\CortexM3\ARM_GCC_541\Debug\max31865.o
                0x00000be0                max31865_writeRegister8
 .text.max31865_begin
                0x00000c10       0x2c .\CortexM3\ARM_GCC_541\Debug\max31865.o
                0x00000c10                max31865_begin
 .text.max31865_clearFault
                0x00000c3c       0x30 .\CortexM3\ARM_GCC_541\Debug\max31865.o
                0x00000c3c                max31865_clearFault
 .text.max31865_enableBias
                0x00000c6c       0x44 .\CortexM3\ARM_GCC_541\Debug\max31865.o
                0x00000c6c                max31865_enableBias
 .text.max31865_readRTD
                0x00000cb0       0x70 .\CortexM3\ARM_GCC_541\Debug\max31865.o
                0x00000cb0                max31865_readRTD
 .text.max31865_temperature
                0x00000d20      0x1d0 .\CortexM3\ARM_GCC_541\Debug\max31865.o
                0x00000d20                max31865_temperature
 .text.makeWord
                0x00000ef0        0x8 .\CortexM3\ARM_GCC_541\Debug\ModbusRtu.o
                0x00000ef0                makeWord
 .text.Modbus_begin
                0x00000ef8       0x2c .\CortexM3\ARM_GCC_541\Debug\ModbusRtu.o
                0x00000ef8                Modbus_begin
 .text.Modbus_getRxBuffer
                0x00000f24       0x58 .\CortexM3\ARM_GCC_541\Debug\ModbusRtu.o
                0x00000f24                Modbus_getRxBuffer
 .text.Modbus_calcCRC
                0x00000f7c       0x44 .\CortexM3\ARM_GCC_541\Debug\ModbusRtu.o
                0x00000f7c                Modbus_calcCRC
 .text.Modbus_sendTxBuffer
                0x00000fc0       0x68 .\CortexM3\ARM_GCC_541\Debug\ModbusRtu.o
                0x00000fc0                Modbus_sendTxBuffer
 .text.Modbus_query
                0x00001028      0x184 .\CortexM3\ARM_GCC_541\Debug\ModbusRtu.o
                0x00001028                Modbus_query
 .text.Modbus_validateAnswer
                0x000011ac       0x7c .\CortexM3\ARM_GCC_541\Debug\ModbusRtu.o
                0x000011ac                Modbus_validateAnswer
 .text.Modbus_get_FC1
                0x00001228       0x58 .\CortexM3\ARM_GCC_541\Debug\ModbusRtu.o
                0x00001228                Modbus_get_FC1
 .text.Modbus_get_FC3
                0x00001280       0x38 .\CortexM3\ARM_GCC_541\Debug\ModbusRtu.o
                0x00001280                Modbus_get_FC3
 .text.Modbus_poll
                0x000012b8       0xdc .\CortexM3\ARM_GCC_541\Debug\ModbusRtu.o
                0x000012b8                Modbus_poll
 .text.Modbus_setTimeOut
                0x00001394        0xc .\CortexM3\ARM_GCC_541\Debug\ModbusRtu.o
                0x00001394                Modbus_setTimeOut
 .text.Modbus_getState
                0x000013a0        0xc .\CortexM3\ARM_GCC_541\Debug\ModbusRtu.o
                0x000013a0                Modbus_getState
 .text.ds18b20_get_devices
                0x000013ac       0x30 .\CortexM3\ARM_GCC_541\Debug\ds18b20.o
                0x000013ac                ds18b20_get_devices
 .text.ds18b20_convert_temperature
                0x000013dc       0x20 .\CortexM3\ARM_GCC_541\Debug\ds18b20.o
                0x000013dc                ds18b20_convert_temperature
 .text.ds18b20_convert_temperature_all
                0x000013fc       0x2c .\CortexM3\ARM_GCC_541\Debug\ds18b20.o
                0x000013fc                ds18b20_convert_temperature_all
 .text.ds18b20_decode_temperature
                0x00001428       0x74 .\CortexM3\ARM_GCC_541\Debug\ds18b20.o
                0x00001428                ds18b20_decode_temperature
 .text.ds18b20_wait_for_conversion
                0x0000149c       0x3c .\CortexM3\ARM_GCC_541\Debug\ds18b20.o
                0x0000149c                ds18b20_wait_for_conversion
 .text.ds18b20_read_temperature
                0x000014d8       0x28 .\CortexM3\ARM_GCC_541\Debug\ds18b20.o
                0x000014d8                ds18b20_read_temperature
 .text.one_wire_reset_pulse
                0x00001500       0x44 .\CortexM3\ARM_GCC_541\Debug\one_wire.o
                0x00001500                one_wire_reset_pulse
 .text.one_wire_write_1
                0x00001544       0x1c .\CortexM3\ARM_GCC_541\Debug\one_wire.o
                0x00001544                one_wire_write_1
 .text.one_wire_write_0
                0x00001560       0x1c .\CortexM3\ARM_GCC_541\Debug\one_wire.o
                0x00001560                one_wire_write_0
 .text.one_wire_write_bit
                0x0000157c       0x10 .\CortexM3\ARM_GCC_541\Debug\one_wire.o
                0x0000157c                one_wire_write_bit
 .text.one_wire_read_bit
                0x0000158c       0x2c .\CortexM3\ARM_GCC_541\Debug\one_wire.o
                0x0000158c                one_wire_read_bit
 .text.one_wire_write_byte
                0x000015b8       0x28 .\CortexM3\ARM_GCC_541\Debug\one_wire.o
                0x000015b8                one_wire_write_byte
 .text.one_wire_read_byte
                0x000015e0       0x20 .\CortexM3\ARM_GCC_541\Debug\one_wire.o
                0x000015e0                one_wire_read_byte
 .text.one_wire_reset_crc
                0x00001600        0xc .\CortexM3\ARM_GCC_541\Debug\one_wire.o
                0x00001600                one_wire_reset_crc
 .text.one_wire_crc
                0x0000160c       0x18 .\CortexM3\ARM_GCC_541\Debug\one_wire.o
                0x0000160c                one_wire_crc
 .text.one_wire_search
                0x00001624       0xf4 .\CortexM3\ARM_GCC_541\Debug\one_wire.o
                0x00001624                one_wire_search
 .text.one_wire_match_rom
                0x00001718       0x30 .\CortexM3\ARM_GCC_541\Debug\one_wire.o
                0x00001718                one_wire_match_rom
 .text.one_wire_first
                0x00001748       0x1c .\CortexM3\ARM_GCC_541\Debug\one_wire.o
                0x00001748                one_wire_first
 .text.one_wire_next
                0x00001764        0x8 .\CortexM3\ARM_GCC_541\Debug\one_wire.o
                0x00001764                one_wire_next
 .text.one_wire_search_rom
                0x0000176c       0x6c .\CortexM3\ARM_GCC_541\Debug\one_wire.o
                0x0000176c                one_wire_search_rom
 .text.CyClockStartupError
                0x000017d8        0x4 .\CortexM3\ARM_GCC_541\Debug\cyfitter_cfg.o
 .text.cfg_write_bytes32
                0x000017dc       0x34 .\CortexM3\ARM_GCC_541\Debug\cyfitter_cfg.o
 .text.AnalogSetDefault
                0x00001810       0x28 .\CortexM3\ARM_GCC_541\Debug\cyfitter_cfg.o
 .text.CYMEMZERO
                0x00001838        0xc .\CortexM3\ARM_GCC_541\Debug\cyfitter_cfg.o
 .text.CYCONFIGCPY
                0x00001844        0x8 .\CortexM3\ARM_GCC_541\Debug\cyfitter_cfg.o
 .text.ClockSetup
                0x0000184c      0x110 .\CortexM3\ARM_GCC_541\Debug\cyfitter_cfg.o
 .text.AMux_Set
                0x0000195c       0x38 .\CortexM3\ARM_GCC_541\Debug\cyfitter_cfg.o
                0x0000195c                AMux_Set
 .text.AMux_Unset
                0x00001994       0x3c .\CortexM3\ARM_GCC_541\Debug\cyfitter_cfg.o
                0x00001994                AMux_Unset
 .text.ADC_AMux_Set
                0x000019d0       0x20 .\CortexM3\ARM_GCC_541\Debug\cyfitter_cfg.o
                0x000019d0                ADC_AMux_Set
 .text.ADC_AMux_Unset
                0x000019f0       0x20 .\CortexM3\ARM_GCC_541\Debug\cyfitter_cfg.o
                0x000019f0                ADC_AMux_Unset
 .text.cyfitter_cfg
                0x00001a10      0x130 .\CortexM3\ARM_GCC_541\Debug\cyfitter_cfg.o
                0x00001a10                cyfitter_cfg
 .text.IntDefaultHandler
                0x00001b40       0x10 .\CortexM3\ARM_GCC_541\Debug\Cm3Start.o
                0x00001b40                IntDefaultHandler
 .text._sbrk    0x00001b50       0x30 .\CortexM3\ARM_GCC_541\Debug\Cm3Start.o
                0x00001b50                _sbrk
 .text.Start_c  0x00001b80       0x4c .\CortexM3\ARM_GCC_541\Debug\Cm3Start.o
                0x00001b80                Start_c
 .text.initialize_psoc
                0x00001bcc       0x68 .\CortexM3\ARM_GCC_541\Debug\Cm3Start.o
                0x00001bcc                initialize_psoc
 .text.CyHalt   0x00001c34        0x4 .\CortexM3\ARM_GCC_541\Debug\AHU_1.a(CyLib.o)
                0x00001c34                CyHalt
 .text.CyDelay  0x00001c38       0x2c .\CortexM3\ARM_GCC_541\Debug\AHU_1.a(CyLib.o)
                0x00001c38                CyDelay
 .text.CyDelayUs
                0x00001c64       0x14 .\CortexM3\ARM_GCC_541\Debug\AHU_1.a(CyLib.o)
                0x00001c64                CyDelayUs
 .text.CyIntSetVector
                0x00001c78       0x28 .\CortexM3\ARM_GCC_541\Debug\AHU_1.a(CyLib.o)
                0x00001c78                CyIntSetVector
 .text.CyIntSetPriority
                0x00001ca0       0x30 .\CortexM3\ARM_GCC_541\Debug\AHU_1.a(CyLib.o)
                0x00001ca0                CyIntSetPriority
 .text.RS485_Init
                0x00001cd0       0x24 .\CortexM3\ARM_GCC_541\Debug\AHU_1.a(RS485.o)
                0x00001cd0                RS485_Init
 .text.RS485_Enable
                0x00001cf4       0x38 .\CortexM3\ARM_GCC_541\Debug\AHU_1.a(RS485.o)
                0x00001cf4                RS485_Enable
 .text.RS485_Start
                0x00001d2c       0x1c .\CortexM3\ARM_GCC_541\Debug\AHU_1.a(RS485.o)
                0x00001d2c                RS485_Start
 .text.RS485_ReadRxData
                0x00001d48        0xc .\CortexM3\ARM_GCC_541\Debug\AHU_1.a(RS485.o)
                0x00001d48                RS485_ReadRxData
 .text.RS485_ReadRxStatus
                0x00001d54       0x10 .\CortexM3\ARM_GCC_541\Debug\AHU_1.a(RS485.o)
                0x00001d54                RS485_ReadRxStatus
 .text.RS485_GetByte
                0x00001d64       0x14 .\CortexM3\ARM_GCC_541\Debug\AHU_1.a(RS485.o)
                0x00001d64                RS485_GetByte
 .text.RS485_PutChar
                0x00001d78       0x18 .\CortexM3\ARM_GCC_541\Debug\AHU_1.a(RS485.o)
                0x00001d78                RS485_PutChar
 .text.RS485_PutArray
                0x00001d90       0x28 .\CortexM3\ARM_GCC_541\Debug\AHU_1.a(RS485.o)
                0x00001d90                RS485_PutArray
 .text.RS485_IntClock_Start
                0x00001db8       0x1c .\CortexM3\ARM_GCC_541\Debug\AHU_1.a(RS485_IntClock.o)
                0x00001db8                RS485_IntClock_Start
 .text.Rx_Int_Interrupt
                0x00001dd4        0x4 .\CortexM3\ARM_GCC_541\Debug\AHU_1.a(Rx_Int.o)
                0x00001dd4                Rx_Int_Interrupt
 .text.Rx_Int_SetVector
                0x00001dd8        0xc .\CortexM3\ARM_GCC_541\Debug\AHU_1.a(Rx_Int.o)
                0x00001dd8                Rx_Int_SetVector
 .text.Rx_Int_SetPriority
                0x00001de4       0x10 .\CortexM3\ARM_GCC_541\Debug\AHU_1.a(Rx_Int.o)
                0x00001de4                Rx_Int_SetPriority
 .text.Rx_Int_Enable
                0x00001df4        0xc .\CortexM3\ARM_GCC_541\Debug\AHU_1.a(Rx_Int.o)
                0x00001df4                Rx_Int_Enable
 .text.Rx_Int_Disable
                0x00001e00        0xc .\CortexM3\ARM_GCC_541\Debug\AHU_1.a(Rx_Int.o)
                0x00001e00                Rx_Int_Disable
 .text.Rx_Int_Start
                0x00001e0c       0x1c .\CortexM3\ARM_GCC_541\Debug\AHU_1.a(Rx_Int.o)
                0x00001e0c                Rx_Int_Start
 .text.Timer_Enable
                0x00001e28       0x28 .\CortexM3\ARM_GCC_541\Debug\AHU_1.a(Timer.o)
                0x00001e28                Timer_Enable
 .text.Timer_SetInterruptMode
                0x00001e50        0xc .\CortexM3\ARM_GCC_541\Debug\AHU_1.a(Timer.o)
                0x00001e50                Timer_SetInterruptMode
 .text.Timer_WritePeriod
                0x00001e5c        0xc .\CortexM3\ARM_GCC_541\Debug\AHU_1.a(Timer.o)
                0x00001e5c                Timer_WritePeriod
 .text.Timer_WriteCounter
                0x00001e68        0xc .\CortexM3\ARM_GCC_541\Debug\AHU_1.a(Timer.o)
                0x00001e68                Timer_WriteCounter
 .text.Timer_Init
                0x00001e74       0x68 .\CortexM3\ARM_GCC_541\Debug\AHU_1.a(Timer.o)
                0x00001e74                Timer_Init
 .text.Timer_Start
                0x00001edc       0x1c .\CortexM3\ARM_GCC_541\Debug\AHU_1.a(Timer.o)
                0x00001edc                Timer_Start
 .text.Timer_Int_Interrupt
                0x00001ef8        0x4 .\CortexM3\ARM_GCC_541\Debug\AHU_1.a(Timer_Int.o)
                0x00001ef8                Timer_Int_Interrupt
 .text.Timer_Int_SetVector
                0x00001efc        0xc .\CortexM3\ARM_GCC_541\Debug\AHU_1.a(Timer_Int.o)
                0x00001efc                Timer_Int_SetVector
 .text.Timer_Int_SetPriority
                0x00001f08       0x10 .\CortexM3\ARM_GCC_541\Debug\AHU_1.a(Timer_Int.o)
                0x00001f08                Timer_Int_SetPriority
 .text.Timer_Int_Enable
                0x00001f18        0xc .\CortexM3\ARM_GCC_541\Debug\AHU_1.a(Timer_Int.o)
                0x00001f18                Timer_Int_Enable
 .text.Timer_Int_Disable
                0x00001f24        0xc .\CortexM3\ARM_GCC_541\Debug\AHU_1.a(Timer_Int.o)
                0x00001f24                Timer_Int_Disable
 .text.Timer_Int_Start
                0x00001f30       0x1c .\CortexM3\ARM_GCC_541\Debug\AHU_1.a(Timer_Int.o)
                0x00001f30                Timer_Int_Start
 .text.Timer_Int_ClearPending
                0x00001f4c        0xc .\CortexM3\ARM_GCC_541\Debug\AHU_1.a(Timer_Int.o)
                0x00001f4c                Timer_Int_ClearPending
 .text.SPIM_Enable
                0x00001f58       0x34 .\CortexM3\ARM_GCC_541\Debug\AHU_1.a(SPIM.o)
                0x00001f58                SPIM_Enable
 .text.SPIM_ReadTxStatus
                0x00001f8c        0xc .\CortexM3\ARM_GCC_541\Debug\AHU_1.a(SPIM.o)
                0x00001f8c                SPIM_ReadTxStatus
 .text.SPIM_ReadRxStatus
                0x00001f98        0xc .\CortexM3\ARM_GCC_541\Debug\AHU_1.a(SPIM.o)
                0x00001f98                SPIM_ReadRxStatus
 .text.SPIM_WriteTxData
                0x00001fa4       0x18 .\CortexM3\ARM_GCC_541\Debug\AHU_1.a(SPIM.o)
                0x00001fa4                SPIM_WriteTxData
 .text.SPIM_ReadRxData
                0x00001fbc        0xc .\CortexM3\ARM_GCC_541\Debug\AHU_1.a(SPIM.o)
                0x00001fbc                SPIM_ReadRxData
 .text.SPIM_ClearFIFO
                0x00001fc8       0x3c .\CortexM3\ARM_GCC_541\Debug\AHU_1.a(SPIM.o)
                0x00001fc8                SPIM_ClearFIFO
 .text.SPIM_Init
                0x00002004       0x28 .\CortexM3\ARM_GCC_541\Debug\AHU_1.a(SPIM.o)
                0x00002004                SPIM_Init
 .text.SPIM_Start
                0x0000202c       0x1c .\CortexM3\ARM_GCC_541\Debug\AHU_1.a(SPIM.o)
                0x0000202c                SPIM_Start
 .text.SPIM_IntClock_Start
                0x00002048       0x1c .\CortexM3\ARM_GCC_541\Debug\AHU_1.a(SPIM_IntClock.o)
                0x00002048                SPIM_IntClock_Start
 .text.ADC_GainCompensation
                0x00002064       0xdc .\CortexM3\ARM_GCC_541\Debug\AHU_1.a(ADC.o)
 .text.ADC_SetDSMRef0Reg
                0x00002140       0x4c .\CortexM3\ARM_GCC_541\Debug\AHU_1.a(ADC.o)
 .text.ADC_InitConfig
                0x0000218c       0xe8 .\CortexM3\ARM_GCC_541\Debug\AHU_1.a(ADC.o)
 .text.ADC_Init
                0x00002274       0xc4 .\CortexM3\ARM_GCC_541\Debug\AHU_1.a(ADC.o)
                0x00002274                ADC_Init
 .text.ADC_Enable
                0x00002338       0xd8 .\CortexM3\ARM_GCC_541\Debug\AHU_1.a(ADC.o)
                0x00002338                ADC_Enable
 .text.ADC_Start
                0x00002410       0x28 .\CortexM3\ARM_GCC_541\Debug\AHU_1.a(ADC.o)
                0x00002410                ADC_Start
 .text.ADC_StartConvert
                0x00002438       0x10 .\CortexM3\ARM_GCC_541\Debug\AHU_1.a(ADC.o)
                0x00002438                ADC_StartConvert
 .text.ADC_StopConvert
                0x00002448       0x10 .\CortexM3\ARM_GCC_541\Debug\AHU_1.a(ADC.o)
                0x00002448                ADC_StopConvert
 .text.ADC_IsEndConversion
                0x00002458       0x30 .\CortexM3\ARM_GCC_541\Debug\AHU_1.a(ADC.o)
                0x00002458                ADC_IsEndConversion
 .text.ADC_GetResult32
                0x00002488       0x6c .\CortexM3\ARM_GCC_541\Debug\AHU_1.a(ADC.o)
                0x00002488                ADC_GetResult32
 .text.ADC_CountsTo_Volts
                0x000024f4       0x28 .\CortexM3\ARM_GCC_541\Debug\AHU_1.a(ADC.o)
                0x000024f4                ADC_CountsTo_Volts
 .text.ADC_Read32
                0x0000251c       0x28 .\CortexM3\ARM_GCC_541\Debug\AHU_1.a(ADC.o)
                0x0000251c                ADC_Read32
 .text.ADC_ISR1
                0x00002544        0x4 .\CortexM3\ARM_GCC_541\Debug\AHU_1.a(ADC_INT.o)
                0x00002544                ADC_ISR1
 .text.ADC_AMux_Start
                0x00002548       0x20 .\CortexM3\ARM_GCC_541\Debug\AHU_1.a(ADC_AMux.o)
                0x00002548                ADC_AMux_Start
 .text.ADC_AMux_Select
                0x00002568       0x18 .\CortexM3\ARM_GCC_541\Debug\AHU_1.a(ADC_AMux.o)
                0x00002568                ADC_AMux_Select
 .text.ADC_Ext_CP_Clk_GetDividerRegister
                0x00002580        0xc .\CortexM3\ARM_GCC_541\Debug\AHU_1.a(ADC_Ext_CP_Clk.o)
                0x00002580                ADC_Ext_CP_Clk_GetDividerRegister
 .text.ADC_Ext_CP_Clk_SetModeRegister
                0x0000258c       0x14 .\CortexM3\ARM_GCC_541\Debug\AHU_1.a(ADC_Ext_CP_Clk.o)
                0x0000258c                ADC_Ext_CP_Clk_SetModeRegister
 .text.ADC_Ext_CP_Clk_GetSourceRegister
                0x000025a0       0x10 .\CortexM3\ARM_GCC_541\Debug\AHU_1.a(ADC_Ext_CP_Clk.o)
                0x000025a0                ADC_Ext_CP_Clk_GetSourceRegister
 .text.ADC_Ext_CP_Clk_SetDividerRegister
                0x000025b0       0xd8 .\CortexM3\ARM_GCC_541\Debug\AHU_1.a(ADC_Ext_CP_Clk.o)
                0x000025b0                ADC_Ext_CP_Clk_SetDividerRegister
 .text.ADC_theACLK_GetDividerRegister
                0x00002688        0xc .\CortexM3\ARM_GCC_541\Debug\AHU_1.a(ADC_theACLK.o)
                0x00002688                ADC_theACLK_GetDividerRegister
 .text.ADC_theACLK_SetModeRegister
                0x00002694       0x14 .\CortexM3\ARM_GCC_541\Debug\AHU_1.a(ADC_theACLK.o)
                0x00002694                ADC_theACLK_SetModeRegister
 .text.ADC_theACLK_GetSourceRegister
                0x000026a8       0x10 .\CortexM3\ARM_GCC_541\Debug\AHU_1.a(ADC_theACLK.o)
                0x000026a8                ADC_theACLK_GetSourceRegister
 .text.ADC_theACLK_SetDividerRegister
                0x000026b8       0xd8 .\CortexM3\ARM_GCC_541\Debug\AHU_1.a(ADC_theACLK.o)
                0x000026b8                ADC_theACLK_SetDividerRegister
 .text.AMux_Start
                0x00002790       0x20 .\CortexM3\ARM_GCC_541\Debug\AHU_1.a(AMux.o)
                0x00002790                AMux_Start
 .text.AMux_Select
                0x000027b0       0x18 .\CortexM3\ARM_GCC_541\Debug\AHU_1.a(AMux.o)
                0x000027b0                AMux_Select
 .text.MAX31865_CS_Write
                0x000027c8        0xc .\CortexM3\ARM_GCC_541\Debug\AHU_1.a(MAX31865_CS.o)
                0x000027c8                MAX31865_CS_Write
 .text.LED_Write
                0x000027d4       0x18 .\CortexM3\ARM_GCC_541\Debug\AHU_1.a(LED.o)
                0x000027d4                LED_Write
 .text.Wire1_Write
                0x000027ec       0x18 .\CortexM3\ARM_GCC_541\Debug\AHU_1.a(Wire1.o)
                0x000027ec                Wire1_Write
 .text.Wire1_Read
                0x00002804       0x10 .\CortexM3\ARM_GCC_541\Debug\AHU_1.a(Wire1.o)
                0x00002804                Wire1_Read
 .text.Wemos_Rx_Int_Interrupt
                0x00002814        0x4 .\CortexM3\ARM_GCC_541\Debug\AHU_1.a(Wemos_Rx_Int.o)
                0x00002814                Wemos_Rx_Int_Interrupt
 .text.Wemos_Rx_Int_SetVector
                0x00002818        0xc .\CortexM3\ARM_GCC_541\Debug\AHU_1.a(Wemos_Rx_Int.o)
                0x00002818                Wemos_Rx_Int_SetVector
 .text.Wemos_Rx_Int_SetPriority
                0x00002824       0x10 .\CortexM3\ARM_GCC_541\Debug\AHU_1.a(Wemos_Rx_Int.o)
                0x00002824                Wemos_Rx_Int_SetPriority
 .text.Wemos_Rx_Int_Enable
                0x00002834        0xc .\CortexM3\ARM_GCC_541\Debug\AHU_1.a(Wemos_Rx_Int.o)
                0x00002834                Wemos_Rx_Int_Enable
 .text.Wemos_Rx_Int_Disable
                0x00002840        0xc .\CortexM3\ARM_GCC_541\Debug\AHU_1.a(Wemos_Rx_Int.o)
                0x00002840                Wemos_Rx_Int_Disable
 .text.Wemos_Rx_Int_Start
                0x0000284c       0x1c .\CortexM3\ARM_GCC_541\Debug\AHU_1.a(Wemos_Rx_Int.o)
                0x0000284c                Wemos_Rx_Int_Start
 .text.DINP_Read
                0x00002868        0xc .\CortexM3\ARM_GCC_541\Debug\AHU_1.a(DINP.o)
                0x00002868                DINP_Read
 .text.Wemos_Init
                0x00002874       0x28 .\CortexM3\ARM_GCC_541\Debug\AHU_1.a(Wemos.o)
                0x00002874                Wemos_Init
 .text.Wemos_Enable
                0x0000289c       0x38 .\CortexM3\ARM_GCC_541\Debug\AHU_1.a(Wemos.o)
                0x0000289c                Wemos_Enable
 .text.Wemos_Start
                0x000028d4       0x1c .\CortexM3\ARM_GCC_541\Debug\AHU_1.a(Wemos.o)
                0x000028d4                Wemos_Start
 .text.Wemos_ReadRxData
                0x000028f0        0xc .\CortexM3\ARM_GCC_541\Debug\AHU_1.a(Wemos.o)
                0x000028f0                Wemos_ReadRxData
 .text.Wemos_ReadRxStatus
                0x000028fc       0x10 .\CortexM3\ARM_GCC_541\Debug\AHU_1.a(Wemos.o)
                0x000028fc                Wemos_ReadRxStatus
 .text.Wemos_GetByte
                0x0000290c       0x14 .\CortexM3\ARM_GCC_541\Debug\AHU_1.a(Wemos.o)
                0x0000290c                Wemos_GetByte
 .text.Wemos_ClearRxBuffer
                0x00002920       0x24 .\CortexM3\ARM_GCC_541\Debug\AHU_1.a(Wemos.o)
                0x00002920                Wemos_ClearRxBuffer
 .text.Wemos_PutChar
                0x00002944       0x18 .\CortexM3\ARM_GCC_541\Debug\AHU_1.a(Wemos.o)
                0x00002944                Wemos_PutChar
 .text.Wemos_PutString
                0x0000295c       0x24 .\CortexM3\ARM_GCC_541\Debug\AHU_1.a(Wemos.o)
                0x0000295c                Wemos_PutString
 .text.RS485_En_Write
                0x00002980       0x18 .\CortexM3\ARM_GCC_541\Debug\AHU_1.a(RS485_En.o)
                0x00002980                RS485_En_Write
 .text.DIP_Read
                0x00002998        0xc .\CortexM3\ARM_GCC_541\Debug\AHU_1.a(DIP.o)
                0x00002998                DIP_Read
 .text.Wemos_IntClock_Start
                0x000029a4       0x1c .\CortexM3\ARM_GCC_541\Debug\AHU_1.a(Wemos_IntClock.o)
                0x000029a4                Wemos_IntClock_Start
 .text.Rx_Timer_Enable
                0x000029c0       0x10 .\CortexM3\ARM_GCC_541\Debug\AHU_1.a(Rx_Timer.o)
                0x000029c0                Rx_Timer_Enable
 .text.Rx_Timer_Stop
                0x000029d0       0x10 .\CortexM3\ARM_GCC_541\Debug\AHU_1.a(Rx_Timer.o)
                0x000029d0                Rx_Timer_Stop
 .text.Rx_Timer_SetInterruptMode
                0x000029e0        0xc .\CortexM3\ARM_GCC_541\Debug\AHU_1.a(Rx_Timer.o)
                0x000029e0                Rx_Timer_SetInterruptMode
 .text.Rx_Timer_ReadStatusRegister
                0x000029ec        0xc .\CortexM3\ARM_GCC_541\Debug\AHU_1.a(Rx_Timer.o)
                0x000029ec                Rx_Timer_ReadStatusRegister
 .text.Rx_Timer_WritePeriod
                0x000029f8        0xc .\CortexM3\ARM_GCC_541\Debug\AHU_1.a(Rx_Timer.o)
                0x000029f8                Rx_Timer_WritePeriod
 .text.Rx_Timer_ReadCapture
                0x00002a04        0xc .\CortexM3\ARM_GCC_541\Debug\AHU_1.a(Rx_Timer.o)
                0x00002a04                Rx_Timer_ReadCapture
 .text.Rx_Timer_WriteCounter
                0x00002a10        0xc .\CortexM3\ARM_GCC_541\Debug\AHU_1.a(Rx_Timer.o)
                0x00002a10                Rx_Timer_WriteCounter
 .text.Rx_Timer_SetCaptureMode
                0x00002a1c       0x1c .\CortexM3\ARM_GCC_541\Debug\AHU_1.a(Rx_Timer.o)
                0x00002a1c                Rx_Timer_SetCaptureMode
 .text.Rx_Timer_ClearFIFO
                0x00002a38       0x14 .\CortexM3\ARM_GCC_541\Debug\AHU_1.a(Rx_Timer.o)
                0x00002a38                Rx_Timer_ClearFIFO
 .text.Rx_Timer_Init
                0x00002a4c       0x3c .\CortexM3\ARM_GCC_541\Debug\AHU_1.a(Rx_Timer.o)
                0x00002a4c                Rx_Timer_Init
 .text.Rx_Timer_Start
                0x00002a88       0x1c .\CortexM3\ARM_GCC_541\Debug\AHU_1.a(Rx_Timer.o)
                0x00002a88                Rx_Timer_Start
 .text.Rx_Timer_Int_SetVector
                0x00002aa4        0xc .\CortexM3\ARM_GCC_541\Debug\AHU_1.a(Rx_Timer_Int.o)
                0x00002aa4                Rx_Timer_Int_SetVector
 .text.Rx_Timer_Int_ClearPending
                0x00002ab0        0xc .\CortexM3\ARM_GCC_541\Debug\AHU_1.a(Rx_Timer_Int.o)
                0x00002ab0                Rx_Timer_Int_ClearPending
 *fill*         0x00002abc        0x4 
 .text          0x00002ac0       0x20 .\CortexM3\ARM_GCC_541\Debug\AHU_1.a(CyBootAsmGnu.o)
                0x00002ac0                CyDelayCycles
                0x00002ad0                CyEnterCriticalSection
                0x00002ad8                CyExitCriticalSection
 .text.round    0x00002ae0       0xa0 c:/program files (x86)/cypress/psoc creator/4.2/psoc creator/import/gnu/arm/5.4.1/bin/../lib/gcc/arm-none-eabi/5.4.1/../../../../arm-none-eabi/lib/armv7-m\libm.a(lib_a-s_round.o)
                0x00002ae0                round
 .text.sqrtf    0x00002b80       0x9c c:/program files (x86)/cypress/psoc creator/4.2/psoc creator/import/gnu/arm/5.4.1/bin/../lib/gcc/arm-none-eabi/5.4.1/../../../../arm-none-eabi/lib/armv7-m\libm.a(lib_a-wf_sqrt.o)
                0x00002b80                sqrtf
 .text.__ieee754_sqrtf
                0x00002c1c       0xa8 c:/program files (x86)/cypress/psoc creator/4.2/psoc creator/import/gnu/arm/5.4.1/bin/../lib/gcc/arm-none-eabi/5.4.1/../../../../arm-none-eabi/lib/armv7-m\libm.a(lib_a-ef_sqrt.o)
                0x00002c1c                __ieee754_sqrtf
 .text.matherr  0x00002cc4        0x4 c:/program files (x86)/cypress/psoc creator/4.2/psoc creator/import/gnu/arm/5.4.1/bin/../lib/gcc/arm-none-eabi/5.4.1/../../../../arm-none-eabi/lib/armv7-m\libm.a(lib_a-s_matherr.o)
                0x00002cc4                matherr
 .text          0x00002cc8      0x370 c:/program files (x86)/cypress/psoc creator/4.2/psoc creator/import/gnu/arm/5.4.1/bin/../lib/gcc/arm-none-eabi/5.4.1/armv7-m\libgcc.a(_arm_addsubdf3.o)
                0x00002cc8                __aeabi_drsub
                0x00002cd0                __aeabi_dsub
                0x00002cd0                __subdf3
                0x00002cd4                __aeabi_dadd
                0x00002cd4                __adddf3
                0x00002f4c                __floatunsidf
                0x00002f4c                __aeabi_ui2d
                0x00002f6c                __floatsidf
                0x00002f6c                __aeabi_i2d
                0x00002f90                __aeabi_f2d
                0x00002f90                __extendsfdf2
                0x00002fcc                __floatundidf
                0x00002fcc                __aeabi_ul2d
                0x00002fdc                __floatdidf
                0x00002fdc                __aeabi_l2d
 .text          0x00003038      0x424 c:/program files (x86)/cypress/psoc creator/4.2/psoc creator/import/gnu/arm/5.4.1/bin/../lib/gcc/arm-none-eabi/5.4.1/armv7-m\libgcc.a(_arm_muldivdf3.o)
                0x00003038                __aeabi_dmul
                0x00003038                __muldf3
                0x0000328c                __divdf3
                0x0000328c                __aeabi_ddiv
 .text          0x0000345c      0x110 c:/program files (x86)/cypress/psoc creator/4.2/psoc creator/import/gnu/arm/5.4.1/bin/../lib/gcc/arm-none-eabi/5.4.1/armv7-m\libgcc.a(_arm_cmpdf2.o)
                0x0000345c                __gtdf2
                0x0000345c                __gedf2
                0x00003464                __ltdf2
                0x00003464                __ledf2
                0x0000346c                __nedf2
                0x0000346c                __eqdf2
                0x0000346c                __cmpdf2
                0x000034e8                __aeabi_cdrcmple
                0x000034f8                __aeabi_cdcmpeq
                0x000034f8                __aeabi_cdcmple
                0x00003508                __aeabi_dcmpeq
                0x0000351c                __aeabi_dcmplt
                0x00003530                __aeabi_dcmple
                0x00003544                __aeabi_dcmpge
                0x00003558                __aeabi_dcmpgt
 .text          0x0000356c       0xa0 c:/program files (x86)/cypress/psoc creator/4.2/psoc creator/import/gnu/arm/5.4.1/bin/../lib/gcc/arm-none-eabi/5.4.1/armv7-m\libgcc.a(_arm_truncdfsf2.o)
                0x0000356c                __truncdfsf2
                0x0000356c                __aeabi_d2f
 .text          0x0000360c      0x21c c:/program files (x86)/cypress/psoc creator/4.2/psoc creator/import/gnu/arm/5.4.1/bin/../lib/gcc/arm-none-eabi/5.4.1/armv7-m\libgcc.a(_arm_addsubsf3.o)
                0x0000360c                __aeabi_frsub
                0x00003614                __subsf3
                0x00003614                __aeabi_fsub
                0x00003618                __aeabi_fadd
                0x00003618                __addsf3
                0x00003778                __aeabi_ui2f
                0x00003778                __floatunsisf
                0x00003780                __aeabi_i2f
                0x00003780                __floatsisf
                0x0000379c                __aeabi_ul2f
                0x0000379c                __floatundisf
                0x000037ac                __aeabi_l2f
                0x000037ac                __floatdisf
 .text          0x00003828      0x2a0 c:/program files (x86)/cypress/psoc creator/4.2/psoc creator/import/gnu/arm/5.4.1/bin/../lib/gcc/arm-none-eabi/5.4.1/armv7-m\libgcc.a(_arm_muldivsf3.o)
                0x00003828                __mulsf3
                0x00003828                __aeabi_fmul
                0x00003990                __aeabi_fdiv
                0x00003990                __divsf3
 .text          0x00003ac8       0xec c:/program files (x86)/cypress/psoc creator/4.2/psoc creator/import/gnu/arm/5.4.1/bin/../lib/gcc/arm-none-eabi/5.4.1/armv7-m\libgcc.a(_arm_cmpsf2.o)
                0x00003ac8                __gesf2
                0x00003ac8                __gtsf2
                0x00003ad0                __lesf2
                0x00003ad0                __ltsf2
                0x00003ad8                __nesf2
                0x00003ad8                __eqsf2
                0x00003ad8                __cmpsf2
                0x00003b38                __aeabi_cfrcmple
                0x00003b40                __aeabi_cfcmpeq
                0x00003b40                __aeabi_cfcmple
                0x00003b50                __aeabi_fcmpeq
                0x00003b64                __aeabi_fcmplt
                0x00003b78                __aeabi_fcmple
                0x00003b8c                __aeabi_fcmpge
                0x00003ba0                __aeabi_fcmpgt
 .text          0x00003bb4       0x2c c:/program files (x86)/cypress/psoc creator/4.2/psoc creator/import/gnu/arm/5.4.1/bin/../lib/gcc/arm-none-eabi/5.4.1/armv7-m\libgcc.a(_arm_unordsf2.o)
                0x00003bb4                __unordsf2
                0x00003bb4                __aeabi_fcmpun
 .text.__errno  0x00003be0        0xc c:/program files (x86)/cypress/psoc creator/4.2/psoc creator/import/gnu/arm/5.4.1/bin/../lib/gcc/arm-none-eabi/5.4.1/../../../../arm-none-eabi/lib/armv7-m\libg_nano.a(lib_a-errno.o)
                0x00003be0                __errno
 .text.__libc_init_array
                0x00003bec       0x4c c:/program files (x86)/cypress/psoc creator/4.2/psoc creator/import/gnu/arm/5.4.1/bin/../lib/gcc/arm-none-eabi/5.4.1/../../../../arm-none-eabi/lib/armv7-m\libg_nano.a(lib_a-init.o)
                0x00003bec                __libc_init_array
 .text.malloc   0x00003c38       0x10 c:/program files (x86)/cypress/psoc creator/4.2/psoc creator/import/gnu/arm/5.4.1/bin/../lib/gcc/arm-none-eabi/5.4.1/../../../../arm-none-eabi/lib/armv7-m\libg_nano.a(lib_a-malloc.o)
                0x00003c38                malloc
 .text.memcpy   0x00003c48       0x16 c:/program files (x86)/cypress/psoc creator/4.2/psoc creator/import/gnu/arm/5.4.1/bin/../lib/gcc/arm-none-eabi/5.4.1/../../../../arm-none-eabi/lib/armv7-m\libg_nano.a(lib_a-memcpy-stub.o)
                0x00003c48                memcpy
 .text.memset   0x00003c5e       0x10 c:/program files (x86)/cypress/psoc creator/4.2/psoc creator/import/gnu/arm/5.4.1/bin/../lib/gcc/arm-none-eabi/5.4.1/../../../../arm-none-eabi/lib/armv7-m\libg_nano.a(lib_a-memset.o)
                0x00003c5e                memset
 *fill*         0x00003c6e        0x2 
 .text._free_r  0x00003c70       0x98 c:/program files (x86)/cypress/psoc creator/4.2/psoc creator/import/gnu/arm/5.4.1/bin/../lib/gcc/arm-none-eabi/5.4.1/../../../../arm-none-eabi/lib/armv7-m\libg_nano.a(lib_a-nano-freer.o)
                0x00003c70                _free_r
 .text._malloc_r
                0x00003d08       0xbc c:/program files (x86)/cypress/psoc creator/4.2/psoc creator/import/gnu/arm/5.4.1/bin/../lib/gcc/arm-none-eabi/5.4.1/../../../../arm-none-eabi/lib/armv7-m\libg_nano.a(lib_a-nano-mallocr.o)
                0x00003d08                _malloc_r
 .text.__cvt    0x00003dc4       0xc0 c:/program files (x86)/cypress/psoc creator/4.2/psoc creator/import/gnu/arm/5.4.1/bin/../lib/gcc/arm-none-eabi/5.4.1/../../../../arm-none-eabi/lib/armv7-m\libg_nano.a(lib_a-nano-vfprintf_float.o)
                0x00003dc4                __cvt
 .text.__exponent
                0x00003e84       0x62 c:/program files (x86)/cypress/psoc creator/4.2/psoc creator/import/gnu/arm/5.4.1/bin/../lib/gcc/arm-none-eabi/5.4.1/../../../../arm-none-eabi/lib/armv7-m\libg_nano.a(lib_a-nano-vfprintf_float.o)
                0x00003e84                __exponent
 *fill*         0x00003ee6        0x2 
 .text._printf_float
                0x00003ee8      0x488 c:/program files (x86)/cypress/psoc creator/4.2/psoc creator/import/gnu/arm/5.4.1/bin/../lib/gcc/arm-none-eabi/5.4.1/../../../../arm-none-eabi/lib/armv7-m\libg_nano.a(lib_a-nano-vfprintf_float.o)
                0x00003ee8                _printf_float
 .text._printf_common
                0x00004370       0xec c:/program files (x86)/cypress/psoc creator/4.2/psoc creator/import/gnu/arm/5.4.1/bin/../lib/gcc/arm-none-eabi/5.4.1/../../../../arm-none-eabi/lib/armv7-m\libg_nano.a(lib_a-nano-vfprintf_i.o)
                0x00004370                _printf_common
 .text._printf_i
                0x0000445c      0x24c c:/program files (x86)/cypress/psoc creator/4.2/psoc creator/import/gnu/arm/5.4.1/bin/../lib/gcc/arm-none-eabi/5.4.1/../../../../arm-none-eabi/lib/armv7-m\libg_nano.a(lib_a-nano-vfprintf_i.o)
                0x0000445c                _printf_i
 .text._sbrk_r  0x000046a8       0x20 c:/program files (x86)/cypress/psoc creator/4.2/psoc creator/import/gnu/arm/5.4.1/bin/../lib/gcc/arm-none-eabi/5.4.1/../../../../arm-none-eabi/lib/armv7-m\libg_nano.a(lib_a-sbrkr.o)
                0x000046a8                _sbrk_r
 .text.sprintf  0x000046c8       0x48 c:/program files (x86)/cypress/psoc creator/4.2/psoc creator/import/gnu/arm/5.4.1/bin/../lib/gcc/arm-none-eabi/5.4.1/../../../../arm-none-eabi/lib/armv7-m\libg_nano.a(lib_a-sprintf.o)
                0x000046c8                siprintf
                0x000046c8                sprintf
 .text          0x00004710       0x10 c:/program files (x86)/cypress/psoc creator/4.2/psoc creator/import/gnu/arm/5.4.1/bin/../lib/gcc/arm-none-eabi/5.4.1/../../../../arm-none-eabi/lib/armv7-m\libg_nano.a(lib_a-strlen.o)
                0x00004710                strlen
 .text.quorem   0x00004720      0x116 c:/program files (x86)/cypress/psoc creator/4.2/psoc creator/import/gnu/arm/5.4.1/bin/../lib/gcc/arm-none-eabi/5.4.1/../../../../arm-none-eabi/lib/armv7-m\libg_nano.a(lib_a-dtoa.o)
 *fill*         0x00004836        0x2 
 .text._dtoa_r  0x00004838      0xb30 c:/program files (x86)/cypress/psoc creator/4.2/psoc creator/import/gnu/arm/5.4.1/bin/../lib/gcc/arm-none-eabi/5.4.1/../../../../arm-none-eabi/lib/armv7-m\libg_nano.a(lib_a-dtoa.o)
                0x00004838                _dtoa_r
 .text._localeconv_r
                0x00005368        0x8 c:/program files (x86)/cypress/psoc creator/4.2/psoc creator/import/gnu/arm/5.4.1/bin/../lib/gcc/arm-none-eabi/5.4.1/../../../../arm-none-eabi/lib/armv7-m\libg_nano.a(lib_a-locale.o)
                0x00005368                _localeconv_r
 .text.memchr   0x00005370       0x1c c:/program files (x86)/cypress/psoc creator/4.2/psoc creator/import/gnu/arm/5.4.1/bin/../lib/gcc/arm-none-eabi/5.4.1/../../../../arm-none-eabi/lib/armv7-m\libg_nano.a(lib_a-memchr-stub.o)
                0x00005370                memchr
 .text.__malloc_lock
                0x0000538c        0x2 c:/program files (x86)/cypress/psoc creator/4.2/psoc creator/import/gnu/arm/5.4.1/bin/../lib/gcc/arm-none-eabi/5.4.1/../../../../arm-none-eabi/lib/armv7-m\libg_nano.a(lib_a-mlock.o)
                0x0000538c                __malloc_lock
 .text.__malloc_unlock
                0x0000538e        0x2 c:/program files (x86)/cypress/psoc creator/4.2/psoc creator/import/gnu/arm/5.4.1/bin/../lib/gcc/arm-none-eabi/5.4.1/../../../../arm-none-eabi/lib/armv7-m\libg_nano.a(lib_a-mlock.o)
                0x0000538e                __malloc_unlock
 .text._Balloc  0x00005390       0x6a c:/program files (x86)/cypress/psoc creator/4.2/psoc creator/import/gnu/arm/5.4.1/bin/../lib/gcc/arm-none-eabi/5.4.1/../../../../arm-none-eabi/lib/armv7-m\libg_nano.a(lib_a-mprec.o)
                0x00005390                _Balloc
 .text._Bfree   0x000053fa       0x2e c:/program files (x86)/cypress/psoc creator/4.2/psoc creator/import/gnu/arm/5.4.1/bin/../lib/gcc/arm-none-eabi/5.4.1/../../../../arm-none-eabi/lib/armv7-m\libg_nano.a(lib_a-mprec.o)
                0x000053fa                _Bfree
 .text.__multadd
                0x00005428       0x76 c:/program files (x86)/cypress/psoc creator/4.2/psoc creator/import/gnu/arm/5.4.1/bin/../lib/gcc/arm-none-eabi/5.4.1/../../../../arm-none-eabi/lib/armv7-m\libg_nano.a(lib_a-mprec.o)
                0x00005428                __multadd
 .text.__hi0bits
                0x0000549e       0x40 c:/program files (x86)/cypress/psoc creator/4.2/psoc creator/import/gnu/arm/5.4.1/bin/../lib/gcc/arm-none-eabi/5.4.1/../../../../arm-none-eabi/lib/armv7-m\libg_nano.a(lib_a-mprec.o)
                0x0000549e                __hi0bits
 .text.__lo0bits
                0x000054de       0x5a c:/program files (x86)/cypress/psoc creator/4.2/psoc creator/import/gnu/arm/5.4.1/bin/../lib/gcc/arm-none-eabi/5.4.1/../../../../arm-none-eabi/lib/armv7-m\libg_nano.a(lib_a-mprec.o)
                0x000054de                __lo0bits
 .text.__i2b    0x00005538       0x12 c:/program files (x86)/cypress/psoc creator/4.2/psoc creator/import/gnu/arm/5.4.1/bin/../lib/gcc/arm-none-eabi/5.4.1/../../../../arm-none-eabi/lib/armv7-m\libg_nano.a(lib_a-mprec.o)
                0x00005538                __i2b
 .text.__multiply
                0x0000554a      0x120 c:/program files (x86)/cypress/psoc creator/4.2/psoc creator/import/gnu/arm/5.4.1/bin/../lib/gcc/arm-none-eabi/5.4.1/../../../../arm-none-eabi/lib/armv7-m\libg_nano.a(lib_a-mprec.o)
                0x0000554a                __multiply
 *fill*         0x0000566a        0x2 
 .text.__pow5mult
                0x0000566c       0x9c c:/program files (x86)/cypress/psoc creator/4.2/psoc creator/import/gnu/arm/5.4.1/bin/../lib/gcc/arm-none-eabi/5.4.1/../../../../arm-none-eabi/lib/armv7-m\libg_nano.a(lib_a-mprec.o)
                0x0000566c                __pow5mult
 .text.__lshift
                0x00005708       0xa2 c:/program files (x86)/cypress/psoc creator/4.2/psoc creator/import/gnu/arm/5.4.1/bin/../lib/gcc/arm-none-eabi/5.4.1/../../../../arm-none-eabi/lib/armv7-m\libg_nano.a(lib_a-mprec.o)
                0x00005708                __lshift
 .text.__mcmp   0x000057aa       0x38 c:/program files (x86)/cypress/psoc creator/4.2/psoc creator/import/gnu/arm/5.4.1/bin/../lib/gcc/arm-none-eabi/5.4.1/../../../../arm-none-eabi/lib/armv7-m\libg_nano.a(lib_a-mprec.o)
                0x000057aa                __mcmp
 .text.__mdiff  0x000057e2       0xbe c:/program files (x86)/cypress/psoc creator/4.2/psoc creator/import/gnu/arm/5.4.1/bin/../lib/gcc/arm-none-eabi/5.4.1/../../../../arm-none-eabi/lib/armv7-m\libg_nano.a(lib_a-mprec.o)
                0x000057e2                __mdiff
 .text.__d2b    0x000058a0       0x9c c:/program files (x86)/cypress/psoc creator/4.2/psoc creator/import/gnu/arm/5.4.1/bin/../lib/gcc/arm-none-eabi/5.4.1/../../../../arm-none-eabi/lib/armv7-m\libg_nano.a(lib_a-mprec.o)
                0x000058a0                __d2b
 .text._calloc_r
                0x0000593c       0x1c c:/program files (x86)/cypress/psoc creator/4.2/psoc creator/import/gnu/arm/5.4.1/bin/../lib/gcc/arm-none-eabi/5.4.1/../../../../arm-none-eabi/lib/armv7-m\libg_nano.a(lib_a-nano-callocr.o)
                0x0000593c                _calloc_r
 .text.__ssputs_r
                0x00005958       0xb2 c:/program files (x86)/cypress/psoc creator/4.2/psoc creator/import/gnu/arm/5.4.1/bin/../lib/gcc/arm-none-eabi/5.4.1/../../../../arm-none-eabi/lib/armv7-m\libg_nano.a(lib_a-nano-svfprintf.o)
                0x00005958                __ssputs_r
 *fill*         0x00005a0a        0x2 
 .text._svfprintf_r
                0x00005a0c      0x1e8 c:/program files (x86)/cypress/psoc creator/4.2/psoc creator/import/gnu/arm/5.4.1/bin/../lib/gcc/arm-none-eabi/5.4.1/../../../../arm-none-eabi/lib/armv7-m\libg_nano.a(lib_a-nano-svfprintf.o)
                0x00005a0c                _svfiprintf_r
                0x00005a0c                _svfprintf_r
 .text.memmove  0x00005bf4       0x36 c:/program files (x86)/cypress/psoc creator/4.2/psoc creator/import/gnu/arm/5.4.1/bin/../lib/gcc/arm-none-eabi/5.4.1/../../../../arm-none-eabi/lib/armv7-m\libg_nano.a(lib_a-memmove.o)
                0x00005bf4                memmove
 .text._realloc_r
                0x00005c2a       0x4c c:/program files (x86)/cypress/psoc creator/4.2/psoc creator/import/gnu/arm/5.4.1/bin/../lib/gcc/arm-none-eabi/5.4.1/../../../../arm-none-eabi/lib/armv7-m\libg_nano.a(lib_a-nano-reallocr.o)
                0x00005c2a                _realloc_r
 .text._malloc_usable_size_r
                0x00005c76       0x14 c:/program files (x86)/cypress/psoc creator/4.2/psoc creator/import/gnu/arm/5.4.1/bin/../lib/gcc/arm-none-eabi/5.4.1/../../../../arm-none-eabi/lib/armv7-m\libg_nano.a(lib_a-nano-msizer.o)
                0x00005c76                _malloc_usable_size_r
 *fill*         0x00005c8a        0x2 
 .text          0x00005c8c       0x2c c:/program files (x86)/cypress/psoc creator/4.2/psoc creator/import/gnu/arm/5.4.1/bin/../lib/gcc/arm-none-eabi/5.4.1/armv7-m\libgcc.a(_arm_unorddf2.o)
                0x00005c8c                __unorddf2
                0x00005c8c                __aeabi_dcmpun
 .text          0x00005cb8       0x50 c:/program files (x86)/cypress/psoc creator/4.2/psoc creator/import/gnu/arm/5.4.1/bin/../lib/gcc/arm-none-eabi/5.4.1/armv7-m\libgcc.a(_arm_fixdfsi.o)
                0x00005cb8                __aeabi_d2iz
                0x00005cb8                __fixdfsi
 *(.plt)
 *(.gnu.warning)
 *(.glue_7t)
 .glue_7t       0x00005d08        0x0 linker stubs
 *(.glue_7)
 .glue_7        0x00005d08        0x0 linker stubs
 *(.vfp11_veneer)
 .vfp11_veneer  0x00005d08        0x0 linker stubs
 *(.bootloader)
 *(.ARM.extab* .gnu.linkonce.armextab.*)
 *(.gcc_except_table)

.v4_bx          0x00005d08        0x0
 .v4_bx         0x00005d08        0x0 linker stubs

.iplt           0x00005d08        0x0
 .iplt          0x00005d08        0x0 c:/program files (x86)/cypress/psoc creator/4.2/psoc creator/import/gnu/arm/5.4.1/bin/../lib/gcc/arm-none-eabi/5.4.1/armv7-m/crtbegin.o

.eh_frame_hdr
 *(.eh_frame_hdr)

.eh_frame       0x00005d08        0x4
 *(.eh_frame)
 .eh_frame      0x00005d08        0x0 c:/program files (x86)/cypress/psoc creator/4.2/psoc creator/import/gnu/arm/5.4.1/bin/../lib/gcc/arm-none-eabi/5.4.1/armv7-m/crtbegin.o
 .eh_frame      0x00005d08        0x4 c:/program files (x86)/cypress/psoc creator/4.2/psoc creator/import/gnu/arm/5.4.1/bin/../lib/gcc/arm-none-eabi/5.4.1/armv7-m/crtend.o
                [!provide]                PROVIDE (__exidx_start, .)

.ARM.exidx
 *(.ARM.exidx* .gnu.linkonce.armexidx.*)
                0x00005d0c                __exidx_end = .

.rodata         0x00005d10      0x570
 *(.rodata .rodata.* .gnu.linkonce.r.*)
 .rodata.str1.4
                0x00005d10      0x236 .\CortexM3\ARM_GCC_541\Debug\main.o
 *fill*         0x00005f46        0x2 
 .rodata        0x00005f48        0x8 .\CortexM3\ARM_GCC_541\Debug\ModbusRtu.o
                0x00005f48                fctsupported
 .rodata        0x00005f50      0x100 .\CortexM3\ARM_GCC_541\Debug\one_wire.o
                0x00005f50                crc_table
 .rodata        0x00006050       0x8e .\CortexM3\ARM_GCC_541\Debug\cyfitter_cfg.o
                0x00006050                AMux__addrTable
                0x00006070                AMux__maskTable
                0x00006078                ADC_AMux__addrTable
                0x00006080                ADC_AMux__maskTable
 *fill*         0x000060de        0x2 
 .rodata.str1.4
                0x000060e0        0x8 c:/program files (x86)/cypress/psoc creator/4.2/psoc creator/import/gnu/arm/5.4.1/bin/../lib/gcc/arm-none-eabi/5.4.1/../../../../arm-none-eabi/lib/armv7-m\libm.a(lib_a-wf_sqrt.o)
                                  0x6 (size before relaxing)
 .rodata.str1.1
                0x000060e8        0x2 c:/program files (x86)/cypress/psoc creator/4.2/psoc creator/import/gnu/arm/5.4.1/bin/../lib/gcc/arm-none-eabi/5.4.1/../../../../arm-none-eabi/lib/armv7-m\libg_nano.a(lib_a-impure.o)
 .rodata.str1.1
                0x000060ea       0x12 c:/program files (x86)/cypress/psoc creator/4.2/psoc creator/import/gnu/arm/5.4.1/bin/../lib/gcc/arm-none-eabi/5.4.1/../../../../arm-none-eabi/lib/armv7-m\libg_nano.a(lib_a-nano-vfprintf_float.o)
 .rodata.str1.1
                0x000060fc       0x22 c:/program files (x86)/cypress/psoc creator/4.2/psoc creator/import/gnu/arm/5.4.1/bin/../lib/gcc/arm-none-eabi/5.4.1/../../../../arm-none-eabi/lib/armv7-m\libg_nano.a(lib_a-nano-vfprintf_i.o)
 .rodata.str1.1
                0x0000611e        0xd c:/program files (x86)/cypress/psoc creator/4.2/psoc creator/import/gnu/arm/5.4.1/bin/../lib/gcc/arm-none-eabi/5.4.1/../../../../arm-none-eabi/lib/armv7-m\libg_nano.a(lib_a-dtoa.o)
                                  0xf (size before relaxing)
 .rodata.str1.1
                0x0000612b        0x8 c:/program files (x86)/cypress/psoc creator/4.2/psoc creator/import/gnu/arm/5.4.1/bin/../lib/gcc/arm-none-eabi/5.4.1/../../../../arm-none-eabi/lib/armv7-m\libg_nano.a(lib_a-locale.o)
                                  0xb (size before relaxing)
 *fill*         0x00006133        0x5 
 .rodata.__mprec_tens
                0x00006138       0xc8 c:/program files (x86)/cypress/psoc creator/4.2/psoc creator/import/gnu/arm/5.4.1/bin/../lib/gcc/arm-none-eabi/5.4.1/../../../../arm-none-eabi/lib/armv7-m\libg_nano.a(lib_a-mprec.o)
                0x00006138                __mprec_tens
 .rodata.p05.5408
                0x00006200        0xc c:/program files (x86)/cypress/psoc creator/4.2/psoc creator/import/gnu/arm/5.4.1/bin/../lib/gcc/arm-none-eabi/5.4.1/../../../../arm-none-eabi/lib/armv7-m\libg_nano.a(lib_a-mprec.o)
 *fill*         0x0000620c        0x4 
 .rodata.__mprec_bigtens
                0x00006210       0x28 c:/program files (x86)/cypress/psoc creator/4.2/psoc creator/import/gnu/arm/5.4.1/bin/../lib/gcc/arm-none-eabi/5.4.1/../../../../arm-none-eabi/lib/armv7-m\libg_nano.a(lib_a-mprec.o)
                0x00006210                __mprec_bigtens
 .rodata.str1.1
                0x00006238       0x11 c:/program files (x86)/cypress/psoc creator/4.2/psoc creator/import/gnu/arm/5.4.1/bin/../lib/gcc/arm-none-eabi/5.4.1/../../../../arm-none-eabi/lib/armv7-m\libg_nano.a(lib_a-nano-svfprintf.o)
                0x0000624c                . = ALIGN (0x4)
 *fill*         0x00006249        0x3 
 *(.init)
 .init          0x0000624c        0x4 c:/program files (x86)/cypress/psoc creator/4.2/psoc creator/import/gnu/arm/5.4.1/bin/../lib/gcc/arm-none-eabi/5.4.1/armv7-m/crti.o
                0x0000624c                _init
 .init          0x00006250        0x8 c:/program files (x86)/cypress/psoc creator/4.2/psoc creator/import/gnu/arm/5.4.1/bin/../lib/gcc/arm-none-eabi/5.4.1/armv7-m/crtn.o
                0x00006258                . = ALIGN (0x4)
                0x00006258                __preinit_array_start = .
 *(.preinit_array)
                0x00006258                __preinit_array_end = .
                0x00006258                . = ALIGN (0x4)
                0x00006258                __init_array_start = .
 *(SORT(.init_array.*))
 *(.init_array)
 .init_array    0x00006258        0x4 c:/program files (x86)/cypress/psoc creator/4.2/psoc creator/import/gnu/arm/5.4.1/bin/../lib/gcc/arm-none-eabi/5.4.1/armv7-m/crtbegin.o
 .init_array    0x0000625c        0x4 .\CortexM3\ARM_GCC_541\Debug\Cm3Start.o
                0x00006260                __init_array_end = .
                0x00006260                . = ALIGN (0x4)
 *(.fini)
 .fini          0x00006260        0x4 c:/program files (x86)/cypress/psoc creator/4.2/psoc creator/import/gnu/arm/5.4.1/bin/../lib/gcc/arm-none-eabi/5.4.1/armv7-m/crti.o
                0x00006260                _fini
 .fini          0x00006264        0x8 c:/program files (x86)/cypress/psoc creator/4.2/psoc creator/import/gnu/arm/5.4.1/bin/../lib/gcc/arm-none-eabi/5.4.1/armv7-m/crtn.o
                0x0000626c                . = ALIGN (0x4)
                0x0000626c                __fini_array_start = .
 *(.fini_array)
 .fini_array    0x0000626c        0x4 c:/program files (x86)/cypress/psoc creator/4.2/psoc creator/import/gnu/arm/5.4.1/bin/../lib/gcc/arm-none-eabi/5.4.1/armv7-m/crtbegin.o
 *(SORT(.fini_array.*))
                0x00006270                __fini_array_end = .
                0x00006270                . = ALIGN (0x4)
 *crtbegin.o(.ctors)
 *(EXCLUDE_FILE(*crtend.o) .ctors)
 *(SORT(.ctors.*))
 *crtend.o(.ctors)
                0x00006270                . = ALIGN (0x4)
 *crtbegin.o(.dtors)
 *(EXCLUDE_FILE(*crtend.o) .dtors)
 *(SORT(.dtors.*))
 *crtend.o(.dtors)
                0x00006270                . = ALIGN (0x4)
                0x00006270                __cy_regions = .
                0x00006270        0x4 LONG 0x6280 __cy_region_init_ram
                0x00006274        0x4 LONG 0x1fff80c8 __cy_region_start_data
                0x00006278        0x4 LONG 0xc0 __cy_region_init_size_ram
                0x0000627c        0x4 LONG 0xe90 __cy_region_zero_size_ram
                0x00006280                __cy_regions_end = .
                0x00006280                . = ALIGN (0x8)
                0x00006280                _etext = .

.cy_checksum_exclude
                0x00006280        0x0
 *(.cy_checksum_exclude)

.ramvectors     0x1fff8000       0xc0
                0x1fff8000                __cy_region_start_ram = .
 *(.ramvectors)
 .ramvectors    0x1fff8000       0xc0 .\CortexM3\ARM_GCC_541\Debug\Cm3Start.o
                0x1fff8000                CyRamVectors

.noinit         0x1fff80c0        0x1
 *(.noinit)
 .noinit        0x1fff80c0        0x1 .\CortexM3\ARM_GCC_541\Debug\AHU_1.a(CyLib.o)
                0x1fff80c0                CyResetStatus

.data           0x1fff80c8       0xc0 load address 0x00006280
                0x1fff80c8                __cy_region_start_data = .
 *(.jcr)
 .jcr           0x1fff80c8        0x0 c:/program files (x86)/cypress/psoc creator/4.2/psoc creator/import/gnu/arm/5.4.1/bin/../lib/gcc/arm-none-eabi/5.4.1/armv7-m/crtbegin.o
 .jcr           0x1fff80c8        0x4 c:/program files (x86)/cypress/psoc creator/4.2/psoc creator/import/gnu/arm/5.4.1/bin/../lib/gcc/arm-none-eabi/5.4.1/armv7-m/crtend.o
 *(.got.plt)
 *(.got)
 *(.shdata)
 *(.data .data.* .gnu.linkonce.d.*)
 .data          0x1fff80cc        0x2 .\CortexM3\ARM_GCC_541\Debug\ds18b20.o
 *fill*         0x1fff80ce        0x2 
 .data          0x1fff80d0        0x4 .\CortexM3\ARM_GCC_541\Debug\Cm3Start.o
 .data          0x1fff80d4       0x10 .\CortexM3\ARM_GCC_541\Debug\AHU_1.a(CyLib.o)
                0x1fff80d4                cydelay_32k_ms
                0x1fff80d8                cydelay_freq_khz
                0x1fff80dc                cydelay_freq_mhz
                0x1fff80e0                cydelay_freq_hz
 .data          0x1fff80e4        0x1 .\CortexM3\ARM_GCC_541\Debug\AHU_1.a(ADC.o)
                0x1fff80e4                ADC_Config
 .data          0x1fff80e5        0x1 .\CortexM3\ARM_GCC_541\Debug\AHU_1.a(ADC_AMux.o)
 .data          0x1fff80e6        0x1 .\CortexM3\ARM_GCC_541\Debug\AHU_1.a(AMux.o)
 .data.__fdlib_version
                0x1fff80e7        0x1 c:/program files (x86)/cypress/psoc creator/4.2/psoc creator/import/gnu/arm/5.4.1/bin/../lib/gcc/arm-none-eabi/5.4.1/../../../../arm-none-eabi/lib/armv7-m\libm.a(lib_a-s_lib_ver.o)
                0x1fff80e7                __fdlib_version
 .data.impure_data
                0x1fff80e8       0x60 c:/program files (x86)/cypress/psoc creator/4.2/psoc creator/import/gnu/arm/5.4.1/bin/../lib/gcc/arm-none-eabi/5.4.1/../../../../arm-none-eabi/lib/armv7-m\libg_nano.a(lib_a-impure.o)
 .data._impure_ptr
                0x1fff8148        0x4 c:/program files (x86)/cypress/psoc creator/4.2/psoc creator/import/gnu/arm/5.4.1/bin/../lib/gcc/arm-none-eabi/5.4.1/../../../../arm-none-eabi/lib/armv7-m\libg_nano.a(lib_a-impure.o)
                0x1fff8148                _impure_ptr
 .data.lconv    0x1fff814c       0x38 c:/program files (x86)/cypress/psoc creator/4.2/psoc creator/import/gnu/arm/5.4.1/bin/../lib/gcc/arm-none-eabi/5.4.1/../../../../arm-none-eabi/lib/armv7-m\libg_nano.a(lib_a-locale.o)
                0x1fff8188                . = ALIGN (0x8)
 *fill*         0x1fff8184        0x4 
 *(.ram)
                0x1fff8188                _edata = .

.igot.plt       0x1fff8188        0x0 load address 0x00006340
 .igot.plt      0x1fff8188        0x0 c:/program files (x86)/cypress/psoc creator/4.2/psoc creator/import/gnu/arm/5.4.1/bin/../lib/gcc/arm-none-eabi/5.4.1/armv7-m/crtbegin.o

.bss            0x1fff8188      0xe90 load address 0x00006340
                0x1fff8188                PROVIDE (__bss_start__, .)
 *(.shbss)
 *(.bss .bss.* .gnu.linkonce.b.*)
 .bss           0x1fff8188       0x1c c:/program files (x86)/cypress/psoc creator/4.2/psoc creator/import/gnu/arm/5.4.1/bin/../lib/gcc/arm-none-eabi/5.4.1/armv7-m/crtbegin.o
 .bss           0x1fff81a4       0x5d .\CortexM3\ARM_GCC_541\Debug\main.o
                0x1fff81a4                wemos_pos
                0x1fff81a8                last31865
                0x1fff81c8                lastDS18B20
                0x1fff81f0                last_Adc_result
                0x1fff8200                lastPins
 *fill*         0x1fff8201        0x3 
 .bss           0x1fff8204        0x4 .\CortexM3\ARM_GCC_541\Debug\ds18b20.o
 .bss           0x1fff8208        0x1 .\CortexM3\ARM_GCC_541\Debug\one_wire.o
                0x1fff8208                one_wire_device_count
 .bss           0x1fff8209        0x2 .\CortexM3\ARM_GCC_541\Debug\AHU_1.a(RS485.o)
                0x1fff8209                RS485_initVar
 .bss           0x1fff820b        0x1 .\CortexM3\ARM_GCC_541\Debug\AHU_1.a(Timer.o)
                0x1fff820b                Timer_initVar
 .bss           0x1fff820c        0x1 .\CortexM3\ARM_GCC_541\Debug\AHU_1.a(SPIM.o)
                0x1fff820c                SPIM_initVar
 *fill*         0x1fff820d        0x3 
 .bss           0x1fff8210        0xc .\CortexM3\ARM_GCC_541\Debug\AHU_1.a(ADC.o)
                0x1fff8214                ADC_stopConversion
                0x1fff8215                ADC_convDone
                0x1fff8216                ADC_initVar
                0x1fff8217                ADC_started
                0x1fff8218                ADC_Offset
 .bss           0x1fff821c        0x2 .\CortexM3\ARM_GCC_541\Debug\AHU_1.a(Wemos.o)
                0x1fff821c                Wemos_initVar
 .bss           0x1fff821e        0x1 .\CortexM3\ARM_GCC_541\Debug\AHU_1.a(Rx_Timer.o)
                0x1fff821e                Rx_Timer_initVar
 *fill*         0x1fff821f        0x1 
 .bss.__malloc_sbrk_start
                0x1fff8220        0x4 c:/program files (x86)/cypress/psoc creator/4.2/psoc creator/import/gnu/arm/5.4.1/bin/../lib/gcc/arm-none-eabi/5.4.1/../../../../arm-none-eabi/lib/armv7-m\libg_nano.a(lib_a-nano-mallocr.o)
                0x1fff8220                __malloc_sbrk_start
 .bss.__malloc_free_list
                0x1fff8224        0x4 c:/program files (x86)/cypress/psoc creator/4.2/psoc creator/import/gnu/arm/5.4.1/bin/../lib/gcc/arm-none-eabi/5.4.1/../../../../arm-none-eabi/lib/armv7-m\libg_nano.a(lib_a-nano-mallocr.o)
                0x1fff8224                __malloc_free_list
 *(COMMON)
 COMMON         0x1fff8228      0xc60 .\CortexM3\ARM_GCC_541\Debug\main.o
                0x1fff8228                version
                0x1fff8234                registers
                0x1fff86e4                esc_time
                0x1fff86e8                modbus_slave
                0x1fff86e9                esc
                0x1fff86ea                myId
                0x1fff86eb                rx_timed_out
                0x1fff86ec                temp_regs
                0x1fff873c                rs485_buffer
                0x1fff883c                modbus_wait
                0x1fff8840                Global_time
                0x1fff8844                telegram
                0x1fff8850                temp_message
                0x1fff88d0                rs485_pos
                0x1fff88d1                modbus_state
                0x1fff88d4                wemos_buffer
                0x1fff89d4                slave_id
                0x1fff89d6                last_modbus_time
                0x1fff89d8                last_registers
 COMMON         0x1fff8e88      0x124 .\CortexM3\ARM_GCC_541\Debug\ModbusRtu.o
                0x1fff8e88                au16regs
                0x1fff8e8c                u8lastRec
                0x1fff8e8e                u16errCnt
                0x1fff8e90                u16InCnt
                0x1fff8e92                u8state
                0x1fff8e93                u8serno
                0x1fff8e94                u32timeOut
                0x1fff8e98                u16OutCnt
                0x1fff8e9a                u8txenpin
                0x1fff8e9c                au8Buffer
                0x1fff8f9a                u16timeOut
                0x1fff8f9c                u8id
                0x1fff8fa0                u32time
                0x1fff8fa4                u8BufferSize
                0x1fff8fa5                u8regsize
                0x1fff8fa6                u8lastError
                0x1fff8fa8                u32overTime
 COMMON         0x1fff8fac       0x60 .\CortexM3\ARM_GCC_541\Debug\one_wire.o
                0x1fff8fac                last_device_flag
                0x1fff8fb0                ROM_NO
                0x1fff8fb8                crc8
                0x1fff8fb9                state
                0x1fff8fba                last_mismatch
                0x1fff8fbc                one_wire_devices
 COMMON         0x1fff900c        0x4 .\CortexM3\ARM_GCC_541\Debug\AHU_1.a(ADC.o)
                0x1fff900c                ADC_CountsPerVolt
 COMMON         0x1fff9010        0x4 c:/program files (x86)/cypress/psoc creator/4.2/psoc creator/import/gnu/arm/5.4.1/bin/../lib/gcc/arm-none-eabi/5.4.1/../../../../arm-none-eabi/lib/armv7-m\libg_nano.a(lib_a-reent.o)
                0x1fff9010                errno
                0x1fff9018                . = ALIGN (0x8)
 *fill*         0x1fff9014        0x4 
 *(.ram.b)
                0x1fff9018                _end = .
                0x1fff9018                __end = .
                0x1fff9018                PROVIDE (end, .)
                0x1fff9018                PROVIDE (__bss_end__, .)
                0x00006280                __cy_region_init_ram = LOADADDR (.data)
                0x000000c0                __cy_region_init_size_ram = (_edata - ADDR (.data))
                0x00000e90                __cy_region_zero_size_ram = (_end - _edata)

.heap           0x1fff9018     0x8000 load address 0x00006340
                0x1fff9018                . = _end
                0x20001018                . = (. + 0x8000)
 *fill*         0x1fff9018     0x8000 
                0x20001018                __cy_heap_limit = .

.stack          0x20004000     0x4000
                0x20004000                __cy_stack_limit = .
                0x20008000                . = (. + 0x4000)
 *fill*         0x20004000     0x4000 
                0x00000001                ASSERT ((__cy_stack_limit >= __cy_heap_limit), region RAM overflowed with stack)
                0x00000000                cy_checksum_exclude_size = (CY_APPL_LOADABLE == 0x1)?SIZEOF (.cy_checksum_exclude):0x0
                0x00000001                ASSERT ((cy_checksum_exclude_size <= CY_CHECKSUM_EXCLUDE_SIZE), CY_BOOT: Section .cy_checksum_exclude size exceedes specified limit.)

.cyloadermeta
 *(.cyloadermeta)

.cyloadablemeta
 *(.cyloadablemeta)

.cyconfigecc    0x80000000      0xb08
 *(.cyconfigecc)
 .cyconfigecc   0x80000000      0xb08 .\CortexM3\ARM_GCC_541\Debug\cymetadata.o
                0x80000000                cy_meta_configecc

.cycustnvl      0x90000000        0x4
 *(.cycustnvl)
 .cycustnvl     0x90000000        0x4 .\CortexM3\ARM_GCC_541\Debug\cymetadata.o
                0x90000000                cy_meta_custnvl

.cywolatch      0x90100000        0x4
 *(.cywolatch)
 .cywolatch     0x90100000        0x4 .\CortexM3\ARM_GCC_541\Debug\cymetadata.o
                0x90100000                cy_meta_wonvl

.cyeeprom       0x90200000        0x0
 *(.cyeeprom)
                0x00000001                ASSERT ((. <= ((0x90200000 + ee_offset) + ee_size)), .cyeeprom data will not fit in EEPROM)

.cyflashprotect
                0x90400000      0x100
 *(.cyflashprotect)
 .cyflashprotect
                0x90400000      0x100 .\CortexM3\ARM_GCC_541\Debug\cymetadata.o
                0x90400000                cy_meta_flashprotect

.cymeta         0x90500000        0xc
 *(.cymeta)
 .cymeta        0x90500000        0xc .\CortexM3\ARM_GCC_541\Debug\cymetadata.o
                0x90500000                cy_metadata

.rel.dyn        0x00006340        0x0 load address 0x9050000c
 .rel.iplt      0x00006340        0x0 c:/program files (x86)/cypress/psoc creator/4.2/psoc creator/import/gnu/arm/5.4.1/bin/../lib/gcc/arm-none-eabi/5.4.1/armv7-m/crtbegin.o

.stab
 *(.stab)

.stabstr
 *(.stabstr)

.debug
 *(.debug)

.line
 *(.line)

.debug_srcinfo
 *(.debug_srcinfo)

.debug_sfnames
 *(.debug_sfnames)

.debug_aranges  0x00000000     0x12c8
 *(.debug_aranges)
 .debug_aranges
                0x00000000       0x58 .\CortexM3\ARM_GCC_541\Debug\main.o
 .debug_aranges
                0x00000058       0x80 .\CortexM3\ARM_GCC_541\Debug\max31865.o
 .debug_aranges
                0x000000d8       0xc0 .\CortexM3\ARM_GCC_541\Debug\ModbusRtu.o
 .debug_aranges
                0x00000198       0x78 .\CortexM3\ARM_GCC_541\Debug\ds18b20.o
 .debug_aranges
                0x00000210       0x98 .\CortexM3\ARM_GCC_541\Debug\one_wire.o
 .debug_aranges
                0x000002a8       0x78 .\CortexM3\ARM_GCC_541\Debug\cyfitter_cfg.o
 .debug_aranges
                0x00000320       0x18 .\CortexM3\ARM_GCC_541\Debug\cymetadata.o
 .debug_aranges
                0x00000338       0x48 .\CortexM3\ARM_GCC_541\Debug\Cm3Start.o
 .debug_aranges
                0x00000380      0x2a0 .\CortexM3\ARM_GCC_541\Debug\AHU_1.a(CyLib.o)
 .debug_aranges
                0x00000620       0x98 .\CortexM3\ARM_GCC_541\Debug\AHU_1.a(cyPm.o)
 .debug_aranges
                0x000006b8       0xf0 .\CortexM3\ARM_GCC_541\Debug\AHU_1.a(RS485.o)
 .debug_aranges
                0x000007a8       0x70 .\CortexM3\ARM_GCC_541\Debug\AHU_1.a(RS485_IntClock.o)
 .debug_aranges
                0x00000818       0x80 .\CortexM3\ARM_GCC_541\Debug\AHU_1.a(Rx_Int.o)
 .debug_aranges
                0x00000898       0x88 .\CortexM3\ARM_GCC_541\Debug\AHU_1.a(Timer.o)
 .debug_aranges
                0x00000920       0x80 .\CortexM3\ARM_GCC_541\Debug\AHU_1.a(Timer_Int.o)
 .debug_aranges
                0x000009a0       0xd8 .\CortexM3\ARM_GCC_541\Debug\AHU_1.a(SPIM.o)
 .debug_aranges
                0x00000a78       0x70 .\CortexM3\ARM_GCC_541\Debug\AHU_1.a(SPIM_IntClock.o)
 .debug_aranges
                0x00000ae8       0xe8 .\CortexM3\ARM_GCC_541\Debug\AHU_1.a(ADC.o)
 .debug_aranges
                0x00000bd0       0x38 .\CortexM3\ARM_GCC_541\Debug\AHU_1.a(ADC_INT.o)
 .debug_aranges
                0x00000c08       0x30 .\CortexM3\ARM_GCC_541\Debug\AHU_1.a(ADC_AMux.o)
 .debug_aranges
                0x00000c38       0x70 .\CortexM3\ARM_GCC_541\Debug\AHU_1.a(ADC_Ext_CP_Clk.o)
 .debug_aranges
                0x00000ca8       0x80 .\CortexM3\ARM_GCC_541\Debug\AHU_1.a(ADC_theACLK.o)
 .debug_aranges
                0x00000d28       0x30 .\CortexM3\ARM_GCC_541\Debug\AHU_1.a(AMux.o)
 .debug_aranges
                0x00000d58       0x38 .\CortexM3\ARM_GCC_541\Debug\AHU_1.a(MAX31865_CS.o)
 .debug_aranges
                0x00000d90       0x38 .\CortexM3\ARM_GCC_541\Debug\AHU_1.a(LED.o)
 .debug_aranges
                0x00000dc8       0x38 .\CortexM3\ARM_GCC_541\Debug\AHU_1.a(Wire1.o)
 .debug_aranges
                0x00000e00       0x80 .\CortexM3\ARM_GCC_541\Debug\AHU_1.a(Wemos_Rx_Int.o)
 .debug_aranges
                0x00000e80       0x38 .\CortexM3\ARM_GCC_541\Debug\AHU_1.a(DINP.o)
 .debug_aranges
                0x00000eb8       0xf0 .\CortexM3\ARM_GCC_541\Debug\AHU_1.a(Wemos.o)
 .debug_aranges
                0x00000fa8       0x38 .\CortexM3\ARM_GCC_541\Debug\AHU_1.a(RS485_En.o)
 .debug_aranges
                0x00000fe0       0x38 .\CortexM3\ARM_GCC_541\Debug\AHU_1.a(DIP.o)
 .debug_aranges
                0x00001018       0x70 .\CortexM3\ARM_GCC_541\Debug\AHU_1.a(Wemos_IntClock.o)
 .debug_aranges
                0x00001088       0x98 .\CortexM3\ARM_GCC_541\Debug\AHU_1.a(Rx_Timer.o)
 .debug_aranges
                0x00001120       0x80 .\CortexM3\ARM_GCC_541\Debug\AHU_1.a(Rx_Timer_Int.o)
 .debug_aranges
                0x000011a0       0x20 .\CortexM3\ARM_GCC_541\Debug\AHU_1.a(CyBootAsmGnu.o)
 .debug_aranges
                0x000011c0       0x88 .\CortexM3\ARM_GCC_541\Debug\AHU_1.a(CyFlash.o)
 .debug_aranges
                0x00001248       0x80 .\CortexM3\ARM_GCC_541\Debug\AHU_1.a(CySpc.o)

.debug_pubnames
 *(.debug_pubnames)

.debug_info     0x00000000     0xab6d
 *(.debug_info .gnu.linkonce.wi.*)
 .debug_info    0x00000000     0x1115 .\CortexM3\ARM_GCC_541\Debug\main.o
 .debug_info    0x00001115      0x890 .\CortexM3\ARM_GCC_541\Debug\max31865.o
 .debug_info    0x000019a5      0xb79 .\CortexM3\ARM_GCC_541\Debug\ModbusRtu.o
 .debug_info    0x0000251e      0x5c1 .\CortexM3\ARM_GCC_541\Debug\ds18b20.o
 .debug_info    0x00002adf      0x771 .\CortexM3\ARM_GCC_541\Debug\one_wire.o
 .debug_info    0x00003250      0x765 .\CortexM3\ARM_GCC_541\Debug\cyfitter_cfg.o
 .debug_info    0x000039b5      0x139 .\CortexM3\ARM_GCC_541\Debug\cymetadata.o
 .debug_info    0x00003aee      0x3bb .\CortexM3\ARM_GCC_541\Debug\Cm3Start.o
 .debug_info    0x00003ea9     0x1374 .\CortexM3\ARM_GCC_541\Debug\AHU_1.a(CyLib.o)
 .debug_info    0x0000521d      0xa2a .\CortexM3\ARM_GCC_541\Debug\AHU_1.a(cyPm.o)
 .debug_info    0x00005c47      0x60c .\CortexM3\ARM_GCC_541\Debug\AHU_1.a(RS485.o)
 .debug_info    0x00006253      0x283 .\CortexM3\ARM_GCC_541\Debug\AHU_1.a(RS485_IntClock.o)
 .debug_info    0x000064d6      0x2d2 .\CortexM3\ARM_GCC_541\Debug\AHU_1.a(Rx_Int.o)
 .debug_info    0x000067a8      0x295 .\CortexM3\ARM_GCC_541\Debug\AHU_1.a(Timer.o)
 .debug_info    0x00006a3d      0x2d2 .\CortexM3\ARM_GCC_541\Debug\AHU_1.a(Timer_Int.o)
 .debug_info    0x00006d0f      0x4bb .\CortexM3\ARM_GCC_541\Debug\AHU_1.a(SPIM.o)
 .debug_info    0x000071ca      0x283 .\CortexM3\ARM_GCC_541\Debug\AHU_1.a(SPIM_IntClock.o)
 .debug_info    0x0000744d      0xa1c .\CortexM3\ARM_GCC_541\Debug\AHU_1.a(ADC.o)
 .debug_info    0x00007e69       0xd3 .\CortexM3\ARM_GCC_541\Debug\AHU_1.a(ADC_INT.o)
 .debug_info    0x00007f3c      0x165 .\CortexM3\ARM_GCC_541\Debug\AHU_1.a(ADC_AMux.o)
 .debug_info    0x000080a1      0x283 .\CortexM3\ARM_GCC_541\Debug\AHU_1.a(ADC_Ext_CP_Clk.o)
 .debug_info    0x00008324      0x2c4 .\CortexM3\ARM_GCC_541\Debug\AHU_1.a(ADC_theACLK.o)
 .debug_info    0x000085e8      0x165 .\CortexM3\ARM_GCC_541\Debug\AHU_1.a(AMux.o)
 .debug_info    0x0000874d      0x11c .\CortexM3\ARM_GCC_541\Debug\AHU_1.a(MAX31865_CS.o)
 .debug_info    0x00008869      0x11f .\CortexM3\ARM_GCC_541\Debug\AHU_1.a(LED.o)
 .debug_info    0x00008988      0x11f .\CortexM3\ARM_GCC_541\Debug\AHU_1.a(Wire1.o)
 .debug_info    0x00008aa7      0x2d2 .\CortexM3\ARM_GCC_541\Debug\AHU_1.a(Wemos_Rx_Int.o)
 .debug_info    0x00008d79      0x11f .\CortexM3\ARM_GCC_541\Debug\AHU_1.a(DINP.o)
 .debug_info    0x00008e98      0x60c .\CortexM3\ARM_GCC_541\Debug\AHU_1.a(Wemos.o)
 .debug_info    0x000094a4      0x11f .\CortexM3\ARM_GCC_541\Debug\AHU_1.a(RS485_En.o)
 .debug_info    0x000095c3      0x11f .\CortexM3\ARM_GCC_541\Debug\AHU_1.a(DIP.o)
 .debug_info    0x000096e2      0x283 .\CortexM3\ARM_GCC_541\Debug\AHU_1.a(Wemos_IntClock.o)
 .debug_info    0x00009965      0x329 .\CortexM3\ARM_GCC_541\Debug\AHU_1.a(Rx_Timer.o)
 .debug_info    0x00009c8e      0x2d2 .\CortexM3\ARM_GCC_541\Debug\AHU_1.a(Rx_Timer_Int.o)
 .debug_info    0x00009f60       0x70 .\CortexM3\ARM_GCC_541\Debug\AHU_1.a(CyBootAsmGnu.o)
 .debug_info    0x00009fd0      0x64d .\CortexM3\ARM_GCC_541\Debug\AHU_1.a(CyFlash.o)
 .debug_info    0x0000a61d      0x550 .\CortexM3\ARM_GCC_541\Debug\AHU_1.a(CySpc.o)

.debug_abbrev   0x00000000     0x2faa
 *(.debug_abbrev)
 .debug_abbrev  0x00000000      0x201 .\CortexM3\ARM_GCC_541\Debug\main.o
 .debug_abbrev  0x00000201      0x19d .\CortexM3\ARM_GCC_541\Debug\max31865.o
 .debug_abbrev  0x0000039e      0x30c .\CortexM3\ARM_GCC_541\Debug\ModbusRtu.o
 .debug_abbrev  0x000006aa      0x18c .\CortexM3\ARM_GCC_541\Debug\ds18b20.o
 .debug_abbrev  0x00000836      0x265 .\CortexM3\ARM_GCC_541\Debug\one_wire.o
 .debug_abbrev  0x00000a9b      0x22d .\CortexM3\ARM_GCC_541\Debug\cyfitter_cfg.o
 .debug_abbrev  0x00000cc8       0x77 .\CortexM3\ARM_GCC_541\Debug\cymetadata.o
 .debug_abbrev  0x00000d3f      0x1e8 .\CortexM3\ARM_GCC_541\Debug\Cm3Start.o
 .debug_abbrev  0x00000f27      0x254 .\CortexM3\ARM_GCC_541\Debug\AHU_1.a(CyLib.o)
 .debug_abbrev  0x0000117b      0x1ab .\CortexM3\ARM_GCC_541\Debug\AHU_1.a(cyPm.o)
 .debug_abbrev  0x00001326      0x175 .\CortexM3\ARM_GCC_541\Debug\AHU_1.a(RS485.o)
 .debug_abbrev  0x0000149b      0x139 .\CortexM3\ARM_GCC_541\Debug\AHU_1.a(RS485_IntClock.o)
 .debug_abbrev  0x000015d4      0x173 .\CortexM3\ARM_GCC_541\Debug\AHU_1.a(Rx_Int.o)
 .debug_abbrev  0x00001747      0x11a .\CortexM3\ARM_GCC_541\Debug\AHU_1.a(Timer.o)
 .debug_abbrev  0x00001861      0x173 .\CortexM3\ARM_GCC_541\Debug\AHU_1.a(Timer_Int.o)
 .debug_abbrev  0x000019d4      0x146 .\CortexM3\ARM_GCC_541\Debug\AHU_1.a(SPIM.o)
 .debug_abbrev  0x00001b1a      0x139 .\CortexM3\ARM_GCC_541\Debug\AHU_1.a(SPIM_IntClock.o)
 .debug_abbrev  0x00001c53      0x1cd .\CortexM3\ARM_GCC_541\Debug\AHU_1.a(ADC.o)
 .debug_abbrev  0x00001e20       0x42 .\CortexM3\ARM_GCC_541\Debug\AHU_1.a(ADC_INT.o)
 .debug_abbrev  0x00001e62       0xb1 .\CortexM3\ARM_GCC_541\Debug\AHU_1.a(ADC_AMux.o)
 .debug_abbrev  0x00001f13      0x139 .\CortexM3\ARM_GCC_541\Debug\AHU_1.a(ADC_Ext_CP_Clk.o)
 .debug_abbrev  0x0000204c      0x121 .\CortexM3\ARM_GCC_541\Debug\AHU_1.a(ADC_theACLK.o)
 .debug_abbrev  0x0000216d       0xb1 .\CortexM3\ARM_GCC_541\Debug\AHU_1.a(AMux.o)
 .debug_abbrev  0x0000221e       0x9f .\CortexM3\ARM_GCC_541\Debug\AHU_1.a(MAX31865_CS.o)
 .debug_abbrev  0x000022bd       0x90 .\CortexM3\ARM_GCC_541\Debug\AHU_1.a(LED.o)
 .debug_abbrev  0x0000234d       0x90 .\CortexM3\ARM_GCC_541\Debug\AHU_1.a(Wire1.o)
 .debug_abbrev  0x000023dd      0x173 .\CortexM3\ARM_GCC_541\Debug\AHU_1.a(Wemos_Rx_Int.o)
 .debug_abbrev  0x00002550       0x90 .\CortexM3\ARM_GCC_541\Debug\AHU_1.a(DINP.o)
 .debug_abbrev  0x000025e0      0x175 .\CortexM3\ARM_GCC_541\Debug\AHU_1.a(Wemos.o)
 .debug_abbrev  0x00002755       0x90 .\CortexM3\ARM_GCC_541\Debug\AHU_1.a(RS485_En.o)
 .debug_abbrev  0x000027e5       0x90 .\CortexM3\ARM_GCC_541\Debug\AHU_1.a(DIP.o)
 .debug_abbrev  0x00002875      0x139 .\CortexM3\ARM_GCC_541\Debug\AHU_1.a(Wemos_IntClock.o)
 .debug_abbrev  0x000029ae      0x13a .\CortexM3\ARM_GCC_541\Debug\AHU_1.a(Rx_Timer.o)
 .debug_abbrev  0x00002ae8      0x173 .\CortexM3\ARM_GCC_541\Debug\AHU_1.a(Rx_Timer_Int.o)
 .debug_abbrev  0x00002c5b       0x14 .\CortexM3\ARM_GCC_541\Debug\AHU_1.a(CyBootAsmGnu.o)
 .debug_abbrev  0x00002c6f      0x1a7 .\CortexM3\ARM_GCC_541\Debug\AHU_1.a(CyFlash.o)
 .debug_abbrev  0x00002e16      0x194 .\CortexM3\ARM_GCC_541\Debug\AHU_1.a(CySpc.o)

.debug_line     0x00000000     0x49ee
 *(.debug_line)
 .debug_line    0x00000000      0x540 .\CortexM3\ARM_GCC_541\Debug\main.o
 .debug_line    0x00000540      0x362 .\CortexM3\ARM_GCC_541\Debug\max31865.o
 .debug_line    0x000008a2      0x4e4 .\CortexM3\ARM_GCC_541\Debug\ModbusRtu.o
 .debug_line    0x00000d86      0x32f .\CortexM3\ARM_GCC_541\Debug\ds18b20.o
 .debug_line    0x000010b5      0x35b .\CortexM3\ARM_GCC_541\Debug\one_wire.o
 .debug_line    0x00001410      0x251 .\CortexM3\ARM_GCC_541\Debug\cyfitter_cfg.o
 .debug_line    0x00001661      0x141 .\CortexM3\ARM_GCC_541\Debug\cymetadata.o
 .debug_line    0x000017a2      0x234 .\CortexM3\ARM_GCC_541\Debug\Cm3Start.o
 .debug_line    0x000019d6      0x816 .\CortexM3\ARM_GCC_541\Debug\AHU_1.a(CyLib.o)
 .debug_line    0x000021ec      0x367 .\CortexM3\ARM_GCC_541\Debug\AHU_1.a(cyPm.o)
 .debug_line    0x00002553      0x2be .\CortexM3\ARM_GCC_541\Debug\AHU_1.a(RS485.o)
 .debug_line    0x00002811      0x17d .\CortexM3\ARM_GCC_541\Debug\AHU_1.a(RS485_IntClock.o)
 .debug_line    0x0000298e      0x133 .\CortexM3\ARM_GCC_541\Debug\AHU_1.a(Rx_Int.o)
 .debug_line    0x00002ac1      0x153 .\CortexM3\ARM_GCC_541\Debug\AHU_1.a(Timer.o)
 .debug_line    0x00002c14      0x136 .\CortexM3\ARM_GCC_541\Debug\AHU_1.a(Timer_Int.o)
 .debug_line    0x00002d4a      0x243 .\CortexM3\ARM_GCC_541\Debug\AHU_1.a(SPIM.o)
 .debug_line    0x00002f8d      0x17c .\CortexM3\ARM_GCC_541\Debug\AHU_1.a(SPIM_IntClock.o)
 .debug_line    0x00003109      0x363 .\CortexM3\ARM_GCC_541\Debug\AHU_1.a(ADC.o)
 .debug_line    0x0000346c       0x80 .\CortexM3\ARM_GCC_541\Debug\AHU_1.a(ADC_INT.o)
 .debug_line    0x000034ec       0xac .\CortexM3\ARM_GCC_541\Debug\AHU_1.a(ADC_AMux.o)
 .debug_line    0x00003598      0x17d .\CortexM3\ARM_GCC_541\Debug\AHU_1.a(ADC_Ext_CP_Clk.o)
 .debug_line    0x00003715      0x19d .\CortexM3\ARM_GCC_541\Debug\AHU_1.a(ADC_theACLK.o)
 .debug_line    0x000038b2       0xa8 .\CortexM3\ARM_GCC_541\Debug\AHU_1.a(AMux.o)
 .debug_line    0x0000395a       0x9f .\CortexM3\ARM_GCC_541\Debug\AHU_1.a(MAX31865_CS.o)
 .debug_line    0x000039f9       0x90 .\CortexM3\ARM_GCC_541\Debug\AHU_1.a(LED.o)
 .debug_line    0x00003a89       0x92 .\CortexM3\ARM_GCC_541\Debug\AHU_1.a(Wire1.o)
 .debug_line    0x00003b1b      0x139 .\CortexM3\ARM_GCC_541\Debug\AHU_1.a(Wemos_Rx_Int.o)
 .debug_line    0x00003c54       0x94 .\CortexM3\ARM_GCC_541\Debug\AHU_1.a(DINP.o)
 .debug_line    0x00003ce8      0x2be .\CortexM3\ARM_GCC_541\Debug\AHU_1.a(Wemos.o)
 .debug_line    0x00003fa6       0x95 .\CortexM3\ARM_GCC_541\Debug\AHU_1.a(RS485_En.o)
 .debug_line    0x0000403b       0x93 .\CortexM3\ARM_GCC_541\Debug\AHU_1.a(DIP.o)
 .debug_line    0x000040ce      0x17d .\CortexM3\ARM_GCC_541\Debug\AHU_1.a(Wemos_IntClock.o)
 .debug_line    0x0000424b      0x18a .\CortexM3\ARM_GCC_541\Debug\AHU_1.a(Rx_Timer.o)
 .debug_line    0x000043d5      0x139 .\CortexM3\ARM_GCC_541\Debug\AHU_1.a(Rx_Timer_Int.o)
 .debug_line    0x0000450e       0x66 .\CortexM3\ARM_GCC_541\Debug\AHU_1.a(CyBootAsmGnu.o)
 .debug_line    0x00004574      0x21a .\CortexM3\ARM_GCC_541\Debug\AHU_1.a(CyFlash.o)
 .debug_line    0x0000478e      0x260 .\CortexM3\ARM_GCC_541\Debug\AHU_1.a(CySpc.o)

.debug_frame    0x00000000     0x364c
 *(.debug_frame)
 .debug_frame   0x00000000      0x11c .\CortexM3\ARM_GCC_541\Debug\main.o
 .debug_frame   0x0000011c      0x1c8 .\CortexM3\ARM_GCC_541\Debug\max31865.o
 .debug_frame   0x000002e4      0x24c .\CortexM3\ARM_GCC_541\Debug\ModbusRtu.o
 .debug_frame   0x00000530      0x168 .\CortexM3\ARM_GCC_541\Debug\ds18b20.o
 .debug_frame   0x00000698      0x1d0 .\CortexM3\ARM_GCC_541\Debug\one_wire.o
 .debug_frame   0x00000868      0x13c .\CortexM3\ARM_GCC_541\Debug\cyfitter_cfg.o
 .debug_frame   0x000009a4       0xb8 .\CortexM3\ARM_GCC_541\Debug\Cm3Start.o
 .debug_frame   0x00000a5c      0x738 .\CortexM3\ARM_GCC_541\Debug\AHU_1.a(CyLib.o)
 .debug_frame   0x00001194      0x1f8 .\CortexM3\ARM_GCC_541\Debug\AHU_1.a(cyPm.o)
 .debug_frame   0x0000138c      0x250 .\CortexM3\ARM_GCC_541\Debug\AHU_1.a(RS485.o)
 .debug_frame   0x000015dc       0xe0 .\CortexM3\ARM_GCC_541\Debug\AHU_1.a(RS485_IntClock.o)
 .debug_frame   0x000016bc      0x104 .\CortexM3\ARM_GCC_541\Debug\AHU_1.a(Rx_Int.o)
 .debug_frame   0x000017c0      0x108 .\CortexM3\ARM_GCC_541\Debug\AHU_1.a(Timer.o)
 .debug_frame   0x000018c8      0x104 .\CortexM3\ARM_GCC_541\Debug\AHU_1.a(Timer_Int.o)
 .debug_frame   0x000019cc      0x1e8 .\CortexM3\ARM_GCC_541\Debug\AHU_1.a(SPIM.o)
 .debug_frame   0x00001bb4       0xe0 .\CortexM3\ARM_GCC_541\Debug\AHU_1.a(SPIM_IntClock.o)
 .debug_frame   0x00001c94      0x284 .\CortexM3\ARM_GCC_541\Debug\AHU_1.a(ADC.o)
 .debug_frame   0x00001f18       0x50 .\CortexM3\ARM_GCC_541\Debug\AHU_1.a(ADC_INT.o)
 .debug_frame   0x00001f68       0x64 .\CortexM3\ARM_GCC_541\Debug\AHU_1.a(ADC_AMux.o)
 .debug_frame   0x00001fcc       0xe0 .\CortexM3\ARM_GCC_541\Debug\AHU_1.a(ADC_Ext_CP_Clk.o)
 .debug_frame   0x000020ac      0x100 .\CortexM3\ARM_GCC_541\Debug\AHU_1.a(ADC_theACLK.o)
 .debug_frame   0x000021ac       0x64 .\CortexM3\ARM_GCC_541\Debug\AHU_1.a(AMux.o)
 .debug_frame   0x00002210       0x50 .\CortexM3\ARM_GCC_541\Debug\AHU_1.a(MAX31865_CS.o)
 .debug_frame   0x00002260       0x50 .\CortexM3\ARM_GCC_541\Debug\AHU_1.a(LED.o)
 .debug_frame   0x000022b0       0x50 .\CortexM3\ARM_GCC_541\Debug\AHU_1.a(Wire1.o)
 .debug_frame   0x00002300      0x104 .\CortexM3\ARM_GCC_541\Debug\AHU_1.a(Wemos_Rx_Int.o)
 .debug_frame   0x00002404       0x50 .\CortexM3\ARM_GCC_541\Debug\AHU_1.a(DINP.o)
 .debug_frame   0x00002454      0x250 .\CortexM3\ARM_GCC_541\Debug\AHU_1.a(Wemos.o)
 .debug_frame   0x000026a4       0x50 .\CortexM3\ARM_GCC_541\Debug\AHU_1.a(RS485_En.o)
 .debug_frame   0x000026f4       0x50 .\CortexM3\ARM_GCC_541\Debug\AHU_1.a(DIP.o)
 .debug_frame   0x00002744       0xe0 .\CortexM3\ARM_GCC_541\Debug\AHU_1.a(Wemos_IntClock.o)
 .debug_frame   0x00002824      0x134 .\CortexM3\ARM_GCC_541\Debug\AHU_1.a(Rx_Timer.o)
 .debug_frame   0x00002958      0x104 .\CortexM3\ARM_GCC_541\Debug\AHU_1.a(Rx_Timer_Int.o)
 .debug_frame   0x00002a5c      0x194 .\CortexM3\ARM_GCC_541\Debug\AHU_1.a(CyFlash.o)
 .debug_frame   0x00002bf0      0x180 .\CortexM3\ARM_GCC_541\Debug\AHU_1.a(CySpc.o)
 .debug_frame   0x00002d70       0x30 c:/program files (x86)/cypress/psoc creator/4.2/psoc creator/import/gnu/arm/5.4.1/bin/../lib/gcc/arm-none-eabi/5.4.1/../../../../arm-none-eabi/lib/armv7-m\libm.a(lib_a-s_round.o)
 .debug_frame   0x00002da0       0x3c c:/program files (x86)/cypress/psoc creator/4.2/psoc creator/import/gnu/arm/5.4.1/bin/../lib/gcc/arm-none-eabi/5.4.1/../../../../arm-none-eabi/lib/armv7-m\libm.a(lib_a-wf_sqrt.o)
 .debug_frame   0x00002ddc       0x2c c:/program files (x86)/cypress/psoc creator/4.2/psoc creator/import/gnu/arm/5.4.1/bin/../lib/gcc/arm-none-eabi/5.4.1/../../../../arm-none-eabi/lib/armv7-m\libm.a(lib_a-ef_sqrt.o)
 .debug_frame   0x00002e08       0x20 c:/program files (x86)/cypress/psoc creator/4.2/psoc creator/import/gnu/arm/5.4.1/bin/../lib/gcc/arm-none-eabi/5.4.1/../../../../arm-none-eabi/lib/armv7-m\libm.a(lib_a-s_matherr.o)
 .debug_frame   0x00002e28       0x20 c:/program files (x86)/cypress/psoc creator/4.2/psoc creator/import/gnu/arm/5.4.1/bin/../lib/gcc/arm-none-eabi/5.4.1/../../../../arm-none-eabi/lib/armv7-m\libg_nano.a(lib_a-errno.o)
 .debug_frame   0x00002e48       0x28 c:/program files (x86)/cypress/psoc creator/4.2/psoc creator/import/gnu/arm/5.4.1/bin/../lib/gcc/arm-none-eabi/5.4.1/../../../../arm-none-eabi/lib/armv7-m\libg_nano.a(lib_a-exit.o)
 .debug_frame   0x00002e70       0x2c c:/program files (x86)/cypress/psoc creator/4.2/psoc creator/import/gnu/arm/5.4.1/bin/../lib/gcc/arm-none-eabi/5.4.1/../../../../arm-none-eabi/lib/armv7-m\libg_nano.a(lib_a-init.o)
 .debug_frame   0x00002e9c       0x30 c:/program files (x86)/cypress/psoc creator/4.2/psoc creator/import/gnu/arm/5.4.1/bin/../lib/gcc/arm-none-eabi/5.4.1/../../../../arm-none-eabi/lib/armv7-m\libg_nano.a(lib_a-malloc.o)
 .debug_frame   0x00002ecc       0x28 c:/program files (x86)/cypress/psoc creator/4.2/psoc creator/import/gnu/arm/5.4.1/bin/../lib/gcc/arm-none-eabi/5.4.1/../../../../arm-none-eabi/lib/armv7-m\libg_nano.a(lib_a-memcpy-stub.o)
 .debug_frame   0x00002ef4       0x20 c:/program files (x86)/cypress/psoc creator/4.2/psoc creator/import/gnu/arm/5.4.1/bin/../lib/gcc/arm-none-eabi/5.4.1/../../../../arm-none-eabi/lib/armv7-m\libg_nano.a(lib_a-memset.o)
 .debug_frame   0x00002f14       0x38 c:/program files (x86)/cypress/psoc creator/4.2/psoc creator/import/gnu/arm/5.4.1/bin/../lib/gcc/arm-none-eabi/5.4.1/../../../../arm-none-eabi/lib/armv7-m\libg_nano.a(lib_a-nano-freer.o)
 .debug_frame   0x00002f4c       0x2c c:/program files (x86)/cypress/psoc creator/4.2/psoc creator/import/gnu/arm/5.4.1/bin/../lib/gcc/arm-none-eabi/5.4.1/../../../../arm-none-eabi/lib/armv7-m\libg_nano.a(lib_a-nano-mallocr.o)
 .debug_frame   0x00002f78       0x8c c:/program files (x86)/cypress/psoc creator/4.2/psoc creator/import/gnu/arm/5.4.1/bin/../lib/gcc/arm-none-eabi/5.4.1/../../../../arm-none-eabi/lib/armv7-m\libg_nano.a(lib_a-nano-vfprintf_float.o)
 .debug_frame   0x00003004       0x60 c:/program files (x86)/cypress/psoc creator/4.2/psoc creator/import/gnu/arm/5.4.1/bin/../lib/gcc/arm-none-eabi/5.4.1/../../../../arm-none-eabi/lib/armv7-m\libg_nano.a(lib_a-nano-vfprintf_i.o)
 .debug_frame   0x00003064       0x2c c:/program files (x86)/cypress/psoc creator/4.2/psoc creator/import/gnu/arm/5.4.1/bin/../lib/gcc/arm-none-eabi/5.4.1/../../../../arm-none-eabi/lib/armv7-m\libg_nano.a(lib_a-sbrkr.o)
 .debug_frame   0x00003090       0x70 c:/program files (x86)/cypress/psoc creator/4.2/psoc creator/import/gnu/arm/5.4.1/bin/../lib/gcc/arm-none-eabi/5.4.1/../../../../arm-none-eabi/lib/armv7-m\libg_nano.a(lib_a-sprintf.o)
 .debug_frame   0x00003100       0x6c c:/program files (x86)/cypress/psoc creator/4.2/psoc creator/import/gnu/arm/5.4.1/bin/../lib/gcc/arm-none-eabi/5.4.1/../../../../arm-none-eabi/lib/armv7-m\libg_nano.a(lib_a-dtoa.o)
 .debug_frame   0x0000316c       0x98 c:/program files (x86)/cypress/psoc creator/4.2/psoc creator/import/gnu/arm/5.4.1/bin/../lib/gcc/arm-none-eabi/5.4.1/../../../../arm-none-eabi/lib/armv7-m\libg_nano.a(lib_a-locale.o)
 .debug_frame   0x00003204       0x28 c:/program files (x86)/cypress/psoc creator/4.2/psoc creator/import/gnu/arm/5.4.1/bin/../lib/gcc/arm-none-eabi/5.4.1/../../../../arm-none-eabi/lib/armv7-m\libg_nano.a(lib_a-memchr-stub.o)
 .debug_frame   0x0000322c       0x30 c:/program files (x86)/cypress/psoc creator/4.2/psoc creator/import/gnu/arm/5.4.1/bin/../lib/gcc/arm-none-eabi/5.4.1/../../../../arm-none-eabi/lib/armv7-m\libg_nano.a(lib_a-mlock.o)
 .debug_frame   0x0000325c      0x234 c:/program files (x86)/cypress/psoc creator/4.2/psoc creator/import/gnu/arm/5.4.1/bin/../lib/gcc/arm-none-eabi/5.4.1/../../../../arm-none-eabi/lib/armv7-m\libg_nano.a(lib_a-mprec.o)
 .debug_frame   0x00003490       0x2c c:/program files (x86)/cypress/psoc creator/4.2/psoc creator/import/gnu/arm/5.4.1/bin/../lib/gcc/arm-none-eabi/5.4.1/../../../../arm-none-eabi/lib/armv7-m\libg_nano.a(lib_a-nano-callocr.o)
 .debug_frame   0x000034bc       0x90 c:/program files (x86)/cypress/psoc creator/4.2/psoc creator/import/gnu/arm/5.4.1/bin/../lib/gcc/arm-none-eabi/5.4.1/../../../../arm-none-eabi/lib/armv7-m\libg_nano.a(lib_a-nano-svfprintf.o)