Archive member included to satisfy reference by file (symbol)

.\CortexM3\ARM_GCC_541\Debug\AHU_1.a(CyLib.o)
                              .\CortexM3\ARM_GCC_541\Debug\Cm3Start.o (CyHalt)
.\CortexM3\ARM_GCC_541\Debug\AHU_1.a(cyPm.o)
                              .\CortexM3\ARM_GCC_541\Debug\AHU_1.a(CyLib.o) (CyPmReadStatus)
.\CortexM3\ARM_GCC_541\Debug\AHU_1.a(RS485.o)
                              .\CortexM3\ARM_GCC_541\Debug\main.o (RS485_Start)
.\CortexM3\ARM_GCC_541\Debug\AHU_1.a(RS485_IntClock.o)
                              .\CortexM3\ARM_GCC_541\Debug\AHU_1.a(RS485.o) (RS485_IntClock_Start)
.\CortexM3\ARM_GCC_541\Debug\AHU_1.a(Timer.o)
                              .\CortexM3\ARM_GCC_541\Debug\main.o (Timer_Start)
.\CortexM3\ARM_GCC_541\Debug\AHU_1.a(Timer_Int.o)
                              .\CortexM3\ARM_GCC_541\Debug\main.o (Timer_Int_SetVector)
.\CortexM3\ARM_GCC_541\Debug\AHU_1.a(SPIM.o)
                              .\CortexM3\ARM_GCC_541\Debug\max31865.o (SPIM_ReadTxStatus)
.\CortexM3\ARM_GCC_541\Debug\AHU_1.a(SPIM_IntClock.o)
                              .\CortexM3\ARM_GCC_541\Debug\AHU_1.a(SPIM.o) (SPIM_IntClock_Start)
.\CortexM3\ARM_GCC_541\Debug\AHU_1.a(ADC.o)
                              .\CortexM3\ARM_GCC_541\Debug\main.o (ADC_Start)
.\CortexM3\ARM_GCC_541\Debug\AHU_1.a(ADC_INT.o)
                              .\CortexM3\ARM_GCC_541\Debug\AHU_1.a(ADC.o) (ADC_ISR1)
.\CortexM3\ARM_GCC_541\Debug\AHU_1.a(ADC_AMux.o)
                              .\CortexM3\ARM_GCC_541\Debug\AHU_1.a(ADC.o) (ADC_AMux_Select)
.\CortexM3\ARM_GCC_541\Debug\AHU_1.a(ADC_Ext_CP_Clk.o)
                              .\CortexM3\ARM_GCC_541\Debug\AHU_1.a(ADC.o) (ADC_Ext_CP_Clk_SetModeRegister)
.\CortexM3\ARM_GCC_541\Debug\AHU_1.a(ADC_theACLK.o)
                              .\CortexM3\ARM_GCC_541\Debug\AHU_1.a(ADC.o) (ADC_theACLK_SetModeRegister)
.\CortexM3\ARM_GCC_541\Debug\AHU_1.a(AMux.o)
                              .\CortexM3\ARM_GCC_541\Debug\main.o (AMux_Start)
.\CortexM3\ARM_GCC_541\Debug\AHU_1.a(MAX31865_CS.o)
                              .\CortexM3\ARM_GCC_541\Debug\main.o (MAX31865_CS_Write)
.\CortexM3\ARM_GCC_541\Debug\AHU_1.a(LED.o)
                              .\CortexM3\ARM_GCC_541\Debug\main.o (LED_Write)
.\CortexM3\ARM_GCC_541\Debug\AHU_1.a(Wire1.o)
                              .\CortexM3\ARM_GCC_541\Debug\one_wire.o (Wire1_Write)
.\CortexM3\ARM_GCC_541\Debug\AHU_1.a(Wemos_Rx_Int.o)
                              .\CortexM3\ARM_GCC_541\Debug\main.o (Wemos_Rx_Int_SetVector)
.\CortexM3\ARM_GCC_541\Debug\AHU_1.a(DINP.o)
                              .\CortexM3\ARM_GCC_541\Debug\main.o (DINP_Read)
.\CortexM3\ARM_GCC_541\Debug\AHU_1.a(Wemos.o)
                              .\CortexM3\ARM_GCC_541\Debug\main.o (Wemos_Start)
.\CortexM3\ARM_GCC_541\Debug\AHU_1.a(RS485_En.o)
                              .\CortexM3\ARM_GCC_541\Debug\ModbusRtu.o (RS485_En_Write)
.\CortexM3\ARM_GCC_541\Debug\AHU_1.a(DIP.o)
                              .\CortexM3\ARM_GCC_541\Debug\main.o (DIP_Read)
.\CortexM3\ARM_GCC_541\Debug\AHU_1.a(Wemos_IntClock.o)
                              .\CortexM3\ARM_GCC_541\Debug\AHU_1.a(Wemos.o) (Wemos_IntClock_Start)
.\CortexM3\ARM_GCC_541\Debug\AHU_1.a(CyBootAsmGnu.o)
                              .\CortexM3\ARM_GCC_541\Debug\cyfitter_cfg.o (CyDelayCycles)
.\CortexM3\ARM_GCC_541\Debug\AHU_1.a(CyFlash.o)
                              .\CortexM3\ARM_GCC_541\Debug\AHU_1.a(cyPm.o) (CyFlash_SetWaitCycles)
.\CortexM3\ARM_GCC_541\Debug\AHU_1.a(CySpc.o)
                              .\CortexM3\ARM_GCC_541\Debug\AHU_1.a(CyFlash.o) (CySpcStart)
c:/program files (x86)/cypress/psoc creator/4.2/psoc creator/import/gnu/arm/5.4.1/bin/../lib/gcc/arm-none-eabi/5.4.1/../../../../arm-none-eabi/lib/armv7-m\libm.a(lib_a-s_round.o)
                              .\CortexM3\ARM_GCC_541\Debug\main.o (round)
c:/program files (x86)/cypress/psoc creator/4.2/psoc creator/import/gnu/arm/5.4.1/bin/../lib/gcc/arm-none-eabi/5.4.1/../../../../arm-none-eabi/lib/armv7-m\libm.a(lib_a-wf_sqrt.o)
                              .\CortexM3\ARM_GCC_541\Debug\max31865.o (sqrtf)
c:/program files (x86)/cypress/psoc creator/4.2/psoc creator/import/gnu/arm/5.4.1/bin/../lib/gcc/arm-none-eabi/5.4.1/../../../../arm-none-eabi/lib/armv7-m\libm.a(lib_a-ef_sqrt.o)
                              c:/program files (x86)/cypress/psoc creator/4.2/psoc creator/import/gnu/arm/5.4.1/bin/../lib/gcc/arm-none-eabi/5.4.1/../../../../arm-none-eabi/lib/armv7-m\libm.a(lib_a-wf_sqrt.o) (__ieee754_sqrtf)
c:/program files (x86)/cypress/psoc creator/4.2/psoc creator/import/gnu/arm/5.4.1/bin/../lib/gcc/arm-none-eabi/5.4.1/../../../../arm-none-eabi/lib/armv7-m\libm.a(lib_a-s_lib_ver.o)
[...]
Memory Configuration

Name             Origin             Length             Attributes
rom              0x00000000         0x00040000         xr
ram              0x1fff8000         0x00010000         xrw
*default*        0x00000000         0xffffffff

Linker script and memory map

LOAD c:/program files (x86)/cypress/psoc creator/4.2/psoc creator/import/gnu/arm/5.4.1/bin/../lib/gcc/arm-none-eabi/5.4.1/armv7-m/crti.o
LOAD c:/program files (x86)/cypress/psoc creator/4.2/psoc creator/import/gnu/arm/5.4.1/bin/../lib/gcc/arm-none-eabi/5.4.1/armv7-m/crtbegin.o
LOAD c:/program files (x86)/cypress/psoc creator/4.2/psoc creator/import/gnu/arm/5.4.1/bin/../lib/gcc/arm-none-eabi/5.4.1/../../../../arm-none-eabi/lib/armv7-m/crt0.o
START GROUP
LOAD .\CortexM3\ARM_GCC_541\Debug\main.o
LOAD .\CortexM3\ARM_GCC_541\Debug\max31865.o
LOAD .\CortexM3\ARM_GCC_541\Debug\ModbusRtu.o
LOAD .\CortexM3\ARM_GCC_541\Debug\ds18b20.o
LOAD .\CortexM3\ARM_GCC_541\Debug\one_wire.o
LOAD .\CortexM3\ARM_GCC_541\Debug\cyfitter_cfg.o
LOAD .\CortexM3\ARM_GCC_541\Debug\cymetadata.o
LOAD .\CortexM3\ARM_GCC_541\Debug\Cm3Start.o
LOAD .\CortexM3\ARM_GCC_541\Debug\AHU_1.a
LOAD C:\Program Files (x86)\Cypress\PSoC Creator\4.2\PSoC Creator\psoc\content\cycomponentlibrary\CyComponentLibrary.cylib\CortexM3\ARM_GCC_541\Debug\CyComponentLibrary.a
LOAD c:/program files (x86)/cypress/psoc creator/4.2/psoc creator/import/gnu/arm/5.4.1/bin/../lib/gcc/arm-none-eabi/5.4.1/../../../../arm-none-eabi/lib/armv7-m\libm.a
END GROUP
START GROUP
LOAD c:/program files (x86)/cypress/psoc creator/4.2/psoc creator/import/gnu/arm/5.4.1/bin/../lib/gcc/arm-none-eabi/5.4.1/armv7-m\libgcc.a
LOAD c:/program files (x86)/cypress/psoc creator/4.2/psoc creator/import/gnu/arm/5.4.1/bin/../lib/gcc/arm-none-eabi/5.4.1/../../../../arm-none-eabi/lib/armv7-m\libg_nano.a
LOAD c:/program files (x86)/cypress/psoc creator/4.2/psoc creator/import/gnu/arm/5.4.1/bin/../lib/gcc/arm-none-eabi/5.4.1/../../../../arm-none-eabi/lib/armv7-m\libc_nano.a
END GROUP
START GROUP
LOAD c:/program files (x86)/cypress/psoc creator/4.2/psoc creator/import/gnu/arm/5.4.1/bin/../lib/gcc/arm-none-eabi/5.4.1/armv7-m\libgcc.a
LOAD c:/program files (x86)/cypress/psoc creator/4.2/psoc creator/import/gnu/arm/5.4.1/bin/../lib/gcc/arm-none-eabi/5.4.1/../../../../arm-none-eabi/lib/armv7-m\libc_nano.a
END GROUP
LOAD c:/program files (x86)/cypress/psoc creator/4.2/psoc creator/import/gnu/arm/5.4.1/bin/../lib/gcc/arm-none-eabi/5.4.1/armv7-m/crtend.o
LOAD c:/program files (x86)/cypress/psoc creator/4.2/psoc creator/import/gnu/arm/5.4.1/bin/../lib/gcc/arm-none-eabi/5.4.1/armv7-m/crtn.o
START GROUP
LOAD c:/program files (x86)/cypress/psoc creator/4.2/psoc creator/import/gnu/arm/5.4.1/bin/../lib/gcc/arm-none-eabi/5.4.1/armv7-m\libgcc.a
LOAD c:/program files (x86)/cypress/psoc creator/4.2/psoc creator/import/gnu/arm/5.4.1/bin/../lib/gcc/arm-none-eabi/5.4.1/../../../../arm-none-eabi/lib/armv7-m\libc.a
LOAD c:/program files (x86)/cypress/psoc creator/4.2/psoc creator/import/gnu/arm/5.4.1/bin/../lib/gcc/arm-none-eabi/5.4.1/../../../../arm-none-eabi/lib/armv7-m\libnosys.a
END GROUP
                0x00000000                CY_APPL_ORIGIN = 0x0
                0x00000100                CY_FLASH_ROW_SIZE = 0x100
                0x00000020                CY_ECC_ROW_SIZE = 0x20
                0x00000000                CY_EE_IN_BTLDR = 0x0
                0x00000000                CY_APPL_LOADABLE = 0x0
                0x00000800                CY_EE_SIZE = 0x800
                0x00000001                CY_APPL_NUM = 0x1
                0x00000001                CY_APPL_MAX = 0x1
                0x00000040                CY_METADATA_SIZE = 0x40
                0x00000000                CY_APPL_LOADABLE = 0x0
                0x00000000                CY_CHECKSUM_EXCLUDE_SIZE = ALIGN (0x0, CY_FLASH_ROW_SIZE)
                [!provide]                PROVIDE (__cy_heap_start, _end)
                0x00000001                PROVIDE (__cy_region_num, ((__cy_regions_end - __cy_regions) / 0x10))
                0x20008000                PROVIDE (__cy_stack, (ORIGIN (ram) + LENGTH (ram)))
                [!provide]                PROVIDE (__cy_heap_end, (__cy_stack - 0x6000))

.cybootloader   0x00000000        0x0
 *(.cybootloader)
                0x00000000                appl1_start = CY_APPL_ORIGIN?CY_APPL_ORIGIN:ALIGN (CY_FLASH_ROW_SIZE)
                0x0001ff00                appl2_start = (appl1_start + ALIGN ((((LENGTH (rom) - appl1_start) - (0x2 * CY_FLASH_ROW_SIZE)) / 0x2), CY_FLASH_ROW_SIZE))
                0x00000000                appl_start = (CY_APPL_NUM == 0x1)?appl1_start:appl2_start
                0x00000000                ecc_offset = ((appl_start / CY_FLASH_ROW_SIZE) * CY_ECC_ROW_SIZE)
                0x00000000                ee_offset = (CY_APPL_LOADABLE && ! (CY_EE_IN_BTLDR))?((CY_EE_SIZE / CY_APPL_MAX) * (CY_APPL_NUM - 0x1)):0x0
                0x00000800                ee_size = (CY_APPL_LOADABLE && ! (CY_EE_IN_BTLDR))?(CY_EE_SIZE / CY_APPL_MAX):CY_EE_SIZE
                [!provide]                PROVIDE (CY_ECC_OFFSET, ecc_offset)

.text           0x00000000     0x5b80
 CREATE_OBJECT_SYMBOLS
                0x00000000                PROVIDE (__cy_interrupt_vector, RomVectors)
 *(.romvectors)
 .romvectors    0x00000000       0x10 .\CortexM3\ARM_GCC_541\Debug\Cm3Start.o
                0x00000000                RomVectors
                0x00000001                ASSERT ((. != __cy_interrupt_vector), No interrupt vector)
                0x00000001                ASSERT (CY_APPL_ORIGIN?(SIZEOF (.cybootloader) <= CY_APPL_ORIGIN):0x1, Wrong image location)
                0x00000010                PROVIDE (__cy_reset, Reset)
 *(.text.Reset)
 .text.Reset    0x00000010       0x18 .\CortexM3\ARM_GCC_541\Debug\Cm3Start.o
                0x00000010                Reset
                0x00000001                ASSERT ((. != __cy_reset), No reset code)
 *(.dma_init)
                0x00000001                ASSERT ((((appl_start + .) <= 0x10000) || 0x1), DMA Init must be within the first 64k of flash)
 *(.text .text.* .gnu.linkonce.t.*)
 .text          0x00000028       0x5c c:/program files (x86)/cypress/psoc creator/4.2/psoc creator/import/gnu/arm/5.4.1/bin/../lib/gcc/arm-none-eabi/5.4.1/armv7-m/crtbegin.o
 .text.Timer_ISR
                0x00000084       0x14 .\CortexM3\ARM_GCC_541\Debug\main.o
                0x00000084                Timer_ISR
 .text.Wemos_Rx_ISR
                0x00000098       0x60 .\CortexM3\ARM_GCC_541\Debug\main.o
                0x00000098                Wemos_Rx_ISR
 .text.checkDiff
                0x000000f8       0x38 .\CortexM3\ARM_GCC_541\Debug\main.o
                0x000000f8                checkDiff
 .text.printBinary
                0x00000130       0x28 .\CortexM3\ARM_GCC_541\Debug\main.o
                0x00000130                printBinary
 .text.process_holding_registers
                0x00000158      0x344 .\CortexM3\ARM_GCC_541\Debug\main.o
                0x00000158                process_holding_registers
 *fill*         0x0000049c        0x4 
 .text.main     0x000004a0      0x640 .\CortexM3\ARM_GCC_541\Debug\main.o
                0x000004a0                main
 .text.MAX31865_spixfer
                0x00000ae0       0x30 .\CortexM3\ARM_GCC_541\Debug\max31865.o
                0x00000ae0                MAX31865_spixfer
 .text.max31865_readRegisterN
                0x00000b10       0x48 .\CortexM3\ARM_GCC_541\Debug\max31865.o
                0x00000b10                max31865_readRegisterN
 .text.max31865_readFault
                0x00000b58       0x40 .\CortexM3\ARM_GCC_541\Debug\max31865.o
                0x00000b58                max31865_readFault
 .text.max31865_writeRegister8
                0x00000b98       0x30 .\CortexM3\ARM_GCC_541\Debug\max31865.o
                0x00000b98                max31865_writeRegister8
 .text.max31865_begin
                0x00000bc8       0x2c .\CortexM3\ARM_GCC_541\Debug\max31865.o
                0x00000bc8                max31865_begin
 .text.max31865_clearFault
                0x00000bf4       0x30 .\CortexM3\ARM_GCC_541\Debug\max31865.o
                0x00000bf4                max31865_clearFault
 .text.max31865_enableBias
                0x00000c24       0x44 .\CortexM3\ARM_GCC_541\Debug\max31865.o
                0x00000c24                max31865_enableBias
 .text.max31865_readRTD
                0x00000c68       0x70 .\CortexM3\ARM_GCC_541\Debug\max31865.o
                0x00000c68                max31865_readRTD
 .text.max31865_temperature
                0x00000cd8      0x1d0 .\CortexM3\ARM_GCC_541\Debug\max31865.o
                0x00000cd8                max31865_temperature
 .text.makeWord
                0x00000ea8        0x8 .\CortexM3\ARM_GCC_541\Debug\ModbusRtu.o
                0x00000ea8                makeWord
 .text.Modbus_begin
                0x00000eb0       0x2c .\CortexM3\ARM_GCC_541\Debug\ModbusRtu.o
                0x00000eb0                Modbus_begin
 .text.Modbus_getRxBuffer
                0x00000edc       0x64 .\CortexM3\ARM_GCC_541\Debug\ModbusRtu.o
                0x00000edc                Modbus_getRxBuffer
 .text.Modbus_calcCRC
                0x00000f40       0x44 .\CortexM3\ARM_GCC_541\Debug\ModbusRtu.o
                0x00000f40                Modbus_calcCRC
 .text.Modbus_sendTxBuffer
                0x00000f84       0x68 .\CortexM3\ARM_GCC_541\Debug\ModbusRtu.o
                0x00000f84                Modbus_sendTxBuffer
 .text.Modbus_query
                0x00000fec      0x188 .\CortexM3\ARM_GCC_541\Debug\ModbusRtu.o
                0x00000fec                Modbus_query
 .text.Modbus_validateAnswer
                0x00001174       0x7c .\CortexM3\ARM_GCC_541\Debug\ModbusRtu.o
                0x00001174                Modbus_validateAnswer
 .text.Modbus_get_FC1
                0x000011f0       0x58 .\CortexM3\ARM_GCC_541\Debug\ModbusRtu.o
                0x000011f0                Modbus_get_FC1
 .text.Modbus_get_FC3
                0x00001248       0x38 .\CortexM3\ARM_GCC_541\Debug\ModbusRtu.o
                0x00001248                Modbus_get_FC3
 .text.Modbus_poll
                0x00001280       0xd8 .\CortexM3\ARM_GCC_541\Debug\ModbusRtu.o
                0x00001280                Modbus_poll
 .text.Modbus_setTimeOut
                0x00001358        0xc .\CortexM3\ARM_GCC_541\Debug\ModbusRtu.o
                0x00001358                Modbus_setTimeOut
 .text.Modbus_getState
                0x00001364        0xc .\CortexM3\ARM_GCC_541\Debug\ModbusRtu.o
                0x00001364                Modbus_getState
 .text.ds18b20_get_devices
                0x00001370       0x30 .\CortexM3\ARM_GCC_541\Debug\ds18b20.o
                0x00001370                ds18b20_get_devices
 .text.ds18b20_convert_temperature
                0x000013a0       0x20 .\CortexM3\ARM_GCC_541\Debug\ds18b20.o
                0x000013a0                ds18b20_convert_temperature
 .text.ds18b20_convert_temperature_all
                0x000013c0       0x2c .\CortexM3\ARM_GCC_541\Debug\ds18b20.o
                0x000013c0                ds18b20_convert_temperature_all
 .text.ds18b20_decode_temperature
                0x000013ec       0x74 .\CortexM3\ARM_GCC_541\Debug\ds18b20.o
                0x000013ec                ds18b20_decode_temperature
 .text.ds18b20_wait_for_conversion
                0x00001460       0x3c .\CortexM3\ARM_GCC_541\Debug\ds18b20.o
                0x00001460                ds18b20_wait_for_conversion
 .text.ds18b20_read_temperature
                0x0000149c       0x28 .\CortexM3\ARM_GCC_541\Debug\ds18b20.o
                0x0000149c                ds18b20_read_temperature
 .text.one_wire_reset_pulse
                0x000014c4       0x44 .\CortexM3\ARM_GCC_541\Debug\one_wire.o
                0x000014c4                one_wire_reset_pulse
 .text.one_wire_write_1
                0x00001508       0x1c .\CortexM3\ARM_GCC_541\Debug\one_wire.o
                0x00001508                one_wire_write_1
 .text.one_wire_write_0
                0x00001524       0x1c .\CortexM3\ARM_GCC_541\Debug\one_wire.o
                0x00001524                one_wire_write_0
 .text.one_wire_write_bit
                0x00001540       0x10 .\CortexM3\ARM_GCC_541\Debug\one_wire.o
                0x00001540                one_wire_write_bit
 .text.one_wire_read_bit
                0x00001550       0x2c .\CortexM3\ARM_GCC_541\Debug\one_wire.o
                0x00001550                one_wire_read_bit
 .text.one_wire_write_byte
                0x0000157c       0x28 .\CortexM3\ARM_GCC_541\Debug\one_wire.o
                0x0000157c                one_wire_write_byte
 .text.one_wire_read_byte
                0x000015a4       0x20 .\CortexM3\ARM_GCC_541\Debug\one_wire.o
                0x000015a4                one_wire_read_byte
 .text.one_wire_reset_crc
                0x000015c4        0xc .\CortexM3\ARM_GCC_541\Debug\one_wire.o
                0x000015c4                one_wire_reset_crc
 .text.one_wire_crc
                0x000015d0       0x18 .\CortexM3\ARM_GCC_541\Debug\one_wire.o
                0x000015d0                one_wire_crc
 .text.one_wire_search
                0x000015e8       0xf4 .\CortexM3\ARM_GCC_541\Debug\one_wire.o
                0x000015e8                one_wire_search
 .text.one_wire_match_rom
                0x000016dc       0x30 .\CortexM3\ARM_GCC_541\Debug\one_wire.o
                0x000016dc                one_wire_match_rom
 .text.one_wire_first
                0x0000170c       0x1c .\CortexM3\ARM_GCC_541\Debug\one_wire.o
                0x0000170c                one_wire_first
 .text.one_wire_next
                0x00001728        0x8 .\CortexM3\ARM_GCC_541\Debug\one_wire.o
                0x00001728                one_wire_next
 .text.one_wire_search_rom
                0x00001730       0x6c .\CortexM3\ARM_GCC_541\Debug\one_wire.o
                0x00001730                one_wire_search_rom
 .text.CyClockStartupError
                0x0000179c        0x4 .\CortexM3\ARM_GCC_541\Debug\cyfitter_cfg.o
 .text.AnalogSetDefault
                0x000017a0       0x28 .\CortexM3\ARM_GCC_541\Debug\cyfitter_cfg.o
 .text.CYMEMZERO
                0x000017c8        0xc .\CortexM3\ARM_GCC_541\Debug\cyfitter_cfg.o
 .text.CYCONFIGCPYCODE
                0x000017d4        0x8 .\CortexM3\ARM_GCC_541\Debug\cyfitter_cfg.o
 .text.CYCONFIGCPY
                0x000017dc        0x8 .\CortexM3\ARM_GCC_541\Debug\cyfitter_cfg.o
 .text.ClockSetup
                0x000017e4      0x110 .\CortexM3\ARM_GCC_541\Debug\cyfitter_cfg.o
 .text.AMux_Set
                0x000018f4       0x3c .\CortexM3\ARM_GCC_541\Debug\cyfitter_cfg.o
                0x000018f4                AMux_Set
 .text.AMux_Unset
                0x00001930       0x40 .\CortexM3\ARM_GCC_541\Debug\cyfitter_cfg.o
                0x00001930                AMux_Unset
 .text.ADC_AMux_Set
                0x00001970       0x20 .\CortexM3\ARM_GCC_541\Debug\cyfitter_cfg.o
                0x00001970                ADC_AMux_Set
 .text.ADC_AMux_Unset
                0x00001990       0x20 .\CortexM3\ARM_GCC_541\Debug\cyfitter_cfg.o
                0x00001990                ADC_AMux_Unset
 .text.cyfitter_cfg
                0x000019b0      0x11c .\CortexM3\ARM_GCC_541\Debug\cyfitter_cfg.o
                0x000019b0                cyfitter_cfg
 .text.IntDefaultHandler
                0x00001acc       0x10 .\CortexM3\ARM_GCC_541\Debug\Cm3Start.o
                0x00001acc                IntDefaultHandler
 .text._sbrk    0x00001adc       0x30 .\CortexM3\ARM_GCC_541\Debug\Cm3Start.o
                0x00001adc                _sbrk
 .text.Start_c  0x00001b0c       0x4c .\CortexM3\ARM_GCC_541\Debug\Cm3Start.o
                0x00001b0c                Start_c
 .text.initialize_psoc
                0x00001b58       0x68 .\CortexM3\ARM_GCC_541\Debug\Cm3Start.o
                0x00001b58                initialize_psoc
 .text.CyHalt   0x00001bc0        0x4 .\CortexM3\ARM_GCC_541\Debug\AHU_1.a(CyLib.o)
                0x00001bc0                CyHalt
 .text.CyDelay  0x00001bc4       0x2c .\CortexM3\ARM_GCC_541\Debug\AHU_1.a(CyLib.o)
                0x00001bc4                CyDelay
 .text.CyDelayUs
                0x00001bf0       0x14 .\CortexM3\ARM_GCC_541\Debug\AHU_1.a(CyLib.o)
                0x00001bf0                CyDelayUs
 .text.CyIntSetVector
                0x00001c04       0x28 .\CortexM3\ARM_GCC_541\Debug\AHU_1.a(CyLib.o)
                0x00001c04                CyIntSetVector
 .text.CyIntSetPriority
                0x00001c2c       0x30 .\CortexM3\ARM_GCC_541\Debug\AHU_1.a(CyLib.o)
                0x00001c2c                CyIntSetPriority
 .text.RS485_Init
                0x00001c5c       0x28 .\CortexM3\ARM_GCC_541\Debug\AHU_1.a(RS485.o)
                0x00001c5c                RS485_Init
 .text.RS485_Enable
                0x00001c84       0x38 .\CortexM3\ARM_GCC_541\Debug\AHU_1.a(RS485.o)
                0x00001c84                RS485_Enable
 .text.RS485_Start
                0x00001cbc       0x1c .\CortexM3\ARM_GCC_541\Debug\AHU_1.a(RS485.o)
                0x00001cbc                RS485_Start
 .text.RS485_ReadRxData
                0x00001cd8        0xc .\CortexM3\ARM_GCC_541\Debug\AHU_1.a(RS485.o)
                0x00001cd8                RS485_ReadRxData
 .text.RS485_ReadRxStatus
                0x00001ce4       0x10 .\CortexM3\ARM_GCC_541\Debug\AHU_1.a(RS485.o)
                0x00001ce4                RS485_ReadRxStatus
 .text.RS485_GetByte
                0x00001cf4       0x14 .\CortexM3\ARM_GCC_541\Debug\AHU_1.a(RS485.o)
                0x00001cf4                RS485_GetByte
 .text.RS485_GetRxBufferSize
                0x00001d08       0x18 .\CortexM3\ARM_GCC_541\Debug\AHU_1.a(RS485.o)
                0x00001d08                RS485_GetRxBufferSize
 .text.RS485_PutChar
                0x00001d20       0x18 .\CortexM3\ARM_GCC_541\Debug\AHU_1.a(RS485.o)
                0x00001d20                RS485_PutChar
 .text.RS485_PutArray
                0x00001d38       0x28 .\CortexM3\ARM_GCC_541\Debug\AHU_1.a(RS485.o)
                0x00001d38                RS485_PutArray
 .text.RS485_ClearTxBuffer
                0x00001d60       0x24 .\CortexM3\ARM_GCC_541\Debug\AHU_1.a(RS485.o)
                0x00001d60                RS485_ClearTxBuffer
 .text.RS485_IntClock_Start
                0x00001d84       0x1c .\CortexM3\ARM_GCC_541\Debug\AHU_1.a(RS485_IntClock.o)
                0x00001d84                RS485_IntClock_Start
 .text.Timer_Enable
                0x00001da0       0x28 .\CortexM3\ARM_GCC_541\Debug\AHU_1.a(Timer.o)
                0x00001da0                Timer_Enable
 .text.Timer_SetInterruptMode
                0x00001dc8        0xc .\CortexM3\ARM_GCC_541\Debug\AHU_1.a(Timer.o)
                0x00001dc8                Timer_SetInterruptMode
 .text.Timer_WritePeriod
                0x00001dd4        0xc .\CortexM3\ARM_GCC_541\Debug\AHU_1.a(Timer.o)
                0x00001dd4                Timer_WritePeriod
 .text.Timer_WriteCounter
                0x00001de0        0xc .\CortexM3\ARM_GCC_541\Debug\AHU_1.a(Timer.o)
                0x00001de0                Timer_WriteCounter
 .text.Timer_Init
                0x00001dec       0x68 .\CortexM3\ARM_GCC_541\Debug\AHU_1.a(Timer.o)
                0x00001dec                Timer_Init
 .text.Timer_Start
                0x00001e54       0x1c .\CortexM3\ARM_GCC_541\Debug\AHU_1.a(Timer.o)
                0x00001e54                Timer_Start
 .text.Timer_Int_Interrupt
                0x00001e70        0x4 .\CortexM3\ARM_GCC_541\Debug\AHU_1.a(Timer_Int.o)
                0x00001e70                Timer_Int_Interrupt
 .text.Timer_Int_SetVector
                0x00001e74        0xc .\CortexM3\ARM_GCC_541\Debug\AHU_1.a(Timer_Int.o)
                0x00001e74                Timer_Int_SetVector
 .text.Timer_Int_SetPriority
                0x00001e80       0x10 .\CortexM3\ARM_GCC_541\Debug\AHU_1.a(Timer_Int.o)
                0x00001e80                Timer_Int_SetPriority
 .text.Timer_Int_Enable
                0x00001e90        0xc .\CortexM3\ARM_GCC_541\Debug\AHU_1.a(Timer_Int.o)
                0x00001e90                Timer_Int_Enable
 .text.Timer_Int_Disable
                0x00001e9c        0xc .\CortexM3\ARM_GCC_541\Debug\AHU_1.a(Timer_Int.o)
                0x00001e9c                Timer_Int_Disable
 .text.Timer_Int_Start
                0x00001ea8       0x1c .\CortexM3\ARM_GCC_541\Debug\AHU_1.a(Timer_Int.o)
                0x00001ea8                Timer_Int_Start
 .text.Timer_Int_ClearPending
                0x00001ec4        0xc .\CortexM3\ARM_GCC_541\Debug\AHU_1.a(Timer_Int.o)
                0x00001ec4                Timer_Int_ClearPending
 .text.SPIM_Enable
                0x00001ed0       0x34 .\CortexM3\ARM_GCC_541\Debug\AHU_1.a(SPIM.o)
                0x00001ed0                SPIM_Enable
 .text.SPIM_ReadTxStatus
                0x00001f04        0xc .\CortexM3\ARM_GCC_541\Debug\AHU_1.a(SPIM.o)
                0x00001f04                SPIM_ReadTxStatus
 .text.SPIM_ReadRxStatus
                0x00001f10        0xc .\CortexM3\ARM_GCC_541\Debug\AHU_1.a(SPIM.o)
                0x00001f10                SPIM_ReadRxStatus
 .text.SPIM_WriteTxData
                0x00001f1c       0x18 .\CortexM3\ARM_GCC_541\Debug\AHU_1.a(SPIM.o)
                0x00001f1c                SPIM_WriteTxData
 .text.SPIM_ReadRxData
                0x00001f34        0xc .\CortexM3\ARM_GCC_541\Debug\AHU_1.a(SPIM.o)
                0x00001f34                SPIM_ReadRxData
 .text.SPIM_ClearFIFO
                0x00001f40       0x3c .\CortexM3\ARM_GCC_541\Debug\AHU_1.a(SPIM.o)
                0x00001f40                SPIM_ClearFIFO
 .text.SPIM_Init
                0x00001f7c       0x28 .\CortexM3\ARM_GCC_541\Debug\AHU_1.a(SPIM.o)
                0x00001f7c                SPIM_Init
 .text.SPIM_Start
                0x00001fa4       0x1c .\CortexM3\ARM_GCC_541\Debug\AHU_1.a(SPIM.o)
                0x00001fa4                SPIM_Start
 .text.SPIM_IntClock_Start
                0x00001fc0       0x1c .\CortexM3\ARM_GCC_541\Debug\AHU_1.a(SPIM_IntClock.o)
                0x00001fc0                SPIM_IntClock_Start
 .text.ADC_GainCompensation
                0x00001fdc       0xdc .\CortexM3\ARM_GCC_541\Debug\AHU_1.a(ADC.o)
 .text.ADC_SetDSMRef0Reg
                0x000020b8       0x4c .\CortexM3\ARM_GCC_541\Debug\AHU_1.a(ADC.o)
 .text.ADC_InitConfig
                0x00002104       0xe8 .\CortexM3\ARM_GCC_541\Debug\AHU_1.a(ADC.o)
 .text.ADC_Init
                0x000021ec       0xc4 .\CortexM3\ARM_GCC_541\Debug\AHU_1.a(ADC.o)
                0x000021ec                ADC_Init
 .text.ADC_Enable
                0x000022b0       0xd8 .\CortexM3\ARM_GCC_541\Debug\AHU_1.a(ADC.o)
                0x000022b0                ADC_Enable
 .text.ADC_Start
                0x00002388       0x28 .\CortexM3\ARM_GCC_541\Debug\AHU_1.a(ADC.o)
                0x00002388                ADC_Start
 .text.ADC_StartConvert
                0x000023b0       0x10 .\CortexM3\ARM_GCC_541\Debug\AHU_1.a(ADC.o)
                0x000023b0                ADC_StartConvert
 .text.ADC_StopConvert
                0x000023c0       0x10 .\CortexM3\ARM_GCC_541\Debug\AHU_1.a(ADC.o)
                0x000023c0                ADC_StopConvert
 .text.ADC_IsEndConversion
                0x000023d0       0x30 .\CortexM3\ARM_GCC_541\Debug\AHU_1.a(ADC.o)
                0x000023d0                ADC_IsEndConversion
 .text.ADC_GetResult32
                0x00002400       0x6c .\CortexM3\ARM_GCC_541\Debug\AHU_1.a(ADC.o)
                0x00002400                ADC_GetResult32
 .text.ADC_CountsTo_Volts
                0x0000246c       0x28 .\CortexM3\ARM_GCC_541\Debug\AHU_1.a(ADC.o)
                0x0000246c                ADC_CountsTo_Volts
 .text.ADC_Read32
                0x00002494       0x28 .\CortexM3\ARM_GCC_541\Debug\AHU_1.a(ADC.o)
                0x00002494                ADC_Read32
 .text.ADC_ISR1
                0x000024bc        0x4 .\CortexM3\ARM_GCC_541\Debug\AHU_1.a(ADC_INT.o)
                0x000024bc                ADC_ISR1
 .text.ADC_AMux_Start
                0x000024c0       0x20 .\CortexM3\ARM_GCC_541\Debug\AHU_1.a(ADC_AMux.o)
                0x000024c0                ADC_AMux_Start
 .text.ADC_AMux_Select
                0x000024e0       0x18 .\CortexM3\ARM_GCC_541\Debug\AHU_1.a(ADC_AMux.o)
                0x000024e0                ADC_AMux_Select
 .text.ADC_Ext_CP_Clk_GetDividerRegister
                0x000024f8        0xc .\CortexM3\ARM_GCC_541\Debug\AHU_1.a(ADC_Ext_CP_Clk.o)
                0x000024f8                ADC_Ext_CP_Clk_GetDividerRegister
 .text.ADC_Ext_CP_Clk_SetModeRegister
                0x00002504       0x14 .\CortexM3\ARM_GCC_541\Debug\AHU_1.a(ADC_Ext_CP_Clk.o)
                0x00002504                ADC_Ext_CP_Clk_SetModeRegister
 .text.ADC_Ext_CP_Clk_GetSourceRegister
                0x00002518       0x10 .\CortexM3\ARM_GCC_541\Debug\AHU_1.a(ADC_Ext_CP_Clk.o)
                0x00002518                ADC_Ext_CP_Clk_GetSourceRegister
 .text.ADC_Ext_CP_Clk_SetDividerRegister
                0x00002528       0xd8 .\CortexM3\ARM_GCC_541\Debug\AHU_1.a(ADC_Ext_CP_Clk.o)
                0x00002528                ADC_Ext_CP_Clk_SetDividerRegister
 .text.ADC_theACLK_GetDividerRegister
                0x00002600        0xc .\CortexM3\ARM_GCC_541\Debug\AHU_1.a(ADC_theACLK.o)
                0x00002600                ADC_theACLK_GetDividerRegister
 .text.ADC_theACLK_SetModeRegister
                0x0000260c       0x14 .\CortexM3\ARM_GCC_541\Debug\AHU_1.a(ADC_theACLK.o)
                0x0000260c                ADC_theACLK_SetModeRegister
 .text.ADC_theACLK_GetSourceRegister
                0x00002620       0x10 .\CortexM3\ARM_GCC_541\Debug\AHU_1.a(ADC_theACLK.o)
                0x00002620                ADC_theACLK_GetSourceRegister
 .text.ADC_theACLK_SetDividerRegister
                0x00002630       0xd8 .\CortexM3\ARM_GCC_541\Debug\AHU_1.a(ADC_theACLK.o)
                0x00002630                ADC_theACLK_SetDividerRegister
 .text.AMux_Start
                0x00002708       0x20 .\CortexM3\ARM_GCC_541\Debug\AHU_1.a(AMux.o)
                0x00002708                AMux_Start
 .text.AMux_Select
                0x00002728       0x18 .\CortexM3\ARM_GCC_541\Debug\AHU_1.a(AMux.o)
                0x00002728                AMux_Select
 .text.MAX31865_CS_Write
                0x00002740        0xc .\CortexM3\ARM_GCC_541\Debug\AHU_1.a(MAX31865_CS.o)
                0x00002740                MAX31865_CS_Write
 .text.LED_Write
                0x0000274c       0x18 .\CortexM3\ARM_GCC_541\Debug\AHU_1.a(LED.o)
                0x0000274c                LED_Write
 .text.Wire1_Write
                0x00002764       0x18 .\CortexM3\ARM_GCC_541\Debug\AHU_1.a(Wire1.o)
                0x00002764                Wire1_Write
 .text.Wire1_Read
                0x0000277c       0x10 .\CortexM3\ARM_GCC_541\Debug\AHU_1.a(Wire1.o)
                0x0000277c                Wire1_Read
 .text.Wemos_Rx_Int_Interrupt
                0x0000278c        0x4 .\CortexM3\ARM_GCC_541\Debug\AHU_1.a(Wemos_Rx_Int.o)
                0x0000278c                Wemos_Rx_Int_Interrupt
 .text.Wemos_Rx_Int_SetVector
                0x00002790        0xc .\CortexM3\ARM_GCC_541\Debug\AHU_1.a(Wemos_Rx_Int.o)
                0x00002790                Wemos_Rx_Int_SetVector
 .text.Wemos_Rx_Int_SetPriority
                0x0000279c       0x10 .\CortexM3\ARM_GCC_541\Debug\AHU_1.a(Wemos_Rx_Int.o)
                0x0000279c                Wemos_Rx_Int_SetPriority
 .text.Wemos_Rx_Int_Enable
                0x000027ac        0xc .\CortexM3\ARM_GCC_541\Debug\AHU_1.a(Wemos_Rx_Int.o)
                0x000027ac                Wemos_Rx_Int_Enable
 .text.Wemos_Rx_Int_Disable
                0x000027b8        0xc .\CortexM3\ARM_GCC_541\Debug\AHU_1.a(Wemos_Rx_Int.o)
                0x000027b8                Wemos_Rx_Int_Disable
 .text.Wemos_Rx_Int_Start
                0x000027c4       0x1c .\CortexM3\ARM_GCC_541\Debug\AHU_1.a(Wemos_Rx_Int.o)
                0x000027c4                Wemos_Rx_Int_Start
 .text.DINP_Read
                0x000027e0        0xc .\CortexM3\ARM_GCC_541\Debug\AHU_1.a(DINP.o)
                0x000027e0                DINP_Read
 .text.Wemos_Init
                0x000027ec       0x24 .\CortexM3\ARM_GCC_541\Debug\AHU_1.a(Wemos.o)
                0x000027ec                Wemos_Init
 .text.Wemos_Enable
                0x00002810       0x38 .\CortexM3\ARM_GCC_541\Debug\AHU_1.a(Wemos.o)
                0x00002810                Wemos_Enable
 .text.Wemos_Start
                0x00002848       0x1c .\CortexM3\ARM_GCC_541\Debug\AHU_1.a(Wemos.o)
                0x00002848                Wemos_Start
 .text.Wemos_ReadRxData
                0x00002864        0xc .\CortexM3\ARM_GCC_541\Debug\AHU_1.a(Wemos.o)
                0x00002864                Wemos_ReadRxData
 .text.Wemos_ReadRxStatus
                0x00002870       0x10 .\CortexM3\ARM_GCC_541\Debug\AHU_1.a(Wemos.o)
                0x00002870                Wemos_ReadRxStatus
 .text.Wemos_GetByte
                0x00002880       0x14 .\CortexM3\ARM_GCC_541\Debug\AHU_1.a(Wemos.o)
                0x00002880                Wemos_GetByte
 .text.Wemos_ClearRxBuffer
                0x00002894       0x24 .\CortexM3\ARM_GCC_541\Debug\AHU_1.a(Wemos.o)
                0x00002894                Wemos_ClearRxBuffer
 .text.Wemos_PutChar
                0x000028b8       0x18 .\CortexM3\ARM_GCC_541\Debug\AHU_1.a(Wemos.o)
                0x000028b8                Wemos_PutChar
 .text.Wemos_PutString
                0x000028d0       0x24 .\CortexM3\ARM_GCC_541\Debug\AHU_1.a(Wemos.o)
                0x000028d0                Wemos_PutString
 .text.RS485_En_Write
                0x000028f4       0x18 .\CortexM3\ARM_GCC_541\Debug\AHU_1.a(RS485_En.o)
                0x000028f4                RS485_En_Write
 .text.DIP_Read
                0x0000290c        0xc .\CortexM3\ARM_GCC_541\Debug\AHU_1.a(DIP.o)
                0x0000290c                DIP_Read
 .text.Wemos_IntClock_Start
                0x00002918       0x1c .\CortexM3\ARM_GCC_541\Debug\AHU_1.a(Wemos_IntClock.o)
                0x00002918                Wemos_IntClock_Start
 *fill*         0x00002934        0x4 
 .text          0x00002938       0x20 .\CortexM3\ARM_GCC_541\Debug\AHU_1.a(CyBootAsmGnu.o)
                0x00002938                CyDelayCycles
                0x00002948                CyEnterCriticalSection
                0x00002950                CyExitCriticalSection
 .text.round    0x00002958       0xa0 c:/program files (x86)/cypress/psoc creator/4.2/psoc creator/import/gnu/arm/5.4.1/bin/../lib/gcc/arm-none-eabi/5.4.1/../../../../arm-none-eabi/lib/armv7-m\libm.a(lib_a-s_round.o)
                0x00002958                round
 .text.sqrtf    0x000029f8       0x9c c:/program files (x86)/cypress/psoc creator/4.2/psoc creator/import/gnu/arm/5.4.1/bin/../lib/gcc/arm-none-eabi/5.4.1/../../../../arm-none-eabi/lib/armv7-m\libm.a(lib_a-wf_sqrt.o)
                0x000029f8                sqrtf
 .text.__ieee754_sqrtf
                0x00002a94       0xa8 c:/program files (x86)/cypress/psoc creator/4.2/psoc creator/import/gnu/arm/5.4.1/bin/../lib/gcc/arm-none-eabi/5.4.1/../../../../arm-none-eabi/lib/armv7-m\libm.a(lib_a-ef_sqrt.o)
                0x00002a94                __ieee754_sqrtf
 .text.matherr  0x00002b3c        0x4 c:/program files (x86)/cypress/psoc creator/4.2/psoc creator/import/gnu/arm/5.4.1/bin/../lib/gcc/arm-none-eabi/5.4.1/../../../../arm-none-eabi/lib/armv7-m\libm.a(lib_a-s_matherr.o)
                0x00002b3c                matherr
 .text          0x00002b40      0x370 c:/program files (x86)/cypress/psoc creator/4.2/psoc creator/import/gnu/arm/5.4.1/bin/../lib/gcc/arm-none-eabi/5.4.1/armv7-m\libgcc.a(_arm_addsubdf3.o)
                0x00002b40                __aeabi_drsub
                0x00002b48                __aeabi_dsub
                0x00002b48                __subdf3
                0x00002b4c                __aeabi_dadd
                0x00002b4c                __adddf3
                0x00002dc4                __floatunsidf
                0x00002dc4                __aeabi_ui2d
                0x00002de4                __floatsidf
                0x00002de4                __aeabi_i2d
                0x00002e08                __aeabi_f2d
                0x00002e08                __extendsfdf2
                0x00002e44                __floatundidf
                0x00002e44                __aeabi_ul2d
                0x00002e54                __floatdidf
                0x00002e54                __aeabi_l2d
 .text          0x00002eb0      0x424 c:/program files (x86)/cypress/psoc creator/4.2/psoc creator/import/gnu/arm/5.4.1/bin/../lib/gcc/arm-none-eabi/5.4.1/armv7-m\libgcc.a(_arm_muldivdf3.o)
                0x00002eb0                __aeabi_dmul
                0x00002eb0                __muldf3
                0x00003104                __divdf3
                0x00003104                __aeabi_ddiv
 .text          0x000032d4      0x110 c:/program files (x86)/cypress/psoc creator/4.2/psoc creator/import/gnu/arm/5.4.1/bin/../lib/gcc/arm-none-eabi/5.4.1/armv7-m\libgcc.a(_arm_cmpdf2.o)
                0x000032d4                __gtdf2
                0x000032d4                __gedf2
                0x000032dc                __ltdf2
                0x000032dc                __ledf2
                0x000032e4                __nedf2
                0x000032e4                __eqdf2
                0x000032e4                __cmpdf2
                0x00003360                __aeabi_cdrcmple
                0x00003370                __aeabi_cdcmpeq
                0x00003370                __aeabi_cdcmple
                0x00003380                __aeabi_dcmpeq
                0x00003394                __aeabi_dcmplt
                0x000033a8                __aeabi_dcmple
                0x000033bc                __aeabi_dcmpge
                0x000033d0                __aeabi_dcmpgt
 .text          0x000033e4       0xa0 c:/program files (x86)/cypress/psoc creator/4.2/psoc creator/import/gnu/arm/5.4.1/bin/../lib/gcc/arm-none-eabi/5.4.1/armv7-m\libgcc.a(_arm_truncdfsf2.o)
                0x000033e4                __truncdfsf2
                0x000033e4                __aeabi_d2f
 .text          0x00003484      0x21c c:/program files (x86)/cypress/psoc creator/4.2/psoc creator/import/gnu/arm/5.4.1/bin/../lib/gcc/arm-none-eabi/5.4.1/armv7-m\libgcc.a(_arm_addsubsf3.o)
                0x00003484                __aeabi_frsub
                0x0000348c                __subsf3
                0x0000348c                __aeabi_fsub
                0x00003490                __aeabi_fadd
                0x00003490                __addsf3
                0x000035f0                __aeabi_ui2f
                0x000035f0                __floatunsisf
                0x000035f8                __aeabi_i2f
                0x000035f8                __floatsisf
                0x00003614                __aeabi_ul2f
                0x00003614                __floatundisf
                0x00003624                __aeabi_l2f
                0x00003624                __floatdisf
 .text          0x000036a0      0x2a0 c:/program files (x86)/cypress/psoc creator/4.2/psoc creator/import/gnu/arm/5.4.1/bin/../lib/gcc/arm-none-eabi/5.4.1/armv7-m\libgcc.a(_arm_muldivsf3.o)
                0x000036a0                __mulsf3
                0x000036a0                __aeabi_fmul
                0x00003808                __aeabi_fdiv
                0x00003808                __divsf3
 .text          0x00003940       0xec c:/program files (x86)/cypress/psoc creator/4.2/psoc creator/import/gnu/arm/5.4.1/bin/../lib/gcc/arm-none-eabi/5.4.1/armv7-m\libgcc.a(_arm_cmpsf2.o)
                0x00003940                __gesf2
                0x00003940                __gtsf2
                0x00003948                __lesf2
                0x00003948                __ltsf2
                0x00003950                __nesf2
                0x00003950                __eqsf2
                0x00003950                __cmpsf2
                0x000039b0                __aeabi_cfrcmple
                0x000039b8                __aeabi_cfcmpeq
                0x000039b8                __aeabi_cfcmple
                0x000039c8                __aeabi_fcmpeq
                0x000039dc                __aeabi_fcmplt
                0x000039f0                __aeabi_fcmple
                0x00003a04                __aeabi_fcmpge
                0x00003a18                __aeabi_fcmpgt
 .text          0x00003a2c       0x2c c:/program files (x86)/cypress/psoc creator/4.2/psoc creator/import/gnu/arm/5.4.1/bin/../lib/gcc/arm-none-eabi/5.4.1/armv7-m\libgcc.a(_arm_unordsf2.o)
                0x00003a2c                __unordsf2
                0x00003a2c                __aeabi_fcmpun
 .text.__errno  0x00003a58        0xc c:/program files (x86)/cypress/psoc creator/4.2/psoc creator/import/gnu/arm/5.4.1/bin/../lib/gcc/arm-none-eabi/5.4.1/../../../../arm-none-eabi/lib/armv7-m\libg_nano.a(lib_a-errno.o)
                0x00003a58                __errno
 .text.__libc_init_array
                0x00003a64       0x4c c:/program files (x86)/cypress/psoc creator/4.2/psoc creator/import/gnu/arm/5.4.1/bin/../lib/gcc/arm-none-eabi/5.4.1/../../../../arm-none-eabi/lib/armv7-m\libg_nano.a(lib_a-init.o)
                0x00003a64                __libc_init_array
 .text.malloc   0x00003ab0       0x10 c:/program files (x86)/cypress/psoc creator/4.2/psoc creator/import/gnu/arm/5.4.1/bin/../lib/gcc/arm-none-eabi/5.4.1/../../../../arm-none-eabi/lib/armv7-m\libg_nano.a(lib_a-malloc.o)
                0x00003ab0                malloc
 .text.memcpy   0x00003ac0       0x16 c:/program files (x86)/cypress/psoc creator/4.2/psoc creator/import/gnu/arm/5.4.1/bin/../lib/gcc/arm-none-eabi/5.4.1/../../../../arm-none-eabi/lib/armv7-m\libg_nano.a(lib_a-memcpy-stub.o)
                0x00003ac0                memcpy
 .text.memset   0x00003ad6       0x10 c:/program files (x86)/cypress/psoc creator/4.2/psoc creator/import/gnu/arm/5.4.1/bin/../lib/gcc/arm-none-eabi/5.4.1/../../../../arm-none-eabi/lib/armv7-m\libg_nano.a(lib_a-memset.o)
                0x00003ad6                memset
 *fill*         0x00003ae6        0x2 
 .text._free_r  0x00003ae8       0x98 c:/program files (x86)/cypress/psoc creator/4.2/psoc creator/import/gnu/arm/5.4.1/bin/../lib/gcc/arm-none-eabi/5.4.1/../../../../arm-none-eabi/lib/armv7-m\libg_nano.a(lib_a-nano-freer.o)
                0x00003ae8                _free_r
 .text._malloc_r
                0x00003b80       0xbc c:/program files (x86)/cypress/psoc creator/4.2/psoc creator/import/gnu/arm/5.4.1/bin/../lib/gcc/arm-none-eabi/5.4.1/../../../../arm-none-eabi/lib/armv7-m\libg_nano.a(lib_a-nano-mallocr.o)
                0x00003b80                _malloc_r
 .text.__cvt    0x00003c3c       0xc0 c:/program files (x86)/cypress/psoc creator/4.2/psoc creator/import/gnu/arm/5.4.1/bin/../lib/gcc/arm-none-eabi/5.4.1/../../../../arm-none-eabi/lib/armv7-m\libg_nano.a(lib_a-nano-vfprintf_float.o)
                0x00003c3c                __cvt
 .text.__exponent
                0x00003cfc       0x62 c:/program files (x86)/cypress/psoc creator/4.2/psoc creator/import/gnu/arm/5.4.1/bin/../lib/gcc/arm-none-eabi/5.4.1/../../../../arm-none-eabi/lib/armv7-m\libg_nano.a(lib_a-nano-vfprintf_float.o)
                0x00003cfc                __exponent
 *fill*         0x00003d5e        0x2 
 .text._printf_float
                0x00003d60      0x488 c:/program files (x86)/cypress/psoc creator/4.2/psoc creator/import/gnu/arm/5.4.1/bin/../lib/gcc/arm-none-eabi/5.4.1/../../../../arm-none-eabi/lib/armv7-m\libg_nano.a(lib_a-nano-vfprintf_float.o)
                0x00003d60                _printf_float
 .text._printf_common
                0x000041e8       0xec c:/program files (x86)/cypress/psoc creator/4.2/psoc creator/import/gnu/arm/5.4.1/bin/../lib/gcc/arm-none-eabi/5.4.1/../../../../arm-none-eabi/lib/armv7-m\libg_nano.a(lib_a-nano-vfprintf_i.o)
                0x000041e8                _printf_common
 .text._printf_i
                0x000042d4      0x24c c:/program files (x86)/cypress/psoc creator/4.2/psoc creator/import/gnu/arm/5.4.1/bin/../lib/gcc/arm-none-eabi/5.4.1/../../../../arm-none-eabi/lib/armv7-m\libg_nano.a(lib_a-nano-vfprintf_i.o)
                0x000042d4                _printf_i
 .text._sbrk_r  0x00004520       0x20 c:/program files (x86)/cypress/psoc creator/4.2/psoc creator/import/gnu/arm/5.4.1/bin/../lib/gcc/arm-none-eabi/5.4.1/../../../../arm-none-eabi/lib/armv7-m\libg_nano.a(lib_a-sbrkr.o)
                0x00004520                _sbrk_r
 .text.sprintf  0x00004540       0x48 c:/program files (x86)/cypress/psoc creator/4.2/psoc creator/import/gnu/arm/5.4.1/bin/../lib/gcc/arm-none-eabi/5.4.1/../../../../arm-none-eabi/lib/armv7-m\libg_nano.a(lib_a-sprintf.o)
                0x00004540                siprintf
                0x00004540                sprintf
 .text          0x00004588       0x10 c:/program files (x86)/cypress/psoc creator/4.2/psoc creator/import/gnu/arm/5.4.1/bin/../lib/gcc/arm-none-eabi/5.4.1/../../../../arm-none-eabi/lib/armv7-m\libg_nano.a(lib_a-strlen.o)
                0x00004588                strlen
 .text.quorem   0x00004598      0x116 c:/program files (x86)/cypress/psoc creator/4.2/psoc creator/import/gnu/arm/5.4.1/bin/../lib/gcc/arm-none-eabi/5.4.1/../../../../arm-none-eabi/lib/armv7-m\libg_nano.a(lib_a-dtoa.o)
 *fill*         0x000046ae        0x2 
 .text._dtoa_r  0x000046b0      0xb30 c:/program files (x86)/cypress/psoc creator/4.2/psoc creator/import/gnu/arm/5.4.1/bin/../lib/gcc/arm-none-eabi/5.4.1/../../../../arm-none-eabi/lib/armv7-m\libg_nano.a(lib_a-dtoa.o)
                0x000046b0                _dtoa_r
 .text._localeconv_r
                0x000051e0        0x8 c:/program files (x86)/cypress/psoc creator/4.2/psoc creator/import/gnu/arm/5.4.1/bin/../lib/gcc/arm-none-eabi/5.4.1/../../../../arm-none-eabi/lib/armv7-m\libg_nano.a(lib_a-locale.o)
                0x000051e0                _localeconv_r
 .text.memchr   0x000051e8       0x1c c:/program files (x86)/cypress/psoc creator/4.2/psoc creator/import/gnu/arm/5.4.1/bin/../lib/gcc/arm-none-eabi/5.4.1/../../../../arm-none-eabi/lib/armv7-m\libg_nano.a(lib_a-memchr-stub.o)
                0x000051e8                memchr
 .text.__malloc_lock
                0x00005204        0x2 c:/program files (x86)/cypress/psoc creator/4.2/psoc creator/import/gnu/arm/5.4.1/bin/../lib/gcc/arm-none-eabi/5.4.1/../../../../arm-none-eabi/lib/armv7-m\libg_nano.a(lib_a-mlock.o)
                0x00005204                __malloc_lock
 .text.__malloc_unlock
                0x00005206        0x2 c:/program files (x86)/cypress/psoc creator/4.2/psoc creator/import/gnu/arm/5.4.1/bin/../lib/gcc/arm-none-eabi/5.4.1/../../../../arm-none-eabi/lib/armv7-m\libg_nano.a(lib_a-mlock.o)
                0x00005206                __malloc_unlock
 .text._Balloc  0x00005208       0x6a c:/program files (x86)/cypress/psoc creator/4.2/psoc creator/import/gnu/arm/5.4.1/bin/../lib/gcc/arm-none-eabi/5.4.1/../../../../arm-none-eabi/lib/armv7-m\libg_nano.a(lib_a-mprec.o)
                0x00005208                _Balloc
 .text._Bfree   0x00005272       0x2e c:/program files (x86)/cypress/psoc creator/4.2/psoc creator/import/gnu/arm/5.4.1/bin/../lib/gcc/arm-none-eabi/5.4.1/../../../../arm-none-eabi/lib/armv7-m\libg_nano.a(lib_a-mprec.o)
                0x00005272                _Bfree
 .text.__multadd
                0x000052a0       0x76 c:/program files (x86)/cypress/psoc creator/4.2/psoc creator/import/gnu/arm/5.4.1/bin/../lib/gcc/arm-none-eabi/5.4.1/../../../../arm-none-eabi/lib/armv7-m\libg_nano.a(lib_a-mprec.o)
                0x000052a0                __multadd
 .text.__hi0bits
                0x00005316       0x40 c:/program files (x86)/cypress/psoc creator/4.2/psoc creator/import/gnu/arm/5.4.1/bin/../lib/gcc/arm-none-eabi/5.4.1/../../../../arm-none-eabi/lib/armv7-m\libg_nano.a(lib_a-mprec.o)
                0x00005316                __hi0bits
 .text.__lo0bits
                0x00005356       0x5a c:/program files (x86)/cypress/psoc creator/4.2/psoc creator/import/gnu/arm/5.4.1/bin/../lib/gcc/arm-none-eabi/5.4.1/../../../../arm-none-eabi/lib/armv7-m\libg_nano.a(lib_a-mprec.o)
                0x00005356                __lo0bits
 .text.__i2b    0x000053b0       0x12 c:/program files (x86)/cypress/psoc creator/4.2/psoc creator/import/gnu/arm/5.4.1/bin/../lib/gcc/arm-none-eabi/5.4.1/../../../../arm-none-eabi/lib/armv7-m\libg_nano.a(lib_a-mprec.o)
                0x000053b0                __i2b
 .text.__multiply
                0x000053c2      0x120 c:/program files (x86)/cypress/psoc creator/4.2/psoc creator/import/gnu/arm/5.4.1/bin/../lib/gcc/arm-none-eabi/5.4.1/../../../../arm-none-eabi/lib/armv7-m\libg_nano.a(lib_a-mprec.o)
                0x000053c2                __multiply
 *fill*         0x000054e2        0x2 
 .text.__pow5mult
                0x000054e4       0x9c c:/program files (x86)/cypress/psoc creator/4.2/psoc creator/import/gnu/arm/5.4.1/bin/../lib/gcc/arm-none-eabi/5.4.1/../../../../arm-none-eabi/lib/armv7-m\libg_nano.a(lib_a-mprec.o)
                0x000054e4                __pow5mult
 .text.__lshift
                0x00005580       0xa2 c:/program files (x86)/cypress/psoc creator/4.2/psoc creator/import/gnu/arm/5.4.1/bin/../lib/gcc/arm-none-eabi/5.4.1/../../../../arm-none-eabi/lib/armv7-m\libg_nano.a(lib_a-mprec.o)
                0x00005580                __lshift
 .text.__mcmp   0x00005622       0x38 c:/program files (x86)/cypress/psoc creator/4.2/psoc creator/import/gnu/arm/5.4.1/bin/../lib/gcc/arm-none-eabi/5.4.1/../../../../arm-none-eabi/lib/armv7-m\libg_nano.a(lib_a-mprec.o)
                0x00005622                __mcmp
 .text.__mdiff  0x0000565a       0xbe c:/program files (x86)/cypress/psoc creator/4.2/psoc creator/import/gnu/arm/5.4.1/bin/../lib/gcc/arm-none-eabi/5.4.1/../../../../arm-none-eabi/lib/armv7-m\libg_nano.a(lib_a-mprec.o)
                0x0000565a                __mdiff
 .text.__d2b    0x00005718       0x9c c:/program files (x86)/cypress/psoc creator/4.2/psoc creator/import/gnu/arm/5.4.1/bin/../lib/gcc/arm-none-eabi/5.4.1/../../../../arm-none-eabi/lib/armv7-m\libg_nano.a(lib_a-mprec.o)
                0x00005718                __d2b
 .text._calloc_r
                0x000057b4       0x1c c:/program files (x86)/cypress/psoc creator/4.2/psoc creator/import/gnu/arm/5.4.1/bin/../lib/gcc/arm-none-eabi/5.4.1/../../../../arm-none-eabi/lib/armv7-m\libg_nano.a(lib_a-nano-callocr.o)
                0x000057b4                _calloc_r
 .text.__ssputs_r
                0x000057d0       0xb2 c:/program files (x86)/cypress/psoc creator/4.2/psoc creator/import/gnu/arm/5.4.1/bin/../lib/gcc/arm-none-eabi/5.4.1/../../../../arm-none-eabi/lib/armv7-m\libg_nano.a(lib_a-nano-svfprintf.o)
                0x000057d0                __ssputs_r
 *fill*         0x00005882        0x2 
 .text._svfprintf_r
                0x00005884      0x1e8 c:/program files (x86)/cypress/psoc creator/4.2/psoc creator/import/gnu/arm/5.4.1/bin/../lib/gcc/arm-none-eabi/5.4.1/../../../../arm-none-eabi/lib/armv7-m\libg_nano.a(lib_a-nano-svfprintf.o)
                0x00005884                _svfiprintf_r
                0x00005884                _svfprintf_r
 .text.memmove  0x00005a6c       0x36 c:/program files (x86)/cypress/psoc creator/4.2/psoc creator/import/gnu/arm/5.4.1/bin/../lib/gcc/arm-none-eabi/5.4.1/../../../../arm-none-eabi/lib/armv7-m\libg_nano.a(lib_a-memmove.o)
                0x00005a6c                memmove
 .text._realloc_r
                0x00005aa2       0x4c c:/program files (x86)/cypress/psoc creator/4.2/psoc creator/import/gnu/arm/5.4.1/bin/../lib/gcc/arm-none-eabi/5.4.1/../../../../arm-none-eabi/lib/armv7-m\libg_nano.a(lib_a-nano-reallocr.o)
                0x00005aa2                _realloc_r
 .text._malloc_usable_size_r
                0x00005aee       0x14 c:/program files (x86)/cypress/psoc creator/4.2/psoc creator/import/gnu/arm/5.4.1/bin/../lib/gcc/arm-none-eabi/5.4.1/../../../../arm-none-eabi/lib/armv7-m\libg_nano.a(lib_a-nano-msizer.o)
                0x00005aee                _malloc_usable_size_r
 *fill*         0x00005b02        0x2 
 .text          0x00005b04       0x2c c:/program files (x86)/cypress/psoc creator/4.2/psoc creator/import/gnu/arm/5.4.1/bin/../lib/gcc/arm-none-eabi/5.4.1/armv7-m\libgcc.a(_arm_unorddf2.o)
                0x00005b04                __unorddf2
                0x00005b04                __aeabi_dcmpun
 .text          0x00005b30       0x50 c:/program files (x86)/cypress/psoc creator/4.2/psoc creator/import/gnu/arm/5.4.1/bin/../lib/gcc/arm-none-eabi/5.4.1/armv7-m\libgcc.a(_arm_fixdfsi.o)
                0x00005b30                __aeabi_d2iz
                0x00005b30                __fixdfsi
 *(.plt)
 *(.gnu.warning)
 *(.glue_7t)
 .glue_7t       0x00005b80        0x0 linker stubs
 *(.glue_7)
 .glue_7        0x00005b80        0x0 linker stubs
 *(.vfp11_veneer)
 .vfp11_veneer  0x00005b80        0x0 linker stubs
 *(.bootloader)
 *(.ARM.extab* .gnu.linkonce.armextab.*)
 *(.gcc_except_table)

.v4_bx          0x00005b80        0x0
 .v4_bx         0x00005b80        0x0 linker stubs

.iplt           0x00005b80        0x0
 .iplt          0x00005b80        0x0 c:/program files (x86)/cypress/psoc creator/4.2/psoc creator/import/gnu/arm/5.4.1/bin/../lib/gcc/arm-none-eabi/5.4.1/armv7-m/crtbegin.o

.eh_frame_hdr
 *(.eh_frame_hdr)

.eh_frame       0x00005b80        0x4
 *(.eh_frame)
 .eh_frame      0x00005b80        0x0 c:/program files (x86)/cypress/psoc creator/4.2/psoc creator/import/gnu/arm/5.4.1/bin/../lib/gcc/arm-none-eabi/5.4.1/armv7-m/crtbegin.o
 .eh_frame      0x00005b80        0x4 c:/program files (x86)/cypress/psoc creator/4.2/psoc creator/import/gnu/arm/5.4.1/bin/../lib/gcc/arm-none-eabi/5.4.1/armv7-m/crtend.o
                [!provide]                PROVIDE (__exidx_start, .)

.ARM.exidx
 *(.ARM.exidx* .gnu.linkonce.armexidx.*)
                0x00005b84                __exidx_end = .

.rodata         0x00005b88     0x1e40
 *(.rodata .rodata.* .gnu.linkonce.r.*)
 .rodata.str1.4
                0x00005b88      0x236 .\CortexM3\ARM_GCC_541\Debug\main.o
 *fill*         0x00005dbe        0x2 
 .rodata        0x00005dc0        0x8 .\CortexM3\ARM_GCC_541\Debug\ModbusRtu.o
                0x00005dc0                fctsupported
 .rodata        0x00005dc8      0x100 .\CortexM3\ARM_GCC_541\Debug\one_wire.o
                0x00005dc8                crc_table
 .rodata        0x00005ec8     0x1964 .\CortexM3\ARM_GCC_541\Debug\cyfitter_cfg.o
                0x00005ecc                AMux__addrTable
                0x00005eec                AMux__maskTable
                0x00005ef4                ADC_AMux__addrTable
                0x00005efc                ADC_AMux__maskTable
 .rodata.str1.4
                0x0000782c        0x8 c:/program files (x86)/cypress/psoc creator/4.2/psoc creator/import/gnu/arm/5.4.1/bin/../lib/gcc/arm-none-eabi/5.4.1/../../../../arm-none-eabi/lib/armv7-m\libm.a(lib_a-wf_sqrt.o)
                                  0x6 (size before relaxing)
 .rodata.str1.1
                0x00007834        0x2 c:/program files (x86)/cypress/psoc creator/4.2/psoc creator/import/gnu/arm/5.4.1/bin/../lib/gcc/arm-none-eabi/5.4.1/../../../../arm-none-eabi/lib/armv7-m\libg_nano.a(lib_a-impure.o)
 .rodata.str1.1
                0x00007836       0x12 c:/program files (x86)/cypress/psoc creator/4.2/psoc creator/import/gnu/arm/5.4.1/bin/../lib/gcc/arm-none-eabi/5.4.1/../../../../arm-none-eabi/lib/armv7-m\libg_nano.a(lib_a-nano-vfprintf_float.o)
 .rodata.str1.1
                0x00007848       0x22 c:/program files (x86)/cypress/psoc creator/4.2/psoc creator/import/gnu/arm/5.4.1/bin/../lib/gcc/arm-none-eabi/5.4.1/../../../../arm-none-eabi/lib/armv7-m\libg_nano.a(lib_a-nano-vfprintf_i.o)
 .rodata.str1.1
                0x0000786a        0xd c:/program files (x86)/cypress/psoc creator/4.2/psoc creator/import/gnu/arm/5.4.1/bin/../lib/gcc/arm-none-eabi/5.4.1/../../../../arm-none-eabi/lib/armv7-m\libg_nano.a(lib_a-dtoa.o)
                                  0xf (size before relaxing)
 .rodata.str1.1
                0x00007877        0x8 c:/program files (x86)/cypress/psoc creator/4.2/psoc creator/import/gnu/arm/5.4.1/bin/../lib/gcc/arm-none-eabi/5.4.1/../../../../arm-none-eabi/lib/armv7-m\libg_nano.a(lib_a-locale.o)
                                  0xb (size before relaxing)
 *fill*         0x0000787f        0x1 
 .rodata.__mprec_tens
                0x00007880       0xc8 c:/program files (x86)/cypress/psoc creator/4.2/psoc creator/import/gnu/arm/5.4.1/bin/../lib/gcc/arm-none-eabi/5.4.1/../../../../arm-none-eabi/lib/armv7-m\libg_nano.a(lib_a-mprec.o)
                0x00007880                __mprec_tens
 .rodata.p05.5408
                0x00007948        0xc c:/program files (x86)/cypress/psoc creator/4.2/psoc creator/import/gnu/arm/5.4.1/bin/../lib/gcc/arm-none-eabi/5.4.1/../../../../arm-none-eabi/lib/armv7-m\libg_nano.a(lib_a-mprec.o)
 *fill*         0x00007954        0x4 
 .rodata.__mprec_bigtens
                0x00007958       0x28 c:/program files (x86)/cypress/psoc creator/4.2/psoc creator/import/gnu/arm/5.4.1/bin/../lib/gcc/arm-none-eabi/5.4.1/../../../../arm-none-eabi/lib/armv7-m\libg_nano.a(lib_a-mprec.o)
                0x00007958                __mprec_bigtens
 .rodata.str1.1
                0x00007980       0x11 c:/program files (x86)/cypress/psoc creator/4.2/psoc creator/import/gnu/arm/5.4.1/bin/../lib/gcc/arm-none-eabi/5.4.1/../../../../arm-none-eabi/lib/armv7-m\libg_nano.a(lib_a-nano-svfprintf.o)
                0x00007994                . = ALIGN (0x4)
 *fill*         0x00007991        0x3 
 *(.init)
 .init          0x00007994        0x4 c:/program files (x86)/cypress/psoc creator/4.2/psoc creator/import/gnu/arm/5.4.1/bin/../lib/gcc/arm-none-eabi/5.4.1/armv7-m/crti.o
                0x00007994                _init
 .init          0x00007998        0x8 c:/program files (x86)/cypress/psoc creator/4.2/psoc creator/import/gnu/arm/5.4.1/bin/../lib/gcc/arm-none-eabi/5.4.1/armv7-m/crtn.o
                0x000079a0                . = ALIGN (0x4)
                0x000079a0                __preinit_array_start = .
 *(.preinit_array)
                0x000079a0                __preinit_array_end = .
                0x000079a0                . = ALIGN (0x4)
                0x000079a0                __init_array_start = .
 *(SORT(.init_array.*))
 *(.init_array)
 .init_array    0x000079a0        0x4 c:/program files (x86)/cypress/psoc creator/4.2/psoc creator/import/gnu/arm/5.4.1/bin/../lib/gcc/arm-none-eabi/5.4.1/armv7-m/crtbegin.o
 .init_array    0x000079a4        0x4 .\CortexM3\ARM_GCC_541\Debug\Cm3Start.o
                0x000079a8                __init_array_end = .
                0x000079a8                . = ALIGN (0x4)
 *(.fini)
 .fini          0x000079a8        0x4 c:/program files (x86)/cypress/psoc creator/4.2/psoc creator/import/gnu/arm/5.4.1/bin/../lib/gcc/arm-none-eabi/5.4.1/armv7-m/crti.o
                0x000079a8                _fini
 .fini          0x000079ac        0x8 c:/program files (x86)/cypress/psoc creator/4.2/psoc creator/import/gnu/arm/5.4.1/bin/../lib/gcc/arm-none-eabi/5.4.1/armv7-m/crtn.o
                0x000079b4                . = ALIGN (0x4)
                0x000079b4                __fini_array_start = .
 *(.fini_array)
 .fini_array    0x000079b4        0x4 c:/program files (x86)/cypress/psoc creator/4.2/psoc creator/import/gnu/arm/5.4.1/bin/../lib/gcc/arm-none-eabi/5.4.1/armv7-m/crtbegin.o
 *(SORT(.fini_array.*))
                0x000079b8                __fini_array_end = .
                0x000079b8                . = ALIGN (0x4)
 *crtbegin.o(.ctors)
 *(EXCLUDE_FILE(*crtend.o) .ctors)
 *(SORT(.ctors.*))
 *crtend.o(.ctors)
                0x000079b8                . = ALIGN (0x4)
 *crtbegin.o(.dtors)
 *(EXCLUDE_FILE(*crtend.o) .dtors)
 *(SORT(.dtors.*))
 *crtend.o(.dtors)
                0x000079b8                . = ALIGN (0x4)
                0x000079b8                __cy_regions = .
                0x000079b8        0x4 LONG 0x79c8 __cy_region_init_ram
                0x000079bc        0x4 LONG 0x1fff80c8 __cy_region_start_data
                0x000079c0        0x4 LONG 0xc0 __cy_region_init_size_ram
                0x000079c4        0x4 LONG 0xd90 __cy_region_zero_size_ram
                0x000079c8                __cy_regions_end = .
                0x000079c8                . = ALIGN (0x8)
                0x000079c8                _etext = .

.cy_checksum_exclude
                0x000079c8        0x0
 *(.cy_checksum_exclude)

.ramvectors     0x1fff8000       0xc0
                0x1fff8000                __cy_region_start_ram = .
 *(.ramvectors)
 .ramvectors    0x1fff8000       0xc0 .\CortexM3\ARM_GCC_541\Debug\Cm3Start.o
                0x1fff8000                CyRamVectors

.noinit         0x1fff80c0        0x1
 *(.noinit)
 .noinit        0x1fff80c0        0x1 .\CortexM3\ARM_GCC_541\Debug\AHU_1.a(CyLib.o)
                0x1fff80c0                CyResetStatus

.data           0x1fff80c8       0xc0 load address 0x000079c8
                0x1fff80c8                __cy_region_start_data = .
 *(.jcr)
 .jcr           0x1fff80c8        0x0 c:/program files (x86)/cypress/psoc creator/4.2/psoc creator/import/gnu/arm/5.4.1/bin/../lib/gcc/arm-none-eabi/5.4.1/armv7-m/crtbegin.o
 .jcr           0x1fff80c8        0x4 c:/program files (x86)/cypress/psoc creator/4.2/psoc creator/import/gnu/arm/5.4.1/bin/../lib/gcc/arm-none-eabi/5.4.1/armv7-m/crtend.o
 *(.got.plt)
 *(.got)
 *(.shdata)
 *(.data .data.* .gnu.linkonce.d.*)
 .data          0x1fff80cc        0x2 .\CortexM3\ARM_GCC_541\Debug\ds18b20.o
 *fill*         0x1fff80ce        0x2 
 .data          0x1fff80d0        0x4 .\CortexM3\ARM_GCC_541\Debug\Cm3Start.o
 .data          0x1fff80d4       0x10 .\CortexM3\ARM_GCC_541\Debug\AHU_1.a(CyLib.o)
                0x1fff80d4                cydelay_32k_ms
                0x1fff80d8                cydelay_freq_khz
                0x1fff80dc                cydelay_freq_mhz
                0x1fff80e0                cydelay_freq_hz
 .data          0x1fff80e4        0x1 .\CortexM3\ARM_GCC_541\Debug\AHU_1.a(ADC.o)
                0x1fff80e4                ADC_Config
 .data          0x1fff80e5        0x1 .\CortexM3\ARM_GCC_541\Debug\AHU_1.a(ADC_AMux.o)
 .data          0x1fff80e6        0x1 .\CortexM3\ARM_GCC_541\Debug\AHU_1.a(AMux.o)
 .data.__fdlib_version
                0x1fff80e7        0x1 c:/program files (x86)/cypress/psoc creator/4.2/psoc creator/import/gnu/arm/5.4.1/bin/../lib/gcc/arm-none-eabi/5.4.1/../../../../arm-none-eabi/lib/armv7-m\libm.a(lib_a-s_lib_ver.o)
                0x1fff80e7                __fdlib_version
 .data.impure_data
                0x1fff80e8       0x60 c:/program files (x86)/cypress/psoc creator/4.2/psoc creator/import/gnu/arm/5.4.1/bin/../lib/gcc/arm-none-eabi/5.4.1/../../../../arm-none-eabi/lib/armv7-m\libg_nano.a(lib_a-impure.o)
 .data._impure_ptr
                0x1fff8148        0x4 c:/program files (x86)/cypress/psoc creator/4.2/psoc creator/import/gnu/arm/5.4.1/bin/../lib/gcc/arm-none-eabi/5.4.1/../../../../arm-none-eabi/lib/armv7-m\libg_nano.a(lib_a-impure.o)
                0x1fff8148                _impure_ptr
 .data.lconv    0x1fff814c       0x38 c:/program files (x86)/cypress/psoc creator/4.2/psoc creator/import/gnu/arm/5.4.1/bin/../lib/gcc/arm-none-eabi/5.4.1/../../../../arm-none-eabi/lib/armv7-m\libg_nano.a(lib_a-locale.o)
                0x1fff8188                . = ALIGN (0x8)
 *fill*         0x1fff8184        0x4 
 *(.ram)
                0x1fff8188                _edata = .

.igot.plt       0x1fff8188        0x0 load address 0x00007a88
 .igot.plt      0x1fff8188        0x0 c:/program files (x86)/cypress/psoc creator/4.2/psoc creator/import/gnu/arm/5.4.1/bin/../lib/gcc/arm-none-eabi/5.4.1/armv7-m/crtbegin.o

.bss            0x1fff8188      0xd90 load address 0x00007a88
                0x1fff8188                PROVIDE (__bss_start__, .)
 *(.shbss)
 *(.bss .bss.* .gnu.linkonce.b.*)
 .bss           0x1fff8188       0x1c c:/program files (x86)/cypress/psoc creator/4.2/psoc creator/import/gnu/arm/5.4.1/bin/../lib/gcc/arm-none-eabi/5.4.1/armv7-m/crtbegin.o
 .bss           0x1fff81a4       0x5d .\CortexM3\ARM_GCC_541\Debug\main.o
                0x1fff81a4                wemos_pos
                0x1fff81a8                last31865
                0x1fff81c8                lastDS18B20
                0x1fff81f0                last_Adc_result
                0x1fff8200                lastPins
 *fill*         0x1fff8201        0x3 
 .bss           0x1fff8204        0x4 .\CortexM3\ARM_GCC_541\Debug\ds18b20.o
 .bss           0x1fff8208        0x1 .\CortexM3\ARM_GCC_541\Debug\one_wire.o
                0x1fff8208                one_wire_device_count
 .bss           0x1fff8209        0x2 .\CortexM3\ARM_GCC_541\Debug\AHU_1.a(RS485.o)
                0x1fff8209                RS485_initVar
 .bss           0x1fff820b        0x1 .\CortexM3\ARM_GCC_541\Debug\AHU_1.a(Timer.o)
                0x1fff820b                Timer_initVar
 .bss           0x1fff820c        0x1 .\CortexM3\ARM_GCC_541\Debug\AHU_1.a(SPIM.o)
                0x1fff820c                SPIM_initVar
 *fill*         0x1fff820d        0x3 
 .bss           0x1fff8210        0xc .\CortexM3\ARM_GCC_541\Debug\AHU_1.a(ADC.o)
                0x1fff8214                ADC_stopConversion
                0x1fff8215                ADC_convDone
                0x1fff8216                ADC_initVar
                0x1fff8217                ADC_started
                0x1fff8218                ADC_Offset
 .bss           0x1fff821c        0x2 .\CortexM3\ARM_GCC_541\Debug\AHU_1.a(Wemos.o)
                0x1fff821c                Wemos_initVar
 *fill*         0x1fff821e        0x2 
 .bss.__malloc_sbrk_start
                0x1fff8220        0x4 c:/program files (x86)/cypress/psoc creator/4.2/psoc creator/import/gnu/arm/5.4.1/bin/../lib/gcc/arm-none-eabi/5.4.1/../../../../arm-none-eabi/lib/armv7-m\libg_nano.a(lib_a-nano-mallocr.o)
                0x1fff8220                __malloc_sbrk_start
 .bss.__malloc_free_list
                0x1fff8224        0x4 c:/program files (x86)/cypress/psoc creator/4.2/psoc creator/import/gnu/arm/5.4.1/bin/../lib/gcc/arm-none-eabi/5.4.1/../../../../arm-none-eabi/lib/armv7-m\libg_nano.a(lib_a-nano-mallocr.o)
                0x1fff8224                __malloc_free_list
 *(COMMON)
 COMMON         0x1fff8228      0xb60 .\CortexM3\ARM_GCC_541\Debug\main.o
                0x1fff8228                version
                0x1fff8234                registers
                0x1fff86e4                esc_time
                0x1fff86e8                modbus_slave
                0x1fff86e9                esc
                0x1fff86ea                myId
                0x1fff86ec                temp_regs
                0x1fff873c                modbus_wait
                0x1fff8740                Global_time
                0x1fff8744                telegram
                0x1fff8750                temp_message
                0x1fff87d0                modbus_state
                0x1fff87d4                wemos_buffer
                0x1fff88d4                slave_id
                0x1fff88d6                last_modbus_time
                0x1fff88d8                last_registers
 COMMON         0x1fff8d88      0x124 .\CortexM3\ARM_GCC_541\Debug\ModbusRtu.o
                0x1fff8d88                au16regs
                0x1fff8d8c                u8lastRec
                0x1fff8d8e                u16errCnt
                0x1fff8d90                u16InCnt
                0x1fff8d92                u8state
                0x1fff8d93                u8serno
                0x1fff8d94                u32timeOut
                0x1fff8d98                u16OutCnt
                0x1fff8d9a                u8txenpin
                0x1fff8d9c                au8Buffer
                0x1fff8e9a                u16timeOut
                0x1fff8e9c                u8id
                0x1fff8ea0                u32time
                0x1fff8ea4                u8BufferSize
                0x1fff8ea5                u8regsize
                0x1fff8ea6                u8lastError
                0x1fff8ea8                u32overTime
 COMMON         0x1fff8eac       0x60 .\CortexM3\ARM_GCC_541\Debug\one_wire.o
                0x1fff8eac                last_device_flag
                0x1fff8eb0                ROM_NO
                0x1fff8eb8                crc8
                0x1fff8eb9                state
                0x1fff8eba                last_mismatch
                0x1fff8ebc                one_wire_devices
 COMMON         0x1fff8f0c        0x4 .\CortexM3\ARM_GCC_541\Debug\AHU_1.a(ADC.o)
                0x1fff8f0c                ADC_CountsPerVolt
 COMMON         0x1fff8f10        0x4 c:/program files (x86)/cypress/psoc creator/4.2/psoc creator/import/gnu/arm/5.4.1/bin/../lib/gcc/arm-none-eabi/5.4.1/../../../../arm-none-eabi/lib/armv7-m\libg_nano.a(lib_a-reent.o)
                0x1fff8f10                errno
                0x1fff8f18                . = ALIGN (0x8)
 *fill*         0x1fff8f14        0x4 
 *(.ram.b)
                0x1fff8f18                _end = .
                0x1fff8f18                __end = .
                0x1fff8f18                PROVIDE (end, .)
                0x1fff8f18                PROVIDE (__bss_end__, .)
                0x000079c8                __cy_region_init_ram = LOADADDR (.data)
                0x000000c0                __cy_region_init_size_ram = (_edata - ADDR (.data))
                0x00000d90                __cy_region_zero_size_ram = (_end - _edata)

.heap           0x1fff8f18     0x6000 load address 0x00007a88
                0x1fff8f18                . = _end
                0x1fffef18                . = (. + 0x6000)
 *fill*         0x1fff8f18     0x6000 
                0x1fffef18                __cy_heap_limit = .

.stack          0x20002000     0x6000
                0x20002000                __cy_stack_limit = .
                0x20008000                . = (. + 0x6000)
 *fill*         0x20002000     0x6000 
                0x00000001                ASSERT ((__cy_stack_limit >= __cy_heap_limit), region RAM overflowed with stack)
                0x00000000                cy_checksum_exclude_size = (CY_APPL_LOADABLE == 0x1)?SIZEOF (.cy_checksum_exclude):0x0
                0x00000001                ASSERT ((cy_checksum_exclude_size <= CY_CHECKSUM_EXCLUDE_SIZE), CY_BOOT: Section .cy_checksum_exclude size exceedes specified limit.)

.cyloadermeta
 *(.cyloadermeta)

.cyloadablemeta
 *(.cyloadablemeta)

.cyconfigecc
 *(.cyconfigecc)

.cycustnvl      0x90000000        0x4
 *(.cycustnvl)
 .cycustnvl     0x90000000        0x4 .\CortexM3\ARM_GCC_541\Debug\cymetadata.o
                0x90000000                cy_meta_custnvl

.cywolatch      0x90100000        0x4
 *(.cywolatch)
 .cywolatch     0x90100000        0x4 .\CortexM3\ARM_GCC_541\Debug\cymetadata.o
                0x90100000                cy_meta_wonvl

.cyeeprom       0x90200000        0x0
 *(.cyeeprom)
                0x00000001                ASSERT ((. <= ((0x90200000 + ee_offset) + ee_size)), .cyeeprom data will not fit in EEPROM)

.cyflashprotect
                0x90400000      0x100
 *(.cyflashprotect)
 .cyflashprotect
                0x90400000      0x100 .\CortexM3\ARM_GCC_541\Debug\cymetadata.o
                0x90400000                cy_meta_flashprotect

.cymeta         0x90500000        0xc
 *(.cymeta)
 .cymeta        0x90500000        0xc .\CortexM3\ARM_GCC_541\Debug\cymetadata.o
                0x90500000                cy_metadata

.rel.dyn        0x00007a88        0x0 load address 0x9050000c
 .rel.iplt      0x00007a88        0x0 c:/program files (x86)/cypress/psoc creator/4.2/psoc creator/import/gnu/arm/5.4.1/bin/../lib/gcc/arm-none-eabi/5.4.1/armv7-m/crtbegin.o

.stab
 *(.stab)

.stabstr
 *(.stabstr)

.debug
 *(.debug)

.line
 *(.line)

.debug_srcinfo
 *(.debug_srcinfo)

.debug_sfnames
 *(.debug_sfnames)

.debug_aranges  0x00000000     0x1120
 *(.debug_aranges)
 .debug_aranges
                0x00000000       0x48 .\CortexM3\ARM_GCC_541\Debug\main.o
 .debug_aranges
                0x00000048       0x80 .\CortexM3\ARM_GCC_541\Debug\max31865.o
 .debug_aranges
                0x000000c8       0xc0 .\CortexM3\ARM_GCC_541\Debug\ModbusRtu.o
 .debug_aranges
                0x00000188       0x78 .\CortexM3\ARM_GCC_541\Debug\ds18b20.o
 .debug_aranges
                0x00000200       0x98 .\CortexM3\ARM_GCC_541\Debug\one_wire.o
 .debug_aranges
                0x00000298       0x78 .\CortexM3\ARM_GCC_541\Debug\cyfitter_cfg.o
 .debug_aranges
                0x00000310       0x18 .\CortexM3\ARM_GCC_541\Debug\cymetadata.o
 .debug_aranges
                0x00000328       0x48 .\CortexM3\ARM_GCC_541\Debug\Cm3Start.o
 .debug_aranges
                0x00000370      0x2a0 .\CortexM3\ARM_GCC_541\Debug\AHU_1.a(CyLib.o)
 .debug_aranges
                0x00000610       0x98 .\CortexM3\ARM_GCC_541\Debug\AHU_1.a(cyPm.o)
 .debug_aranges
                0x000006a8       0xf0 .\CortexM3\ARM_GCC_541\Debug\AHU_1.a(RS485.o)
 .debug_aranges
                0x00000798       0x70 .\CortexM3\ARM_GCC_541\Debug\AHU_1.a(RS485_IntClock.o)
 .debug_aranges
                0x00000808       0x88 .\CortexM3\ARM_GCC_541\Debug\AHU_1.a(Timer.o)
 .debug_aranges
                0x00000890       0x80 .\CortexM3\ARM_GCC_541\Debug\AHU_1.a(Timer_Int.o)
 .debug_aranges
                0x00000910       0xd8 .\CortexM3\ARM_GCC_541\Debug\AHU_1.a(SPIM.o)
 .debug_aranges
                0x000009e8       0x70 .\CortexM3\ARM_GCC_541\Debug\AHU_1.a(SPIM_IntClock.o)
 .debug_aranges
                0x00000a58       0xe8 .\CortexM3\ARM_GCC_541\Debug\AHU_1.a(ADC.o)
 .debug_aranges
                0x00000b40       0x38 .\CortexM3\ARM_GCC_541\Debug\AHU_1.a(ADC_INT.o)
 .debug_aranges
                0x00000b78       0x30 .\CortexM3\ARM_GCC_541\Debug\AHU_1.a(ADC_AMux.o)
 .debug_aranges
                0x00000ba8       0x70 .\CortexM3\ARM_GCC_541\Debug\AHU_1.a(ADC_Ext_CP_Clk.o)
 .debug_aranges
                0x00000c18       0x80 .\CortexM3\ARM_GCC_541\Debug\AHU_1.a(ADC_theACLK.o)
 .debug_aranges
                0x00000c98       0x30 .\CortexM3\ARM_GCC_541\Debug\AHU_1.a(AMux.o)
 .debug_aranges
                0x00000cc8       0x38 .\CortexM3\ARM_GCC_541\Debug\AHU_1.a(MAX31865_CS.o)
 .debug_aranges
                0x00000d00       0x38 .\CortexM3\ARM_GCC_541\Debug\AHU_1.a(LED.o)
 .debug_aranges
                0x00000d38       0x38 .\CortexM3\ARM_GCC_541\Debug\AHU_1.a(Wire1.o)
 .debug_aranges
                0x00000d70       0x80 .\CortexM3\ARM_GCC_541\Debug\AHU_1.a(Wemos_Rx_Int.o)
 .debug_aranges
                0x00000df0       0x38 .\CortexM3\ARM_GCC_541\Debug\AHU_1.a(DINP.o)
 .debug_aranges
                0x00000e28       0xf0 .\CortexM3\ARM_GCC_541\Debug\AHU_1.a(Wemos.o)
 .debug_aranges
                0x00000f18       0x38 .\CortexM3\ARM_GCC_541\Debug\AHU_1.a(RS485_En.o)
 .debug_aranges
                0x00000f50       0x38 .\CortexM3\ARM_GCC_541\Debug\AHU_1.a(DIP.o)
 .debug_aranges
                0x00000f88       0x70 .\CortexM3\ARM_GCC_541\Debug\AHU_1.a(Wemos_IntClock.o)
 .debug_aranges
                0x00000ff8       0x20 .\CortexM3\ARM_GCC_541\Debug\AHU_1.a(CyBootAsmGnu.o)
 .debug_aranges
                0x00001018       0x88 .\CortexM3\ARM_GCC_541\Debug\AHU_1.a(CyFlash.o)
 .debug_aranges
                0x000010a0       0x80 .\CortexM3\ARM_GCC_541\Debug\AHU_1.a(CySpc.o)

.debug_pubnames
 *(.debug_pubnames)

.debug_info     0x00000000     0xa6d1
 *(.debug_info .gnu.linkonce.wi.*)
 .debug_info    0x00000000     0x1041 .\CortexM3\ARM_GCC_541\Debug\main.o
 .debug_info    0x00001041      0x890 .\CortexM3\ARM_GCC_541\Debug\max31865.o
 .debug_info    0x000018d1      0xb8f .\CortexM3\ARM_GCC_541\Debug\ModbusRtu.o
 .debug_info    0x00002460      0x5c1 .\CortexM3\ARM_GCC_541\Debug\ds18b20.o
 .debug_info    0x00002a21      0x771 .\CortexM3\ARM_GCC_541\Debug\one_wire.o
 .debug_info    0x00003192      0xcb3 .\CortexM3\ARM_GCC_541\Debug\cyfitter_cfg.o
 .debug_info    0x00003e45      0x10e .\CortexM3\ARM_GCC_541\Debug\cymetadata.o
 .debug_info    0x00003f53      0x3bb .\CortexM3\ARM_GCC_541\Debug\Cm3Start.o
 .debug_info    0x0000430e     0x1374 .\CortexM3\ARM_GCC_541\Debug\AHU_1.a(CyLib.o)
 .debug_info    0x00005682      0xa2a .\CortexM3\ARM_GCC_541\Debug\AHU_1.a(cyPm.o)
 .debug_info    0x000060ac      0x60c .\CortexM3\ARM_GCC_541\Debug\AHU_1.a(RS485.o)
 .debug_info    0x000066b8      0x283 .\CortexM3\ARM_GCC_541\Debug\AHU_1.a(RS485_IntClock.o)
 .debug_info    0x0000693b      0x295 .\CortexM3\ARM_GCC_541\Debug\AHU_1.a(Timer.o)
 .debug_info    0x00006bd0      0x2d2 .\CortexM3\ARM_GCC_541\Debug\AHU_1.a(Timer_Int.o)
 .debug_info    0x00006ea2      0x4bb .\CortexM3\ARM_GCC_541\Debug\AHU_1.a(SPIM.o)
 .debug_info    0x0000735d      0x283 .\CortexM3\ARM_GCC_541\Debug\AHU_1.a(SPIM_IntClock.o)
 .debug_info    0x000075e0      0xa1c .\CortexM3\ARM_GCC_541\Debug\AHU_1.a(ADC.o)
 .debug_info    0x00007ffc       0xd3 .\CortexM3\ARM_GCC_541\Debug\AHU_1.a(ADC_INT.o)
 .debug_info    0x000080cf      0x165 .\CortexM3\ARM_GCC_541\Debug\AHU_1.a(ADC_AMux.o)
 .debug_info    0x00008234      0x283 .\CortexM3\ARM_GCC_541\Debug\AHU_1.a(ADC_Ext_CP_Clk.o)
 .debug_info    0x000084b7      0x2c4 .\CortexM3\ARM_GCC_541\Debug\AHU_1.a(ADC_theACLK.o)
 .debug_info    0x0000877b      0x165 .\CortexM3\ARM_GCC_541\Debug\AHU_1.a(AMux.o)
 .debug_info    0x000088e0      0x11c .\CortexM3\ARM_GCC_541\Debug\AHU_1.a(MAX31865_CS.o)
 .debug_info    0x000089fc      0x11f .\CortexM3\ARM_GCC_541\Debug\AHU_1.a(LED.o)
 .debug_info    0x00008b1b      0x11f .\CortexM3\ARM_GCC_541\Debug\AHU_1.a(Wire1.o)
 .debug_info    0x00008c3a      0x2d2 .\CortexM3\ARM_GCC_541\Debug\AHU_1.a(Wemos_Rx_Int.o)
 .debug_info    0x00008f0c      0x11f .\CortexM3\ARM_GCC_541\Debug\AHU_1.a(DINP.o)
 .debug_info    0x0000902b      0x60c .\CortexM3\ARM_GCC_541\Debug\AHU_1.a(Wemos.o)
 .debug_info    0x00009637      0x11f .\CortexM3\ARM_GCC_541\Debug\AHU_1.a(RS485_En.o)
 .debug_info    0x00009756      0x11f .\CortexM3\ARM_GCC_541\Debug\AHU_1.a(DIP.o)
 .debug_info    0x00009875      0x283 .\CortexM3\ARM_GCC_541\Debug\AHU_1.a(Wemos_IntClock.o)
 .debug_info    0x00009af8       0x70 .\CortexM3\ARM_GCC_541\Debug\AHU_1.a(CyBootAsmGnu.o)
 .debug_info    0x00009b68      0x62d .\CortexM3\ARM_GCC_541\Debug\AHU_1.a(CyFlash.o)
 .debug_info    0x0000a195      0x53c .\CortexM3\ARM_GCC_541\Debug\AHU_1.a(CySpc.o)

.debug_abbrev   0x00000000     0x2b2c
 *(.debug_abbrev)
 .debug_abbrev  0x00000000      0x201 .\CortexM3\ARM_GCC_541\Debug\main.o
 .debug_abbrev  0x00000201      0x19d .\CortexM3\ARM_GCC_541\Debug\max31865.o
 .debug_abbrev  0x0000039e      0x2fa .\CortexM3\ARM_GCC_541\Debug\ModbusRtu.o
 .debug_abbrev  0x00000698      0x18c .\CortexM3\ARM_GCC_541\Debug\ds18b20.o
 .debug_abbrev  0x00000824      0x265 .\CortexM3\ARM_GCC_541\Debug\one_wire.o
 .debug_abbrev  0x00000a89      0x1f9 .\CortexM3\ARM_GCC_541\Debug\cyfitter_cfg.o
 .debug_abbrev  0x00000c82       0x5d .\CortexM3\ARM_GCC_541\Debug\cymetadata.o
 .debug_abbrev  0x00000cdf      0x1e8 .\CortexM3\ARM_GCC_541\Debug\Cm3Start.o
 .debug_abbrev  0x00000ec7      0x254 .\CortexM3\ARM_GCC_541\Debug\AHU_1.a(CyLib.o)
 .debug_abbrev  0x0000111b      0x1ab .\CortexM3\ARM_GCC_541\Debug\AHU_1.a(cyPm.o)
 .debug_abbrev  0x000012c6      0x175 .\CortexM3\ARM_GCC_541\Debug\AHU_1.a(RS485.o)
 .debug_abbrev  0x0000143b      0x139 .\CortexM3\ARM_GCC_541\Debug\AHU_1.a(RS485_IntClock.o)
 .debug_abbrev  0x00001574      0x11a .\CortexM3\ARM_GCC_541\Debug\AHU_1.a(Timer.o)
 .debug_abbrev  0x0000168e      0x173 .\CortexM3\ARM_GCC_541\Debug\AHU_1.a(Timer_Int.o)
 .debug_abbrev  0x00001801      0x146 .\CortexM3\ARM_GCC_541\Debug\AHU_1.a(SPIM.o)
 .debug_abbrev  0x00001947      0x139 .\CortexM3\ARM_GCC_541\Debug\AHU_1.a(SPIM_IntClock.o)
 .debug_abbrev  0x00001a80      0x1cd .\CortexM3\ARM_GCC_541\Debug\AHU_1.a(ADC.o)
 .debug_abbrev  0x00001c4d       0x42 .\CortexM3\ARM_GCC_541\Debug\AHU_1.a(ADC_INT.o)
 .debug_abbrev  0x00001c8f       0xb1 .\CortexM3\ARM_GCC_541\Debug\AHU_1.a(ADC_AMux.o)
 .debug_abbrev  0x00001d40      0x139 .\CortexM3\ARM_GCC_541\Debug\AHU_1.a(ADC_Ext_CP_Clk.o)
 .debug_abbrev  0x00001e79      0x121 .\CortexM3\ARM_GCC_541\Debug\AHU_1.a(ADC_theACLK.o)
 .debug_abbrev  0x00001f9a       0xb1 .\CortexM3\ARM_GCC_541\Debug\AHU_1.a(AMux.o)
 .debug_abbrev  0x0000204b       0x9f .\CortexM3\ARM_GCC_541\Debug\AHU_1.a(MAX31865_CS.o)
 .debug_abbrev  0x000020ea       0x90 .\CortexM3\ARM_GCC_541\Debug\AHU_1.a(LED.o)
 .debug_abbrev  0x0000217a       0x90 .\CortexM3\ARM_GCC_541\Debug\AHU_1.a(Wire1.o)
 .debug_abbrev  0x0000220a      0x173 .\CortexM3\ARM_GCC_541\Debug\AHU_1.a(Wemos_Rx_Int.o)
 .debug_abbrev  0x0000237d       0x90 .\CortexM3\ARM_GCC_541\Debug\AHU_1.a(DINP.o)
 .debug_abbrev  0x0000240d      0x175 .\CortexM3\ARM_GCC_541\Debug\AHU_1.a(Wemos.o)
 .debug_abbrev  0x00002582       0x90 .\CortexM3\ARM_GCC_541\Debug\AHU_1.a(RS485_En.o)
 .debug_abbrev  0x00002612       0x90 .\CortexM3\ARM_GCC_541\Debug\AHU_1.a(DIP.o)
 .debug_abbrev  0x000026a2      0x139 .\CortexM3\ARM_GCC_541\Debug\AHU_1.a(Wemos_IntClock.o)
 .debug_abbrev  0x000027db       0x14 .\CortexM3\ARM_GCC_541\Debug\AHU_1.a(CyBootAsmGnu.o)
 .debug_abbrev  0x000027ef      0x1a9 .\CortexM3\ARM_GCC_541\Debug\AHU_1.a(CyFlash.o)
 .debug_abbrev  0x00002998      0x194 .\CortexM3\ARM_GCC_541\Debug\AHU_1.a(CySpc.o)

.debug_line     0x00000000     0x4587
 *(.debug_line)
 .debug_line    0x00000000      0x4fb .\CortexM3\ARM_GCC_541\Debug\main.o
 .debug_line    0x000004fb      0x362 .\CortexM3\ARM_GCC_541\Debug\max31865.o
 .debug_line    0x0000085d      0x4f3 .\CortexM3\ARM_GCC_541\Debug\ModbusRtu.o
 .debug_line    0x00000d50      0x32f .\CortexM3\ARM_GCC_541\Debug\ds18b20.o
 .debug_line    0x0000107f      0x35b .\CortexM3\ARM_GCC_541\Debug\one_wire.o
 .debug_line    0x000013da      0x23c .\CortexM3\ARM_GCC_541\Debug\cyfitter_cfg.o
 .debug_line    0x00001616      0x141 .\CortexM3\ARM_GCC_541\Debug\cymetadata.o
 .debug_line    0x00001757      0x234 .\CortexM3\ARM_GCC_541\Debug\Cm3Start.o
 .debug_line    0x0000198b      0x816 .\CortexM3\ARM_GCC_541\Debug\AHU_1.a(CyLib.o)
 .debug_line    0x000021a1      0x367 .\CortexM3\ARM_GCC_541\Debug\AHU_1.a(cyPm.o)
 .debug_line    0x00002508      0x2be .\CortexM3\ARM_GCC_541\Debug\AHU_1.a(RS485.o)
 .debug_line    0x000027c6      0x17d .\CortexM3\ARM_GCC_541\Debug\AHU_1.a(RS485_IntClock.o)
 .debug_line    0x00002943      0x153 .\CortexM3\ARM_GCC_541\Debug\AHU_1.a(Timer.o)
 .debug_line    0x00002a96      0x136 .\CortexM3\ARM_GCC_541\Debug\AHU_1.a(Timer_Int.o)
 .debug_line    0x00002bcc      0x243 .\CortexM3\ARM_GCC_541\Debug\AHU_1.a(SPIM.o)
 .debug_line    0x00002e0f      0x17c .\CortexM3\ARM_GCC_541\Debug\AHU_1.a(SPIM_IntClock.o)
 .debug_line    0x00002f8b      0x363 .\CortexM3\ARM_GCC_541\Debug\AHU_1.a(ADC.o)
 .debug_line    0x000032ee       0x80 .\CortexM3\ARM_GCC_541\Debug\AHU_1.a(ADC_INT.o)
 .debug_line    0x0000336e       0xac .\CortexM3\ARM_GCC_541\Debug\AHU_1.a(ADC_AMux.o)
 .debug_line    0x0000341a      0x17d .\CortexM3\ARM_GCC_541\Debug\AHU_1.a(ADC_Ext_CP_Clk.o)
 .debug_line    0x00003597      0x19d .\CortexM3\ARM_GCC_541\Debug\AHU_1.a(ADC_theACLK.o)
 .debug_line    0x00003734       0xa8 .\CortexM3\ARM_GCC_541\Debug\AHU_1.a(AMux.o)
 .debug_line    0x000037dc       0x9f .\CortexM3\ARM_GCC_541\Debug\AHU_1.a(MAX31865_CS.o)
 .debug_line    0x0000387b       0x90 .\CortexM3\ARM_GCC_541\Debug\AHU_1.a(LED.o)
 .debug_line    0x0000390b       0x92 .\CortexM3\ARM_GCC_541\Debug\AHU_1.a(Wire1.o)
 .debug_line    0x0000399d      0x139 .\CortexM3\ARM_GCC_541\Debug\AHU_1.a(Wemos_Rx_Int.o)
 .debug_line    0x00003ad6       0x94 .\CortexM3\ARM_GCC_541\Debug\AHU_1.a(DINP.o)
 .debug_line    0x00003b6a      0x2be .\CortexM3\ARM_GCC_541\Debug\AHU_1.a(Wemos.o)
 .debug_line    0x00003e28       0x95 .\CortexM3\ARM_GCC_541\Debug\AHU_1.a(RS485_En.o)
 .debug_line    0x00003ebd       0x93 .\CortexM3\ARM_GCC_541\Debug\AHU_1.a(DIP.o)
 .debug_line    0x00003f50      0x17d .\CortexM3\ARM_GCC_541\Debug\AHU_1.a(Wemos_IntClock.o)
 .debug_line    0x000040cd       0x66 .\CortexM3\ARM_GCC_541\Debug\AHU_1.a(CyBootAsmGnu.o)
 .debug_line    0x00004133      0x210 .\CortexM3\ARM_GCC_541\Debug\AHU_1.a(CyFlash.o)
 .debug_line    0x00004343      0x244 .\CortexM3\ARM_GCC_541\Debug\AHU_1.a(CySpc.o)

.debug_frame    0x00000000     0x32c0
 *(.debug_frame)
 .debug_frame   0x00000000       0xe4 .\CortexM3\ARM_GCC_541\Debug\main.o
 .debug_frame   0x000000e4      0x1c8 .\CortexM3\ARM_GCC_541\Debug\max31865.o
 .debug_frame   0x000002ac      0x244 .\CortexM3\ARM_GCC_541\Debug\ModbusRtu.o
 .debug_frame   0x000004f0      0x168 .\CortexM3\ARM_GCC_541\Debug\ds18b20.o
 .debug_frame   0x00000658      0x1d0 .\CortexM3\ARM_GCC_541\Debug\one_wire.o
 .debug_frame   0x00000828      0x12c .\CortexM3\ARM_GCC_541\Debug\cyfitter_cfg.o
 .debug_frame   0x00000954       0xb8 .\CortexM3\ARM_GCC_541\Debug\Cm3Start.o
 .debug_frame   0x00000a0c      0x738 .\CortexM3\ARM_GCC_541\Debug\AHU_1.a(CyLib.o)
 .debug_frame   0x00001144      0x1f8 .\CortexM3\ARM_GCC_541\Debug\AHU_1.a(cyPm.o)
 .debug_frame   0x0000133c      0x250 .\CortexM3\ARM_GCC_541\Debug\AHU_1.a(RS485.o)
 .debug_frame   0x0000158c       0xe0 .\CortexM3\ARM_GCC_541\Debug\AHU_1.a(RS485_IntClock.o)
 .debug_frame   0x0000166c      0x108 .\CortexM3\ARM_GCC_541\Debug\AHU_1.a(Timer.o)
 .debug_frame   0x00001774      0x104 .\CortexM3\ARM_GCC_541\Debug\AHU_1.a(Timer_Int.o)
 .debug_frame   0x00001878      0x1e8 .\CortexM3\ARM_GCC_541\Debug\AHU_1.a(SPIM.o)
 .debug_frame   0x00001a60       0xe0 .\CortexM3\ARM_GCC_541\Debug\AHU_1.a(SPIM_IntClock.o)
 .debug_frame   0x00001b40      0x284 .\CortexM3\ARM_GCC_541\Debug\AHU_1.a(ADC.o)
 .debug_frame   0x00001dc4       0x50 .\CortexM3\ARM_GCC_541\Debug\AHU_1.a(ADC_INT.o)
 .debug_frame   0x00001e14       0x64 .\CortexM3\ARM_GCC_541\Debug\AHU_1.a(ADC_AMux.o)
 .debug_frame   0x00001e78       0xe0 .\CortexM3\ARM_GCC_541\Debug\AHU_1.a(ADC_Ext_CP_Clk.o)
 .debug_frame   0x00001f58      0x100 .\CortexM3\ARM_GCC_541\Debug\AHU_1.a(ADC_theACLK.o)
 .debug_frame   0x00002058       0x64 .\CortexM3\ARM_GCC_541\Debug\AHU_1.a(AMux.o)
 .debug_frame   0x000020bc       0x50 .\CortexM3\ARM_GCC_541\Debug\AHU_1.a(MAX31865_CS.o)
 .debug_frame   0x0000210c       0x50 .\CortexM3\ARM_GCC_541\Debug\AHU_1.a(LED.o)
 .debug_frame   0x0000215c       0x50 .\CortexM3\ARM_GCC_541\Debug\AHU_1.a(Wire1.o)
 .debug_frame   0x000021ac      0x104 .\CortexM3\ARM_GCC_541\Debug\AHU_1.a(Wemos_Rx_Int.o)
 .debug_frame   0x000022b0       0x50 .\CortexM3\ARM_GCC_541\Debug\AHU_1.a(DINP.o)
 .debug_frame   0x00002300      0x250 .\CortexM3\ARM_GCC_541\Debug\AHU_1.a(Wemos.o)
 .debug_frame   0x00002550       0x50 .\CortexM3\ARM_GCC_541\Debug\AHU_1.a(RS485_En.o)
 .debug_frame   0x000025a0       0x50 .\CortexM3\ARM_GCC_541\Debug\AHU_1.a(DIP.o)
 .debug_frame   0x000025f0       0xe0 .\CortexM3\ARM_GCC_541\Debug\AHU_1.a(Wemos_IntClock.o)
 .debug_frame   0x000026d0      0x194 .\CortexM3\ARM_GCC_541\Debug\AHU_1.a(CyFlash.o)
 .debug_frame   0x00002864      0x180 .\CortexM3\ARM_GCC_541\Debug\AHU_1.a(CySpc.o)
 .debug_frame   0x000029e4       0x30 c:/program files (x86)/cypress/psoc creator/4.2/psoc creator/import/gnu/arm/5.4.1/bin/../lib/gcc/arm-none-eabi/5.4.1/../../../../arm-none-eabi/lib/armv7-m\libm.a(lib_a-s_round.o)
 .debug_frame   0x00002a14       0x3c c:/program files (x86)/cypress/psoc creator/4.2/psoc creator/import/gnu/arm/5.4.1/bin/../lib/gcc/arm-none-eabi/5.4.1/../../../../arm-none-eabi/lib/armv7-m\libm.a(lib_a-wf_sqrt.o)
 .debug_frame   0x00002a50       0x2c c:/program files (x86)/cypress/psoc creator/4.2/psoc creator/import/gnu/arm/5.4.1/bin/../lib/gcc/arm-none-eabi/5.4.1/../../../../arm-none-eabi/lib/armv7-m\libm.a(lib_a-ef_sqrt.o)
 .debug_frame   0x00002a7c       0x20 c:/program files (x86)/cypress/psoc creator/4.2/psoc creator/import/gnu/arm/5.4.1/bin/../lib/gcc/arm-none-eabi/5.4.1/../../../../arm-none-eabi/lib/armv7-m\libm.a(lib_a-s_matherr.o)
 .debug_frame   0x00002a9c       0x20 c:/program files (x86)/cypress/psoc creator/4.2/psoc creator/import/gnu/arm/5.4.1/bin/../lib/gcc/arm-none-eabi/5.4.1/../../../../arm-none-eabi/lib/armv7-m\libg_nano.a(lib_a-errno.o)
 .debug_frame   0x00002abc       0x28 c:/program files (x86)/cypress/psoc creator/4.2/psoc creator/import/gnu/arm/5.4.1/bin/../lib/gcc/arm-none-eabi/5.4.1/../../../../arm-none-eabi/lib/armv7-m\libg_nano.a(lib_a-exit.o)
 .debug_frame   0x00002ae4       0x2c c:/program files (x86)/cypress/psoc creator/4.2/psoc creator/import/gnu/arm/5.4.1/bin/../lib/gcc/arm-none-eabi/5.4.1/../../../../arm-none-eabi/lib/armv7-m\libg_nano.a(lib_a-init.o)
 .debug_frame   0x00002b10       0x30 c:/program files (x86)/cypress/psoc creator/4.2/psoc creator/import/gnu/arm/5.4.1/bin/../lib/gcc/arm-none-eabi/5.4.1/../../../../arm-none-eabi/lib/armv7-m\libg_nano.a(lib_a-malloc.o)
 .debug_frame   0x00002b40       0x28 c:/program files (x86)/cypress/psoc creator/4.2/psoc creator/import/gnu/arm/5.4.1/bin/../lib/gcc/arm-none-eabi/5.4.1/../../../../arm-none-eabi/lib/armv7-m\libg_nano.a(lib_a-memcpy-stub.o)
 .debug_frame   0x00002b68       0x20 c:/program files (x86)/cypress/psoc creator/4.2/psoc creator/import/gnu/arm/5.4.1/bin/../lib/gcc/arm-none-eabi/5.4.1/../../../../arm-none-eabi/lib/armv7-m\libg_nano.a(lib_a-memset.o)
 .debug_frame   0x00002b88       0x38 c:/program files (x86)/cypress/psoc creator/4.2/psoc creator/import/gnu/arm/5.4.1/bin/../lib/gcc/arm-none-eabi/5.4.1/../../../../arm-none-eabi/lib/armv7-m\libg_nano.a(lib_a-nano-freer.o)
 .debug_frame   0x00002bc0       0x2c c:/program files (x86)/cypress/psoc creator/4.2/psoc creator/import/gnu/arm/5.4.1/bin/../lib/gcc/arm-none-eabi/5.4.1/../../../../arm-none-eabi/lib/armv7-m\libg_nano.a(lib_a-nano-mallocr.o)
 .debug_frame   0x00002bec       0x8c c:/program files (x86)/cypress/psoc creator/4.2/psoc creator/import/gnu/arm/5.4.1/bin/../lib/gcc/arm-none-eabi/5.4.1/../../../../arm-none-eabi/lib/armv7-m\libg_nano.a(lib_a-nano-vfprintf_float.o)
 .debug_frame   0x00002c78       0x60 c:/program files (x86)/cypress/psoc creator/4.2/psoc creator/import/gnu/arm/5.4.1/bin/../lib/gcc/arm-none-eabi/5.4.1/../../../../arm-none-eabi/lib/armv7-m\libg_nano.a(lib_a-nano-vfprintf_i.o)
 .debug_frame   0x00002cd8       0x2c c:/program files (x86)/cypress/psoc creator/4.2/psoc creator/import/gnu/arm/5.4.1/bin/../lib/gcc/arm-none-eabi/5.4.1/../../../../arm-none-eabi/lib/armv7-m\libg_nano.a(lib_a-sbrkr.o)
 .debug_frame   0x00002d04       0x70 c:/program files (x86)/cypress/psoc creator/4.2/psoc creator/import/gnu/arm/5.4.1/bin/../lib/gcc/arm-none-eabi/5.4.1/../../../../arm-none-eabi/lib/armv7-m\libg_nano.a(lib_a-sprintf.o)
 .debug_frame   0x00002d74       0x6c c:/program files (x86)/cypress/psoc creator/4.2/psoc creator/import/gnu/arm/5.4.1/bin/../lib/gcc/arm-none-eabi/5.4.1/../../../../arm-none-eabi/lib/armv7-m\libg_nano.a(lib_a-dtoa.o)
 .debug_frame   0x00002de0       0x98 c:/program files (x86)/cypress/psoc creator/4.2/psoc creator/import/gnu/arm/5.4.1/bin/../lib/gcc/arm-none-eabi/5.4.1/../../../../arm-none-eabi/lib/armv7-m\libg_nano.a(lib_a-locale.o)
 .debug_frame   0x00002e78       0x28 c:/program files (x86)/cypress/psoc creator/4.2/psoc creator/import/gnu/arm/5.4.1/bin/../lib/gcc/arm-none-eabi/5.4.1/../../../../arm-none-eabi/lib/armv7-m\libg_nano.a(lib_a-memchr-stub.o)
 .debug_frame   0x00002ea0       0x30 c:/program files (x86)/cypress/psoc creator/4.2/psoc creator/import/gnu/arm/5.4.1/bin/../lib/gcc/arm-none-eabi/5.4.1/../../../../arm-none-eabi/lib/armv7-m\libg_nano.a(lib_a-mlock.o)
 .debug_frame   0x00002ed0      0x234 c:/program files (x86)/cypress/psoc creator/4.2/psoc creator/import/gnu/arm/5.4.1/bin/../lib/gcc/arm-none-eabi/5.4.1/../../../../arm-none-eabi/lib/armv7-m\libg_nano.a(lib_a-mprec.o)
 .debug_frame   0x00003104       0x2c c:/program files (x86)/cypress/psoc creator/4.2/psoc creator/import/gnu/arm/5.4.1/bin/../lib/gcc/arm-none-eabi/5.4.1/../../../../arm-none-eabi/lib/armv7-m\libg_nano.a(lib_a-nano-callocr.o)
 .debug_frame   0x00003130       0x90 c:/program files (x86)/cypress/psoc creator/4.2/psoc creator/import/gnu/arm/5.4.1/bin/../lib/gcc/arm-none-eabi/5.4.1/../../../../arm-none-eabi/lib/armv7-m\libg_nano.a(lib_a-nano-svfprintf.o)
 .debug_frame   0x000031c0       0x5c c:/program files (x86)/cypress/psoc creator/4.2/psoc creator/import/gnu/arm/5.4.1/bin/../lib/gcc/arm-none-eabi/5.4.1/../../../../arm-none-eabi/lib/armv7-m\libg_nano.a(lib_a-reent.o)
 .debug_frame   0x0000321c       0x20 c:/program files (x86)/cypress/psoc creator/4.2/psoc creator/import/gnu/arm/5.4.1/bin/../lib/gcc/arm-none-eabi/5.4.1/../../../../arm-none-eabi/lib/armv7-m\libg_nano.a(lib_a-strcmp.o)
 .debug_frame   0x0000323c       0x28 c:/program files (x86)/cypress/psoc creator/4.2/psoc creator/import/gnu/arm/5.4.1/bin/../lib/gcc/arm-none-eabi/5.4.1/../../../../arm-none-eabi/lib/armv7-m\libg_nano.a(lib_a-memmove.o)
 .debug_frame   0x00003264       0x3c c:/program files (x86)/cypress/psoc creator/4.2/psoc creator/import/gnu/arm/5.4.1/bin/../lib/gcc/arm-none-eabi/5.4.1/../../../../arm-none-eabi/lib/armv7-m\libg_nano.a(lib_a-nano-reallocr.o)
 .debug_frame   0x000032a0       0x20 c:/program files (x86)/cypress/psoc creator/4.2/psoc creator/import/gnu/arm/5.4.1/bin/../lib/gcc/arm-none-eabi/5.4.1/../../../../arm-none-eabi/lib/armv7-m\libg_nano.a(lib_a-nano-msizer.o)

.debug_str      0x00000000     0x3c14
 *(.debug_str)
 .debug_str     0x00000000      0x5e9 .\CortexM3\ARM_GCC_541\Debug\main.o
                                0x6a3 (size before relaxing)
 .debug_str     0x000005e9      0x14e .\CortexM3\ARM_GCC_541\Debug\max31865.o
                                0x3a9 (size before relaxing)
 .debug_str     0x00000737      0x4fe .\CortexM3\ARM_GCC_541\Debug\ModbusRtu.o
                                0x7b4 (size before relaxing)
 .debug_str     0x00000c35      0x1ee .\CortexM3\ARM_GCC_541\Debug\ds18b20.o
                                0x440 (size before relaxing)
 .debug_str     0x00000e23      0x1ad .\CortexM3\ARM_GCC_541\Debug\one_wire.o
                                0x406 (size before relaxing)
 .debug_str     0x00000fd0      0x6e8 .\CortexM3\ARM_GCC_541\Debug\cyfitter_cfg.o
                                0x898 (size before relaxing)
 .debug_str     0x000016b8       0x63 .\CortexM3\ARM_GCC_541\Debug\cymetadata.o
                                0x1b2 (size before relaxing)
 .debug_str     0x0000171b      0x13f .\CortexM3\ARM_GCC_541\Debug\Cm3Start.o
                                0x2ea (size before relaxing)
 .debug_str     0x0000185a      0x829 .\CortexM3\ARM_GCC_541\Debug\AHU_1.a(CyLib.o)
                                0xa27 (size before relaxing)
 .debug_str     0x00002083      0x365 .\CortexM3\ARM_GCC_541\Debug\AHU_1.a(cyPm.o)
                                0x713 (size before relaxing)
 .debug_str     0x000023e8      0x262 .\CortexM3\ARM_GCC_541\Debug\AHU_1.a(RS485.o)
                                0x474 (size before relaxing)
 .debug_str     0x0000264a      0x18d .\CortexM3\ARM_GCC_541\Debug\AHU_1.a(RS485_IntClock.o)
                                0x322 (size before relaxing)
 .debug_str     0x000027d7      0x14e .\CortexM3\ARM_GCC_541\Debug\AHU_1.a(Timer.o)
                                0x2d5 (size before relaxing)
 .debug_str     0x00002925       0xe3 .\CortexM3\ARM_GCC_541\Debug\AHU_1.a(Timer_Int.o)
                                0x2be (size before relaxing)
 .debug_str     0x00002a08      0x1d3 .\CortexM3\ARM_GCC_541\Debug\AHU_1.a(SPIM.o)
                                0x3ec (size before relaxing)
 .debug_str     0x00002bdb      0x138 .\CortexM3\ARM_GCC_541\Debug\AHU_1.a(SPIM_IntClock.o)
                                0x316 (size before relaxing)
 .debug_str     0x00002d13      0x33d .\CortexM3\ARM_GCC_541\Debug\AHU_1.a(ADC.o)
                                0x5a9 (size before relaxing)
 .debug_str     0x00003050       0x45 .\CortexM3\ARM_GCC_541\Debug\AHU_1.a(ADC_INT.o)
                                0x1a0 (size before relaxing)
 .debug_str     0x00003095       0x5f .\CortexM3\ARM_GCC_541\Debug\AHU_1.a(ADC_AMux.o)
                                0x1df (size before relaxing)
 .debug_str     0x000030f4      0x12a .\CortexM3\ARM_GCC_541\Debug\AHU_1.a(ADC_Ext_CP_Clk.o)
                                0x322 (size before relaxing)
 .debug_str     0x0000321e      0x14f .\CortexM3\ARM_GCC_541\Debug\AHU_1.a(ADC_theACLK.o)
                                0x341 (size before relaxing)
 .debug_str     0x0000336d       0x1e .\CortexM3\ARM_GCC_541\Debug\AHU_1.a(AMux.o)
                                0x1c3 (size before relaxing)
 .debug_str     0x0000338b       0x72 .\CortexM3\ARM_GCC_541\Debug\AHU_1.a(MAX31865_CS.o)
                                0x1e0 (size before relaxing)
 .debug_str     0x000033fd       0x47 .\CortexM3\ARM_GCC_541\Debug\AHU_1.a(LED.o)
                                0x1b8 (size before relaxing)
 .debug_str     0x00003444       0x44 .\CortexM3\ARM_GCC_541\Debug\AHU_1.a(Wire1.o)
                                0x1c2 (size before relaxing)
 .debug_str     0x00003488      0x11e .\CortexM3\ARM_GCC_541\Debug\AHU_1.a(Wemos_Rx_Int.o)
                                0x2e8 (size before relaxing)
 .debug_str     0x000035a6       0x4c .\CortexM3\ARM_GCC_541\Debug\AHU_1.a(DINP.o)
                                0x1bd (size before relaxing)